#------------------------------------------------------------------------------
# irace: An implementation in R of (Elitist) Iterated Racing
# Version: 4.4.3.dd8d85f
# Copyright (C) 2010-2025
# Manuel Lopez-Ibanez     <manuel.lopez-ibanez@manchester.ac.uk>
# Jeremie Dubois-Lacoste
# Leslie Perez Caceres    <leslie.perez.caceres@ulb.ac.be>
#
# This is free software, and you are welcome to redistribute it under certain
# conditions.  See the GNU General Public License for details. There is NO
# WARRANTY; not even for MERCHANTABILITY or FITNESS FOR A PARTICULAR PURPOSE.
#
# irace builds upon previous code from the race package:
#     race: Racing methods for the selection of the best
#     Copyright (C) 2003 Mauro Birattari
#------------------------------------------------------------------------------
# installed at: /usr/local/lib/R/site-library/irace
# called with: --scenario mhaco-scenario.txt
# 2026-08-08 20:09:35 UTC: Reading parameter file '/home/luishpmendes/motsp_irace/irace/mhaco-parameters.txt'.
# 2026-08-08 20:09:35 UTC: Initialization
# Elitist race
# Elitist new instances: 1
# Elitist limit: 2
# nbIterations: 4
# minNbSurvival: 4
# nbParameters: 6
# seed: 2061112858
# confidence level: 0.95
# budget: 2500
# mu: 5
# deterministic: FALSE

# 2026-08-08 20:09:35 UTC: Iteration 1 of 4
# experimentsUsed: 0
# remainingBudget: 2500
# currentBudget: 625
# nbConfigurations: 104
# Markers:
     x No test is performed.
     c Configurations are discarded only due to capping.
     - The test is performed and some configurations are discarded.
     = The test is performed but no configuration is discarded.
     ! The test is performed and configurations could be discarded but elite configurations are preserved.
     . Alive configurations were already evaluated on this instance and nothing is discarded.
     : All alive configurations are elite, but some need to be evaluated on this instance.

+-+-----------+-----------+-----------+----------------+-----------+--------+-----+----+------+
| |   Instance|      Alive|       Best|       Mean best| Exp so far|  W time|  rho|KenW|  Qvar|
+-+-----------+-----------+-----------+----------------+-----------+--------+-----+----+------+
|x|          1|        104|         21|-2.648690000e+18|        104|08:40:20|   NA|  NA|    NA|
|x|          2|        104|         42|-1.407825500e+18|        208|08:40:07|+0.12|0.56|0.4121|
|x|          3|        104|         16|-7.865346999e+17|        312|08:40:05|+0.26|0.50|0.6007|
|x|          4|        104|         42|-1.906340007e+26|        416|08:45:09|+0.21|0.41|0.6173|
|-|          5|         21|         42|-1.530633946e+26|        520|08:40:28|+0.05|0.24|0.8724|
|-|          6|          7|         42|-1.275528288e+26|        541|01:45:01|+0.04|0.20|0.8146|
|=|          7|          7|         42|-1.093309961e+26|        548|00:35:00|+0.12|0.24|0.7557|
|-|          8|          3|         42|-9.566462197e+25|        555|00:35:01|+0.14|0.25|0.5974|
+-+-----------+-----------+-----------+----------------+-----------+--------+-----+----+------+
Best-so-far configuration:          42    mean value: -9.566462197e+25
Description of the best-so-far configuration:
   .ID. population_size_factor ker    q threshold n_gen_mark focus .PARENT.
42   42                    110   5 1.49        31         32  7.72       NA

# 2026-08-10 18:30:51 UTC: Elite configurations (first number is the configuration ID; listed from best to worst according to the sum of ranks):
   population_size_factor ker    q threshold n_gen_mark focus
42                    110   5 1.49        31         32  7.72
16                     33   7 0.59        51         72  9.12
65                     70   5 0.45        72         46  7.33
# 2026-08-10 18:30:51 UTC: Iteration 2 of 4
# experimentsUsed: 555
# remainingBudget: 1945
# currentBudget: 648
# nbConfigurations: 74
# Markers:
     x No test is performed.
     c Configurations are discarded only due to capping.
     - The test is performed and some configurations are discarded.
     = The test is performed but no configuration is discarded.
     ! The test is performed and configurations could be discarded but elite configurations are preserved.
     . Alive configurations were already evaluated on this instance and nothing is discarded.
     : All alive configurations are elite, but some need to be evaluated on this instance.

+-+-----------+-----------+-----------+----------------+-----------+--------+-----+----+------+
| |   Instance|      Alive|       Best|       Mean best| Exp so far|  W time|  rho|KenW|  Qvar|
+-+-----------+-----------+-----------+----------------+-----------+--------+-----+----+------+
|x|          9|         74|        111|-2.949400000e+24|         74|06:10:20|   NA|  NA|    NA|
|x|          7|         74|        111|-1.474700000e+24|        145|05:55:03|+0.37|0.68|0.4889|
|x|          3|         74|         65|-9.259066667e+23|        216|05:55:03|+0.43|0.62|0.4425|
|x|          8|         74|        134|-6.922931771e+23|        287|05:55:14|+0.44|0.58|0.4852|
|-|          2|         18|        134|-5.538345792e+23|        358|05:55:05|+0.10|0.28|0.7820|
|-|          5|          9|        134|-9.363438160e+23|        373|01:15:04|+0.06|0.22|0.8310|
|=|          1|          9|        134|-8.025808047e+23|        379|00:30:01|+0.04|0.18|0.8192|
|=|          4|          9|        111|-9.552866566e+25|        385|00:30:19|+0.02|0.14|0.8795|
|=|          6|          9|        134|-8.450834065e+25|        391|00:30:00|+0.03|0.14|0.8690|
|=|         10|          9|        134|-1.514788066e+26|        400|00:45:30|+0.04|0.14|0.8670|
+-+-----------+-----------+-----------+----------------+-----------+--------+-----+----+------+
Best-so-far configuration:         134    mean value: -1.514788066e+26
Description of the best-so-far configuration:
    .ID. population_size_factor ker    q threshold n_gen_mark focus .PARENT.
134  134                     49   5 1.26        20         42  6.91       65

# 2026-08-12 03:52:36 UTC: Elite configurations (first number is the configuration ID; listed from best to worst according to the sum of ranks):
    population_size_factor ker    q threshold n_gen_mark focus
134                     49   5 1.26        20         42  6.91
42                     110   5 1.49        31         32  7.72
111                     32   5 0.29        58         97  6.12
16                      33   7 0.59        51         72  9.12
# 2026-08-12 03:52:36 UTC: Iteration 3 of 4
# experimentsUsed: 955
# remainingBudget: 1545
# currentBudget: 772
# nbConfigurations: 73
# Markers:
     x No test is performed.
     c Configurations are discarded only due to capping.
     - The test is performed and some configurations are discarded.
     = The test is performed but no configuration is discarded.
     ! The test is performed and configurations could be discarded but elite configurations are preserved.
     . Alive configurations were already evaluated on this instance and nothing is discarded.
     : All alive configurations are elite, but some need to be evaluated on this instance.

+-+-----------+-----------+-----------+----------------+-----------+--------+-----+----+------+
| |   Instance|      Alive|       Best|       Mean best| Exp so far|  W time|  rho|KenW|  Qvar|
+-+-----------+-----------+-----------+----------------+-----------+--------+-----+----+------+
|x|         11|         73|        226|-2.773570000e+18|         73|06:05:14|   NA|  NA|    NA|
|x|          4|         73|        223|-3.830320013e+26|        142|05:48:42|+0.10|0.55|0.7856|
|x|          2|         73|        111|-2.527860009e+26|        211|05:45:05|+0.26|0.51|0.6177|
|x|         10|         73|        241|-3.819097506e+26|        280|05:48:43|+0.23|0.42|0.5746|
|-|          5|         38|        233|-3.035099986e+26|        349|05:45:19|-0.11|0.11|1.0555|
|=|          9|         38|        233|-2.534351455e+26|        383|02:50:09|-0.04|0.13|0.9786|
|=|          8|         38|        233|-2.172301251e+26|        417|02:50:06|+0.01|0.15|0.9460|
|=|          7|         38|        233|-1.900763595e+26|        451|02:50:02|+0.03|0.15|0.9194|
|=|          6|         38|        233|-1.689567640e+26|        485|02:50:02|+0.03|0.14|0.8940|
|-|          1|         17|        233|-1.520610878e+26|        519|02:50:07|+0.00|0.10|0.9194|
|=|          3|         17|        233|-1.382373526e+26|        532|01:05:00|+0.01|0.10|0.9043|
|=|         12|         17|        233|-1.267175732e+26|        549|01:25:01|+0.03|0.11|0.8849|
+-+-----------+-----------+-----------+----------------+-----------+--------+-----+----+------+
Best-so-far configuration:         233    mean value: -1.267175732e+26
Description of the best-so-far configuration:
    .ID. population_size_factor ker    q threshold n_gen_mark focus .PARENT.
233  233                     65   5 1.95        12         52  9.55      134

# 2026-08-14 01:46:12 UTC: Elite configurations (first number is the configuration ID; listed from best to worst according to the sum of ranks):
    population_size_factor ker    q threshold n_gen_mark focus
233                     65   5 1.95        12         52  9.55
134                     49   5 1.26        20         42  6.91
230                     65   5 1.40        32         46  6.79
184                     60   7 1.09        18         49  7.51
# 2026-08-14 01:46:12 UTC: Iteration 4 of 4
# experimentsUsed: 1504
# remainingBudget: 996
# currentBudget: 996
# nbConfigurations: 80
# Markers:
     x No test is performed.
     c Configurations are discarded only due to capping.
     - The test is performed and some configurations are discarded.
     = The test is performed but no configuration is discarded.
     ! The test is performed and configurations could be discarded but elite configurations are preserved.
     . Alive configurations were already evaluated on this instance and nothing is discarded.
     : All alive configurations are elite, but some need to be evaluated on this instance.

+-+-----------+-----------+-----------+----------------+-----------+--------+-----+----+------+
| |   Instance|      Alive|       Best|       Mean best| Exp so far|  W time|  rho|KenW|  Qvar|
+-+-----------+-----------+-----------+----------------+-----------+--------+-----+----+------+
|x|         13|         80|        310|-3.564590000e+24|         80|06:40:21|   NA|  NA|    NA|
|x|          5|         80|        267|-3.125590000e+24|        156|06:20:20|+0.39|0.69|0.7321|
|x|          3|         80|        267|-2.083726667e+24|        232|06:20:04|+0.44|0.63|0.5524|
|x|         10|         80|        267|-1.909300450e+26|        308|06:24:07|+0.41|0.55|0.4439|
|-|          8|         24|        267|-1.527440365e+26|        384|06:20:15|-0.12|0.10|1.0680|
|=|         11|         24|        267|-1.272866975e+26|        404|01:40:03|-0.09|0.09|1.0461|
|=|          2|         24|        134|-1.085528565e+26|        424|01:40:01|-0.07|0.09|1.0046|
|=|          9|         24|        315|-9.584764571e+25|        444|01:40:05|-0.04|0.09|0.9795|
|=|          7|         24|        134|-8.473768507e+25|        464|01:40:01|-0.02|0.09|0.9449|
|=|          6|         24|        134|-7.626391658e+25|        484|01:40:01|+0.01|0.11|0.8996|
|=|          4|         24|        315|-1.386302878e+26|        504|01:41:09|+0.01|0.10|0.9057|
|=|          1|         24|        315|-1.270777640e+26|        524|01:40:04|+0.01|0.10|0.9016|
|=|         12|         24|        134|-1.167381668e+26|        544|01:40:01|+0.03|0.11|0.8895|
|=|         14|         24|        230|-1.088190920e+26|        568|02:00:01|+0.03|0.10|0.8806|
+-+-----------+-----------+-----------+----------------+-----------+--------+-----+----+------+
Best-so-far configuration:         230    mean value: -1.088190920e+26
Description of the best-so-far configuration:
    .ID. population_size_factor ker   q threshold n_gen_mark focus .PARENT.
230  230                     65   5 1.4        32         46  6.79      134

# 2026-08-16 01:12:52 UTC: Elite configurations (first number is the configuration ID; listed from best to worst according to the sum of ranks):
    population_size_factor ker    q threshold n_gen_mark focus
230                     65   5 1.40        32         46  6.79
134                     49   5 1.26        20         42  6.91
267                     45   6 1.21        19         52  6.45
315                     67   6 1.98         4         52  9.40
# 2026-08-16 01:12:52 UTC: Iteration 5 of 5
# experimentsUsed: 2072
# remainingBudget: 428
# currentBudget: 428
# nbConfigurations: 32
# Markers:
     x No test is performed.
     c Configurations are discarded only due to capping.
     - The test is performed and some configurations are discarded.
     = The test is performed but no configuration is discarded.
     ! The test is performed and configurations could be discarded but elite configurations are preserved.
     . Alive configurations were already evaluated on this instance and nothing is discarded.
     : All alive configurations are elite, but some need to be evaluated on this instance.

+-+-----------+-----------+-----------+----------------+-----------+--------+-----+----+------+
| |   Instance|      Alive|       Best|       Mean best| Exp so far|  W time|  rho|KenW|  Qvar|
+-+-----------+-----------+-----------+----------------+-----------+--------+-----+----+------+
|x|         15|         32|        325|-7.633300000e+26|         32|02:41:43|   NA|  NA|    NA|
|x|          4|         32|        342|-7.613525000e+26|         60|02:21:28|+0.15|0.57|0.0708|
|x|          1|         32|        267|-5.055903342e+26|         88|02:20:05|+0.27|0.51|0.3622|
|x|          8|         32|        267|-3.791927514e+26|        116|02:20:05|+0.37|0.53|0.4239|
|-|          9|         18|        315|-3.033594111e+26|        144|02:20:07|-0.06|0.15|1.0153|
|=|          5|         18|        267|-2.538264642e+26|        158|01:10:03|-0.03|0.14|0.9922|
|=|         14|         18|        267|-2.175655408e+26|        172|01:10:00|-0.01|0.13|0.9804|
|=|          6|         18|        267|-1.903698482e+26|        186|01:10:01|+0.02|0.14|0.9335|
|=|          7|         18|        338|-1.685009095e+26|        200|01:10:00|+0.05|0.16|0.8904|
|-|          3|         14|        267|-1.522958786e+26|        214|01:10:00|+0.00|0.10|0.9363|
|=|         13|         14|        267|-1.387092114e+26|        224|00:50:02|+0.02|0.11|0.9246|
|=|         11|         14|        230|-1.269797740e+26|        234|00:50:01|+0.02|0.10|0.9249|
|=|          2|         14|        134|-1.172140899e+26|        244|00:50:00|+0.00|0.08|0.9311|
|=|         10|         14|        230|-1.629548063e+26|        254|00:50:31|-0.01|0.06|0.9366|
|=|         12|         14|        230|-1.520911525e+26|        264|00:50:00|+0.00|0.07|0.9230|
|=|         16|         14|        230|-1.425854555e+26|        278|01:10:00|+0.01|0.07|0.9177|
+-+-----------+-----------+-----------+----------------+-----------+--------+-----+----+------+
Best-so-far configuration:         230    mean value: -1.425854555e+26
Description of the best-so-far configuration:
    .ID. population_size_factor ker   q threshold n_gen_mark focus .PARENT.
230  230                     65   5 1.4        32         46  6.79      134

# 2026-08-17 00:27:07 UTC: Elite configurations (first number is the configuration ID; listed from best to worst according to the sum of ranks):
    population_size_factor ker    q threshold n_gen_mark focus
230                     65   5 1.40        32         46  6.79
267                     45   6 1.21        19         52  6.45
134                     49   5 1.26        20         42  6.91
328                     77   5 1.88        10         58  9.98
# 2026-08-17 00:27:07 UTC: Iteration 6 of 6
# experimentsUsed: 2350
# remainingBudget: 150
# currentBudget: 150
# nbConfigurations: 12
# Markers:
     x No test is performed.
     c Configurations are discarded only due to capping.
     - The test is performed and some configurations are discarded.
     = The test is performed but no configuration is discarded.
     ! The test is performed and configurations could be discarded but elite configurations are preserved.
     . Alive configurations were already evaluated on this instance and nothing is discarded.
     : All alive configurations are elite, but some need to be evaluated on this instance.

+-+-----------+-----------+-----------+----------------+-----------+--------+-----+----+------+
| |   Instance|      Alive|       Best|       Mean best| Exp so far|  W time|  rho|KenW|  Qvar|
+-+-----------+-----------+-----------+----------------+-----------+--------+-----+----+------+
|x|         17|         12|        230|-7.640880000e+26|         12|01:00:36|   NA|  NA|    NA|
|x|         11|         12|        230|-3.820440014e+26|         20|00:40:01|-0.27|0.37|1.2389|
|x|         13|         12|        230|-2.556152109e+26|         28|00:40:02|-0.01|0.32|0.9025|
|x|          7|         12|        230|-1.917114082e+26|         36|00:40:00|+0.07|0.31|0.8054|
|=|         12|         12|        230|-1.533691266e+26|         44|00:40:00|+0.15|0.32|0.7310|
|=|         15|         12|        230|-2.541242722e+26|         52|00:40:24|+0.15|0.29|0.7754|
|-|         14|          7|        230|-2.178208047e+26|         60|00:40:00|-0.04|0.10|0.8848|
|=|          5|          7|        230|-1.909473729e+26|         63|00:15:00|-0.04|0.09|0.9028|
|=|         10|          7|        230|-2.539098870e+26|         66|00:15:09|-0.03|0.08|0.8988|
|=|          4|          7|        230|-3.042461983e+26|         69|00:15:10|-0.06|0.05|0.9095|
|=|          2|          7|        230|-2.765874530e+26|         72|00:15:00|-0.07|0.03|0.9191|
|=|          6|          7|        230|-2.535384986e+26|         75|00:15:00|-0.05|0.03|0.9084|
|=|         16|          7|        230|-2.340355372e+26|         78|00:15:00|-0.06|0.02|0.9074|
|=|          3|          7|        230|-2.173187131e+26|         81|00:15:00|-0.04|0.03|0.8974|
|=|          9|          7|        230|-2.030303522e+26|         84|00:15:00|-0.04|0.03|0.8944|
|=|          1|          7|        230|-1.903409554e+26|         87|00:15:00|-0.04|0.02|0.8897|
|=|          8|          7|        230|-1.791444287e+26|         90|00:15:00|-0.04|0.02|0.8889|
|=|         18|          7|        230|-1.691919605e+26|         97|00:35:00|-0.03|0.03|0.8851|
+-+-----------+-----------+-----------+----------------+-----------+--------+-----+----+------+
Best-so-far configuration:         230    mean value: -1.691919605e+26
Description of the best-so-far configuration:
    .ID. population_size_factor ker   q threshold n_gen_mark focus .PARENT.
230  230                     65   5 1.4        32         46  6.79      134

# 2026-08-17 08:33:37 UTC: Elite configurations (first number is the configuration ID; listed from best to worst according to the sum of ranks):
    population_size_factor ker    q threshold n_gen_mark focus
230                     65   5 1.40        32         46  6.79
267                     45   6 1.21        19         52  6.45
350                     44   6 1.16        23         48  6.55
134                     49   5 1.26        20         42  6.91
# 2026-08-17 08:33:37 UTC: Iteration 7 of 7
# experimentsUsed: 2447
# remainingBudget: 53
# currentBudget: 53
# nbConfigurations: 6
# Markers:
     x No test is performed.
     c Configurations are discarded only due to capping.
     - The test is performed and some configurations are discarded.
     = The test is performed but no configuration is discarded.
     ! The test is performed and configurations could be discarded but elite configurations are preserved.
     . Alive configurations were already evaluated on this instance and nothing is discarded.
     : All alive configurations are elite, but some need to be evaluated on this instance.

+-+-----------+-----------+-----------+----------------+-----------+--------+-----+----+------+
| |   Instance|      Alive|       Best|       Mean best| Exp so far|  W time|  rho|KenW|  Qvar|
+-+-----------+-----------+-----------+----------------+-----------+--------+-----+----+------+
|x|         19|          6|        134|-2.773230000e+18|          6|00:30:01|   NA|  NA|    NA|
|x|          3|          6|        134|-1.386615048e+18|          8|00:10:00|+0.26|0.63|0.5559|
|x|          4|          6|        230|-2.524243342e+26|         10|00:10:06|-0.05|0.30|0.8273|
|x|          9|          6|        230|-1.900665757e+26|         12|00:10:00|+0.22|0.41|0.6428|
|=|          7|          6|        230|-1.520532605e+26|         14|00:10:00|+0.18|0.35|0.7068|
|=|          1|          6|        230|-1.267110509e+26|         16|00:10:00|+0.16|0.30|0.6870|
|-|          2|          5|        134|-1.082465965e+26|         18|00:10:00|-0.06|0.09|0.8115|
|=|         17|          5|        230|-1.905442882e+26|         19|00:05:03|-0.05|0.08|0.8150|
|=|         14|          5|        230|-1.693727006e+26|         20|00:05:00|-0.03|0.08|0.7811|
|=|         13|          5|        230|-1.527111935e+26|         21|00:05:00|-0.07|0.04|0.8040|
|=|         10|          5|        230|-2.077019941e+26|         22|00:05:03|-0.04|0.05|0.7773|
|=|          6|          5|        230|-1.903934946e+26|         23|00:05:00|-0.01|0.07|0.7448|
|=|         18|          5|        230|-1.757478412e+26|         24|00:05:00|+0.01|0.08|0.7318|
|=|          8|          5|        230|-1.631944241e+26|         25|00:05:00|-0.01|0.06|0.7452|
|=|         12|          5|        230|-1.523147959e+26|         26|00:05:00|+0.02|0.09|0.7160|
|=|         11|          5|        230|-1.427951213e+26|         27|00:05:00|+0.03|0.09|0.7142|
|=|         16|          5|        230|-1.343954083e+26|         28|00:05:00|+0.02|0.08|0.7317|
|=|          5|          5|        230|-1.270864050e+26|         29|00:05:00|+0.03|0.08|0.7319|
|=|         15|          5|        230|-1.602871206e+26|         30|00:05:03|+0.02|0.08|0.7369|
|=|         20|          5|        230|-1.524116070e+26|         35|00:25:01|+0.02|0.07|0.7431|
+-+-----------+-----------+-----------+----------------+-----------+--------+-----+----+------+
Best-so-far configuration:         230    mean value: -1.524116070e+26
Description of the best-so-far configuration:
    .ID. population_size_factor ker   q threshold n_gen_mark focus .PARENT.
230  230                     65   5 1.4        32         46  6.79      134

# 2026-08-17 11:28:59 UTC: Elite configurations (first number is the configuration ID; listed from best to worst according to the sum of ranks):
    population_size_factor ker    q threshold n_gen_mark focus
230                     65   5 1.40        32         46  6.79
350                     44   6 1.16        23         48  6.55
267                     45   6 1.21        19         52  6.45
134                     49   5 1.26        20         42  6.91
# 2026-08-17 11:28:59 UTC: Stopped because there is not enough budget left to race more than the minimum (4).
# You may either increase the budget or set 'minNbSurvival' to a lower value.
# Iteration: 8
# nbIterations: 8
# experimentsUsed: 2482
# timeUsed: 0
# remainingBudget: 18
# currentBudget: 18
# number of elites: 4
# nbConfigurations: 4
# Total CPU user time: 745773.5, CPU sys time: 577.651, Wall-clock time: 746363.5
# 2026-08-17 11:28:59 UTC: Starting post-selection:
# Configurations selected: 230, 350, 267, 134, 328, 315.
# Pending instances: 1, 1, 1, 1, 3, 5.
# 2026-08-17 11:28:59 UTC: seed: 2061112858
# Configurations: 6
# Available experiments: 18
# minSurvival: 1
# Markers:
     x No test is performed.
     c Configurations are discarded only due to capping.
     - The test is performed and some configurations are discarded.
     = The test is performed but no configuration is discarded.
     ! The test is performed and configurations could be discarded but elite configurations are preserved.
     . Alive configurations were already evaluated on this instance and nothing is discarded.
     : All alive configurations are elite, but some need to be evaluated on this instance.

+-+-----------+-----------+-----------+----------------+-----------+--------+-----+----+------+
| |   Instance|      Alive|       Best|       Mean best| Exp so far|  W time|  rho|KenW|  Qvar|
+-+-----------+-----------+-----------+----------------+-----------+--------+-----+----+------+
|.|          7|          6|        134|-9.943030000e+10|          0|00:00:00|   NA|  NA|    NA|
|x|         20|          6|        328|-1.396465000e+24|          2|00:10:00|-0.09|0.46|0.8224|
|.|          9|          6|        328|-1.867170000e+24|          2|00:00:00|-0.18|0.21|1.0831|
|.|          2|          6|        328|-1.400377545e+24|          2|00:00:00|-0.11|0.16|0.9841|
|.|         12|          6|        328|-1.120302072e+24|          2|00:00:00|-0.13|0.09|0.9731|
|.|         14|          6|        328|-9.335850601e+23|          2|00:00:00|-0.02|0.15|0.9164|
|.|         13|          6|        328|-1.191298623e+24|          2|00:00:00|-0.07|0.08|0.8768|
|.|          1|          6|        328|-1.042386629e+24|          2|00:00:00|-0.06|0.07|0.8589|
|.|         16|          6|        328|-9.265658923e+23|          2|00:00:00|-0.05|0.07|0.8484|
|.|         10|          6|        328|-7.789320930e+25|          2|00:00:00|-0.02|0.08|0.8433|
|.|         11|          6|        328|-7.081200870e+25|          2|00:00:00|-0.03|0.06|0.8368|
|.|          5|          6|        328|-6.514200547e+25|          2|00:00:00|-0.03|0.05|0.8306|
|.|         15|          6|        328|-1.184250051e+26|          2|00:00:00|-0.04|0.04|0.8506|
|x|         17|          6|        230|-1.636399383e+26|          3|00:05:03|-0.01|0.06|0.8376|
|.|          4|          6|        230|-2.032154757e+26|          3|00:00:00|-0.03|0.04|0.8527|
|.|          6|          6|        230|-1.905145085e+26|          3|00:00:00|-0.02|0.04|0.8547|
|x|         18|          6|        230|-1.793077727e+26|          4|00:05:00|-0.01|0.05|0.8460|
|.|          3|          6|        230|-1.693462298e+26|          4|00:00:00|+0.00|0.06|0.8523|
|x|         19|          6|        230|-1.604332705e+26|          6|00:10:00|+0.00|0.06|0.8505|
|.|          8|          6|        230|-1.524116070e+26|          6|00:00:00|-0.02|0.03|0.8552|
|=|         21|          6|        350|-1.448321686e+26|         12|00:30:01|-0.01|0.04|0.8454|
|=|         22|          6|        350|-1.382488883e+26|         18|00:30:00|-0.02|0.03|0.8497|
+-+-----------+-----------+-----------+----------------+-----------+--------+-----+----+------+
Best-so-far configuration:         350    mean value: -1.382488883e+26
Description of the best-so-far configuration:
    .ID. population_size_factor ker    q threshold n_gen_mark focus .PARENT.
350  350                     44   6 1.16        23         48  6.55      267

# 2026-08-17 12:59:06 UTC: Elite configurations (first number is the configuration ID; listed from best to worst according to the sum of ranks):
    population_size_factor ker    q threshold n_gen_mark focus
350                     44   6 1.16        23         48  6.55
230                     65   5 1.40        32         46  6.79
267                     45   6 1.21        19         52  6.45
328                     77   5 1.88        10         58  9.98
# Total CPU user time: 751177.9, CPU sys time: 579.744, Wall-clock time: 751770.1
# Best configurations (first number is the configuration ID; listed from best to worst according to the sum of ranks):
    population_size_factor ker    q threshold n_gen_mark focus
350                     44   6 1.16        23         48  6.55
230                     65   5 1.40        32         46  6.79
267                     45   6 1.21        19         52  6.45
328                     77   5 1.88        10         58  9.98
# Best configurations as commandlines (first number is the configuration ID; listed from best to worst according to the sum of ranks):
350 --population-size-factor 44 --ker 6 --q 1.16 --threshold 23 --n-gen-mark 48 --focus 6.55
230 --population-size-factor 65 --ker 5 --q 1.4 --threshold 32 --n-gen-mark 46 --focus 6.79
267 --population-size-factor 45 --ker 6 --q 1.21 --threshold 19 --n-gen-mark 52 --focus 6.45
328 --population-size-factor 77 --ker 5 --q 1.88 --threshold 10 --n-gen-mark 58 --focus 9.98


# Testing of elite configurations: 1 
# Testing iteration configurations: FALSE 
# 2026-08-17 12:59:06 UTC: No test instances, skip testing
