#------------------------------------------------------------------------------
# irace: An implementation in R of (Elitist) Iterated Racing
# Version: 4.4.3.dd8d85f
# Copyright (C) 2010-2025
# Manuel Lopez-Ibanez     <manuel.lopez-ibanez@manchester.ac.uk>
# Jeremie Dubois-Lacoste
# Leslie Perez Caceres    <leslie.perez.caceres@ulb.ac.be>
#
# This is free software, and you are welcome to redistribute it under certain
# conditions.  See the GNU General Public License for details. There is NO
# WARRANTY; not even for MERCHANTABILITY or FITNESS FOR A PARTICULAR PURPOSE.
#
# irace builds upon previous code from the race package:
#     race: Racing methods for the selection of the best
#     Copyright (C) 2003 Mauro Birattari
#------------------------------------------------------------------------------
# installed at: /home/luispmendes/R/library/irace
# called with: --scenario moead-scenario.txt
# 2026-05-27 00:59:18 UTC: Reading parameter file '/home/luispmendes/motsp_irace/irace/moead-parameters.txt'.
# 2026-05-27 00:59:18 UTC: Estimating execution time using 5% of 2160000 = 108000
# 2026-05-28 05:47:35 UTC: Estimated execution time is 901 based on 23 configurations and 5 instances. Used time: 103602, remaining time: 2056398, remaining budget (experiments): 2282
# 2026-05-28 05:47:35 UTC: Initialization
# Elitist race
# Elitist new instances: 1
# Elitist limit: 2
# nbIterations: 5
# minNbSurvival: 5
# nbParameters: 9
# seed: 416710840
# confidence level: 0.95
# budget: 2282
# time budget: 2056398
# mu: 5
# deterministic: FALSE

# 2026-05-28 05:47:35 UTC: Iteration 1 of 5
# experimentsUsed: 115
# timeUsed: 103602
# boundEstimate: 901
# remainingBudget: 2282
# currentBudget: 456
# nbConfigurations: 76
# Markers:
     x No test is performed.
     c Configurations are discarded only due to capping.
     - The test is performed and some configurations are discarded.
     = The test is performed but no configuration is discarded.
     ! The test is performed and configurations could be discarded but elite configurations are preserved.
     . Alive configurations were already evaluated on this instance and nothing is discarded.
     : All alive configurations are elite, but some need to be evaluated on this instance.

+-+-----------+-----------+-----------+----------------+-----------+--------+-----+----+------+
| |   Instance|      Alive|       Best|       Mean best| Exp so far|  W time|  rho|KenW|  Qvar|
+-+-----------+-----------+-----------+----------------+-----------+--------+-----+----+------+
|x|          5|         76|         37|-1.603140000e+27|         53|13:20:25|   NA|  NA|    NA|
|x|          2|         76|         38|-7.126400025e+26|        106|13:15:26|+0.75|0.87|0.2750|
|x|          3|         76|         38|-4.750933350e+26|        159|13:15:06|+0.39|0.59|0.5879|
|x|          1|         76|         38|-3.563200013e+26|        212|13:15:13|+0.52|0.64|0.4587|
|-|          4|         16|         14|-2.639063630e+26|        265|13:15:57|+0.31|0.45|0.6822|
|-|          6|          6|         38|-2.385619417e+26|        281|04:00:10|+0.30|0.42|0.5543|
|-|          7|          4|         14|-1.885045457e+26|        287|01:30:00|+0.14|0.27|0.6331|
+-+-----------+-----------+-----------+----------------+-----------+--------+-----+----+------+
Best-so-far configuration:          14    mean value: -1.885045457e+26
Description of the best-so-far configuration:
   .ID. population_size_factor weight_generation decomposition neighbours   cr    f eta_m realb limit .PARENT.
14   14                     55            random      weighted         24 0.03 0.24  2.12  0.56    16       NA

# 2026-05-31 05:39:57 UTC: Elite configurations (first number is the configuration ID; listed from best to worst according to the sum of ranks):
   population_size_factor weight_generation decomposition neighbours   cr    f eta_m realb limit
14                     55            random      weighted         24 0.03 0.24  2.12  0.56    16
38                     57   low discrepancy      weighted         28 0.12 0.41 14.03  0.97     3
8                      26   low discrepancy      weighted         13 0.92 0.04 22.78  0.87     4
61                    109   low discrepancy      weighted         26 0.26 0.79 21.69  0.37    10
# 2026-05-31 05:39:57 UTC: Iteration 2 of 5
# experimentsUsed: 402
# timeUsed: 362133
# boundEstimate: 900.828358208955
# remainingBudget: 1996
# currentBudget: 499
# nbConfigurations: 65
# Markers:
     x No test is performed.
     c Configurations are discarded only due to capping.
     - The test is performed and some configurations are discarded.
     = The test is performed but no configuration is discarded.
     ! The test is performed and configurations could be discarded but elite configurations are preserved.
     . Alive configurations were already evaluated on this instance and nothing is discarded.
     : All alive configurations are elite, but some need to be evaluated on this instance.

+-+-----------+-----------+-----------+----------------+-----------+--------+-----+----+------+
| |   Instance|      Alive|       Best|       Mean best| Exp so far|  W time|  rho|KenW|  Qvar|
+-+-----------+-----------+-----------+----------------+-----------+--------+-----+----+------+
|x|          8|         65|        134|-3.301690000e+17|         65|16:15:16|   NA|  NA|    NA|
|x|          5|         65|        137|-8.327550002e+26|        126|15:21:08|+0.61|0.81|0.3854|
|x|          3|         65|        116|-4.910933334e+26|        187|15:15:07|+0.59|0.73|0.4124|
|x|          4|         65|         97|-3.689111051e+26|        248|15:16:09|+0.65|0.74|0.3568|
|-|          7|         22|         97|-2.951288841e+26|        309|15:15:07|+0.02|0.22|0.9391|
|=|          2|         22|         97|-2.459407375e+26|        327|04:30:09|+0.07|0.23|0.9307|
|-|          1|         13|        116|-2.113986408e+26|        345|04:30:04|+0.10|0.23|0.8729|
|=|          6|         13|         97|-1.844555538e+26|        354|02:15:04|+0.10|0.21|0.8713|
|=|          9|         13|         97|-3.473193812e+26|        367|03:16:22|+0.07|0.17|0.8869|
+-+-----------+-----------+-----------+----------------+-----------+--------+-----+----+------+
Best-so-far configuration:          97    mean value: -3.473193812e+26
Description of the best-so-far configuration:
   .ID. population_size_factor weight_generation decomposition neighbours   cr    f eta_m realb limit .PARENT.
97   97                    121   low discrepancy      weighted         47 0.07 0.44 15.54   0.8    14       14

# 2026-06-04 01:34:28 UTC: Elite configurations (first number is the configuration ID; listed from best to worst according to the sum of ranks):
    population_size_factor weight_generation decomposition neighbours   cr    f eta_m realb limit
97                     121   low discrepancy      weighted         47 0.07 0.44 15.54  0.80    14
116                     49   low discrepancy      weighted         39 0.18 0.24  5.10  0.52    19
14                      55            random      weighted         24 0.03 0.24  2.12  0.56    16
38                      57   low discrepancy      weighted         28 0.12 0.41 14.03  0.97     3
109                     49   low discrepancy      weighted         48 0.51 0.18  4.10  0.51    13
# 2026-06-04 01:34:28 UTC: Iteration 3 of 5
# experimentsUsed: 769
# timeUsed: 692741
# boundEstimate: 900.833550065019
# remainingBudget: 1629
# currentBudget: 543
# nbConfigurations: 58
# Markers:
     x No test is performed.
     c Configurations are discarded only due to capping.
     - The test is performed and some configurations are discarded.
     = The test is performed but no configuration is discarded.
     ! The test is performed and configurations could be discarded but elite configurations are preserved.
     . Alive configurations were already evaluated on this instance and nothing is discarded.
     : All alive configurations are elite, but some need to be evaluated on this instance.

+-+-----------+-----------+-----------+----------------+-----------+--------+-----+----+------+
| |   Instance|      Alive|       Best|       Mean best| Exp so far|  W time|  rho|KenW|  Qvar|
+-+-----------+-----------+-----------+----------------+-----------+--------+-----+----+------+
|x|         10|         58|        156|-7.147320000e+24|         58|14:31:07|   NA|  NA|    NA|
|x|          9|         58|         97|-8.286583100e+26|        111|13:20:32|+0.82|0.91|0.0884|
|x|          2|         58|         97|-5.524388750e+26|        164|13:15:28|+0.76|0.84|0.1213|
|x|          4|         58|        165|-4.046995063e+26|        217|13:15:58|+0.78|0.83|0.1008|
|-|          7|         14|        165|-3.237596050e+26|        270|13:15:06|+0.16|0.33|0.7521|
|-|          3|          9|        165|-2.697996708e+26|        279|02:15:01|+0.25|0.37|0.6472|
|-|          6|          8|        165|-2.312568614e+26|        283|01:00:02|+0.27|0.38|0.6487|
|!|          8|          8|        165|-2.023497538e+26|        286|00:45:00|+0.32|0.40|0.6032|
|-|          5|          7|        165|-3.614953367e+26|        289|00:45:17|+0.36|0.43|0.5423|
|-|          1|          2|        165|-3.253458031e+26|        291|00:30:00|+0.07|0.16|0.4667|
+-+-----------+-----------+-----------+----------------+-----------+--------+-----+----+------+
Best-so-far configuration:         165    mean value: -3.253458031e+26
Description of the best-so-far configuration:
    .ID. population_size_factor weight_generation decomposition neighbours   cr    f eta_m realb limit .PARENT.
165  165                     77   low discrepancy      weighted         20 0.05 0.21   3.5  0.41    15       14

# 2026-06-07 02:28:04 UTC: Elite configurations (first number is the configuration ID; listed from best to worst according to the sum of ranks):
    population_size_factor weight_generation decomposition neighbours   cr    f eta_m realb limit
165                     77   low discrepancy      weighted         20 0.05 0.21  3.50  0.41    15
154                    111   low discrepancy      weighted         49 0.33 0.71  5.29  0.92     9
# 2026-06-07 02:28:04 UTC: Iteration 4 of 5
# experimentsUsed: 1060
# timeUsed: 954929
# boundEstimate: 900.87641509434
# remainingBudget: 1338
# currentBudget: 669
# nbConfigurations: 62
# Markers:
     x No test is performed.
     c Configurations are discarded only due to capping.
     - The test is performed and some configurations are discarded.
     = The test is performed but no configuration is discarded.
     ! The test is performed and configurations could be discarded but elite configurations are preserved.
     . Alive configurations were already evaluated on this instance and nothing is discarded.
     : All alive configurations are elite, but some need to be evaluated on this instance.

+-+-----------+-----------+-----------+----------------+-----------+--------+-----+----+------+
| |   Instance|      Alive|       Best|       Mean best| Exp so far|  W time|  rho|KenW|  Qvar|
+-+-----------+-----------+-----------+----------------+-----------+--------+-----+----+------+
|x|         11|         62|        237|-7.362090000e+24|         62|15:31:05|   NA|  NA|    NA|
|x|          6|         62|        195|-3.616527618e+24|        122|15:00:34|+0.78|0.89|0.0516|
|x|          8|         62|        237|-2.454031805e+24|        182|15:00:17|+0.76|0.84|0.0863|
|x|         10|         62|        195|-3.637731391e+24|        242|15:01:14|+0.78|0.83|0.0823|
|-|          3|         11|        195|-2.910185113e+24|        302|15:00:08|+0.15|0.32|0.7993|
|=|          4|         11|        195|-3.591044261e+24|        311|02:15:11|+0.11|0.26|0.8377|
|-|          7|          6|        195|-3.078037938e+24|        320|02:15:01|+0.10|0.23|0.6756|
|=|          1|          6|        195|-2.693283237e+24|        324|01:00:01|+0.14|0.24|0.6376|
|=|          2|          6|        195|-2.394030111e+24|        328|01:00:02|+0.13|0.22|0.6577|
|-|          5|          5|        195|-1.615606271e+26|        332|01:00:24|+0.15|0.24|0.6065|
+-+-----------+-----------+-----------+----------------+-----------+--------+-----+----+------+
Best configuration for the instances in this race: 195
Best-so-far configuration:         165    mean value: -2.963909146e+26
Description of the best-so-far configuration:
    .ID. population_size_factor weight_generation decomposition neighbours   cr    f eta_m realb limit .PARENT.
165  165                     77   low discrepancy      weighted         20 0.05 0.21   3.5  0.41    15       14

# 2026-06-10 13:32:06 UTC: Elite configurations (first number is the configuration ID; listed from best to worst according to the sum of ranks):
    population_size_factor weight_generation decomposition neighbours   cr    f eta_m realb limit
165                     77   low discrepancy      weighted         20 0.05 0.21  3.50  0.41    15
154                    111   low discrepancy      weighted         49 0.33 0.71  5.29  0.92     9
195                    107   low discrepancy      weighted         39 0.47 0.90  1.31  0.98    13
237                     96   low discrepancy      weighted         23 0.03 0.18  2.73  0.60    13
216                     60   low discrepancy      weighted         28 0.02 0.37  4.75  0.27    16
# 2026-06-10 13:32:06 UTC: Iteration 5 of 5
# experimentsUsed: 1392
# timeUsed: 1253864
# boundEstimate: 900.764367816092
# remainingBudget: 1006
# currentBudget: 1006
# nbConfigurations: 88
# Markers:
     x No test is performed.
     c Configurations are discarded only due to capping.
     - The test is performed and some configurations are discarded.
     = The test is performed but no configuration is discarded.
     ! The test is performed and configurations could be discarded but elite configurations are preserved.
     . Alive configurations were already evaluated on this instance and nothing is discarded.
     : All alive configurations are elite, but some need to be evaluated on this instance.

+-+-----------+-----------+-----------+----------------+-----------+--------+-----+----+------+
| |   Instance|      Alive|       Best|       Mean best| Exp so far|  W time|  rho|KenW|  Qvar|
+-+-----------+-----------+-----------+----------------+-----------+--------+-----+----+------+
|x|         12|         88|        195|-5.298560000e+18|         88|22:00:49|   NA|  NA|    NA|
|x|          1|         88|        324|-2.789918000e+18|        171|20:45:25|+0.61|0.81|0.1888|
|x|          7|         88|        324|-1.859945376e+18|        254|20:45:10|+0.64|0.76|0.2121|
|x|         11|         88|        276|-1.853176390e+24|        337|20:46:39|+0.56|0.67|0.2335|
|-|          2|         21|        276|-1.482542170e+24|        420|20:45:49|+0.06|0.25|0.8651|
|=|          6|         21|        276|-1.235452683e+24|        436|04:00:09|+0.11|0.26|0.8192|
|-|          9|         11|        276|-2.316946737e+26|        455|04:47:03|+0.17|0.29|0.7344|
|-|          8|          9|        276|-2.027328396e+26|        461|01:30:02|+0.29|0.38|0.6171|
|-|          3|          7|        276|-1.802069685e+26|        465|01:00:00|+0.36|0.43|0.5217|
|!|          5|          7|        276|-3.289852716e+26|        467|00:30:13|+0.35|0.41|0.5284|
|!|         10|          7|        276|-2.997546142e+26|        469|00:30:02|+0.39|0.44|0.5079|
|-|          4|          3|        276|-2.753685747e+26|        471|00:30:02|+0.05|0.13|0.6247|
+-+-----------+-----------+-----------+----------------+-----------+--------+-----+----+------+
Best-so-far configuration:         276    mean value: -2.753685747e+26
Description of the best-so-far configuration:
    .ID. population_size_factor weight_generation decomposition neighbours   cr    f eta_m realb limit .PARENT.
276  276                     96   low discrepancy      weighted         24 0.04 0.34  1.76  0.69    14      237

# 2026-06-15 11:23:36 UTC: Elite configurations (first number is the configuration ID; listed from best to worst according to the sum of ranks):
    population_size_factor weight_generation decomposition neighbours   cr    f eta_m realb limit
276                     96   low discrepancy      weighted         24 0.04 0.34  1.76  0.69    14
254                     86   low discrepancy      weighted         17 0.02 0.13  2.73  0.52    16
195                    107   low discrepancy      weighted         39 0.47 0.90  1.31  0.98    13
# 2026-06-15 11:23:36 UTC: Iteration 6 of 6
# experimentsUsed: 1863
# timeUsed: 1677974
# boundEstimate: 900.683843263553
# remainingBudget: 535
# currentBudget: 535
# nbConfigurations: 43
# Markers:
     x No test is performed.
     c Configurations are discarded only due to capping.
     - The test is performed and some configurations are discarded.
     = The test is performed but no configuration is discarded.
     ! The test is performed and configurations could be discarded but elite configurations are preserved.
     . Alive configurations were already evaluated on this instance and nothing is discarded.
     : All alive configurations are elite, but some need to be evaluated on this instance.

+-+-----------+-----------+-----------+----------------+-----------+--------+-----+----+------+
| |   Instance|      Alive|       Best|       Mean best| Exp so far|  W time|  rho|KenW|  Qvar|
+-+-----------+-----------+-----------+----------------+-----------+--------+-----+----+------+
|x|         13|         43|        344|-1.274910000e+11|         43|10:45:05|   NA|  NA|    NA|
|x|         12|         43|        276|-2.614840064e+18|         83|10:00:25|+0.39|0.70|0.6208|
|x|          9|         43|        360|-5.665900017e+26|        123|10:03:56|+0.17|0.44|0.8066|
|x|         10|         43|        360|-4.267764938e+26|        163|10:00:44|+0.27|0.46|0.6826|
|-|          6|         17|        360|-3.414211961e+26|        203|10:00:23|-0.01|0.19|1.0174|
|=|          8|         17|        360|-2.845176635e+26|        217|03:30:04|+0.05|0.21|0.9588|
|=|          2|         17|        276|-2.316997223e+26|        231|03:30:07|+0.06|0.19|0.9404|
|-|          5|         12|        360|-4.326819982e+26|        245|03:31:28|+0.06|0.18|0.8781|
|=|         11|         12|        276|-3.663667507e+26|        254|02:15:10|+0.07|0.18|0.8687|
|-|          4|         11|        360|-3.476270946e+26|        263|02:15:09|+0.10|0.19|0.8310|
|=|          1|         11|        360|-3.160246315e+26|        271|02:00:02|+0.07|0.16|0.8461|
|=|          3|         11|        360|-2.896892455e+26|        279|02:00:01|+0.05|0.13|0.8524|
|=|          7|         11|        360|-2.674054574e+26|        287|02:00:01|+0.06|0.14|0.8345|
|-|         14|          7|        360|-2.483050676e+26|        298|02:45:03|-0.03|0.05|0.8608|
|=|         15|          7|        360|-3.472860631e+26|        305|01:45:43|-0.01|0.06|0.8460|
|=|         16|          7|        360|-3.255806842e+26|        312|01:45:02|-0.02|0.04|0.8534|
+-+-----------+-----------+-----------+----------------+-----------+--------+-----+----+------+
Best-so-far configuration:         360    mean value: -3.255806842e+26
Description of the best-so-far configuration:
    .ID. population_size_factor weight_generation decomposition neighbours   cr    f eta_m realb limit .PARENT.
360  360                     93   low discrepancy      weighted         23 0.02 0.33  2.91  0.73    14      276

# 2026-06-18 17:32:05 UTC: Elite configurations (first number is the configuration ID; listed from best to worst according to the sum of ranks):
    population_size_factor weight_generation decomposition neighbours   cr    f eta_m realb limit
360                     93   low discrepancy      weighted         23 0.02 0.33  2.91  0.73    14
371                     89   low discrepancy      weighted         21 0.03 0.34  1.46  0.65    14
276                     96   low discrepancy      weighted         24 0.04 0.34  1.76  0.69    14
349                    100   low discrepancy      weighted         27 0.07 0.25  1.86  0.65    14
340                    101   low discrepancy      weighted         25 0.04 0.39  3.66  0.74    14
# 2026-06-18 17:32:05 UTC: Iteration 7 of 7
# experimentsUsed: 2175
# timeUsed: 1959069
# boundEstimate: 900.721379310345
# remainingBudget: 223
# currentBudget: 223
# nbConfigurations: 17
# Markers:
     x No test is performed.
     c Configurations are discarded only due to capping.
     - The test is performed and some configurations are discarded.
     = The test is performed but no configuration is discarded.
     ! The test is performed and configurations could be discarded but elite configurations are preserved.
     . Alive configurations were already evaluated on this instance and nothing is discarded.
     : All alive configurations are elite, but some need to be evaluated on this instance.

+-+-----------+-----------+-----------+----------------+-----------+--------+-----+----+------+
| |   Instance|      Alive|       Best|       Mean best| Exp so far|  W time|  rho|KenW|  Qvar|
+-+-----------+-----------+-----------+----------------+-----------+--------+-----+----+------+
|x|         17|         17|        371|-7.463740000e+24|         17|04:15:20|   NA|  NA|    NA|
|x|          5|         17|        371|-8.430168700e+26|         29|03:01:11|-0.28|0.36|1.0369|
|x|         13|         17|        379|-5.657447600e+26|         41|03:00:01|-0.06|0.30|0.9672|
|x|          7|         17|        360|-4.403220275e+26|         53|03:00:01|+0.10|0.33|0.8213|
|-|          3|         12|        371|-3.372067480e+26|         65|03:00:01|-0.09|0.13|0.9675|
|=|         12|         12|        360|-2.935480192e+26|         72|01:45:03|-0.09|0.09|0.9814|
|=|         16|         12|        276|-2.392764122e+26|         79|01:45:01|-0.01|0.13|0.9124|
|=|         10|         12|        276|-2.102978657e+26|         86|01:45:08|-0.01|0.11|0.9134|
|=|          9|         12|        276|-3.663147695e+26|         93|01:45:49|-0.00|0.11|0.9042|
|=|          1|         12|        360|-3.468394086e+26|        100|01:45:02|+0.03|0.13|0.8683|
|=|          6|         12|        360|-3.153085537e+26|        107|01:45:04|+0.01|0.10|0.8931|
|=|          8|         12|        371|-2.821021109e+26|        114|01:45:02|+0.04|0.12|0.8569|
|-|         15|          8|        371|-3.915565639e+26|        121|01:45:43|-0.03|0.05|0.8631|
|=|         14|          8|        371|-3.635882380e+26|        124|00:45:00|-0.03|0.05|0.8629|
|=|         11|          8|        360|-3.472473841e+26|        127|00:45:03|-0.04|0.03|0.8868|
|=|          2|          8|        360|-3.255444229e+26|        130|00:45:01|-0.05|0.02|0.8910|
|=|          4|          8|        360|-3.068370034e+26|        133|00:45:04|-0.04|0.02|0.8836|
|=|         18|          8|        360|-3.830727254e+26|        141|02:00:51|-0.03|0.03|0.8687|
+-+-----------+-----------+-----------+----------------+-----------+--------+-----+----+------+
Best-so-far configuration:         360    mean value: -3.830727254e+26
Description of the best-so-far configuration:
    .ID. population_size_factor weight_generation decomposition neighbours   cr    f eta_m realb limit .PARENT.
360  360                     93   low discrepancy      weighted         23 0.02 0.33  2.91  0.73    14      276

# 2026-06-20 04:51:39 UTC: Elite configurations (first number is the configuration ID; listed from best to worst according to the sum of ranks):
    population_size_factor weight_generation decomposition neighbours   cr    f eta_m realb limit
360                     93   low discrepancy      weighted         23 0.02 0.33  2.91  0.73    14
371                     89   low discrepancy      weighted         21 0.03 0.34  1.46  0.65    14
375                     90   low discrepancy      weighted         20 0.09 0.32  1.52  0.78    14
340                    101   low discrepancy      weighted         25 0.04 0.39  3.66  0.74    14
385                    101   low discrepancy      weighted         26 0.05 0.25  2.92  0.65    15
# 2026-06-20 04:51:39 UTC: Iteration 8 of 8
# experimentsUsed: 2316
# timeUsed: 2086127
# boundEstimate: 900.745682210708
# remainingBudget: 82
# currentBudget: 82
# nbConfigurations: 9
# Markers:
     x No test is performed.
     c Configurations are discarded only due to capping.
     - The test is performed and some configurations are discarded.
     = The test is performed but no configuration is discarded.
     ! The test is performed and configurations could be discarded but elite configurations are preserved.
     . Alive configurations were already evaluated on this instance and nothing is discarded.
     : All alive configurations are elite, but some need to be evaluated on this instance.

+-+-----------+-----------+-----------+----------------+-----------+--------+-----+----+------+
| |   Instance|      Alive|       Best|       Mean best| Exp so far|  W time|  rho|KenW|  Qvar|
+-+-----------+-----------+-----------+----------------+-----------+--------+-----+----+------+
|x|         19|          9|        389|-5.271110000e+18|          9|02:15:06|   NA|  NA|    NA|
|x|         14|          9|        371|-2.787751000e+18|         13|01:00:01|+0.87|0.93|0.1270|
|x|         16|          9|        371|-1.970032333e+18|         17|01:00:01|+0.48|0.65|0.3959|
|x|          2|          9|        371|-2.766671750e+18|         21|01:00:02|+0.39|0.55|0.4493|
|-|          4|          7|        371|-1.463118213e+24|         25|01:00:03|-0.05|0.16|0.8786|
|=|          8|          7|        371|-1.219265236e+24|         27|00:30:00|-0.00|0.16|0.8129|
|=|          7|          7|        371|-1.045084488e+24|         29|00:30:00|+0.04|0.18|0.7630|
|=|          3|          7|        371|-9.144489267e+23|         31|00:30:00|+0.04|0.16|0.7367|
|=|         15|          7|        371|-1.902583990e+26|         33|00:30:11|+0.01|0.12|0.7983|
|=|          5|          7|        360|-3.494888301e+26|         35|00:30:11|+0.01|0.11|0.8076|
|=|          1|          7|        360|-3.177171183e+26|         37|00:30:00|+0.06|0.14|0.7665|
|=|          9|          7|        360|-4.328881918e+26|         39|00:30:13|+0.08|0.15|0.7554|
|=|         18|          7|        360|-5.287491001e+26|         41|00:30:11|+0.08|0.15|0.7510|
|=|         11|          7|        360|-4.915024980e+26|         43|00:30:02|+0.08|0.15|0.7440|
|-|          6|          6|        360|-4.587356651e+26|         45|00:30:01|-0.03|0.04|0.8467|
|=|         13|          6|        360|-4.300646861e+26|         46|00:15:00|-0.03|0.03|0.8455|
|=|         17|          6|        371|-3.976382281e+26|         47|00:15:01|-0.03|0.03|0.8402|
|=|         10|          6|        360|-3.830727254e+26|         48|00:15:01|-0.01|0.05|0.8192|
|=|         12|          6|        360|-3.629110033e+26|         49|00:15:00|-0.03|0.03|0.8383|
|=|         20|          6|        360|-3.447654531e+26|         55|01:30:00|-0.03|0.03|0.8354|
+-+-----------+-----------+-----------+----------------+-----------+--------+-----+----+------+
Best-so-far configuration:         360    mean value: -3.447654531e+26
Description of the best-so-far configuration:
    .ID. population_size_factor weight_generation decomposition neighbours   cr    f eta_m realb limit .PARENT.
360  360                     93   low discrepancy      weighted         23 0.02 0.33  2.91  0.73    14      276

# 2026-06-20 18:37:53 UTC: Elite configurations (first number is the configuration ID; listed from best to worst according to the sum of ranks):
    population_size_factor weight_generation decomposition neighbours   cr    f eta_m realb limit
360                     93   low discrepancy      weighted         23 0.02 0.33  2.91  0.73    14
371                     89   low discrepancy      weighted         21 0.03 0.34  1.46  0.65    14
340                    101   low discrepancy      weighted         25 0.04 0.39  3.66  0.74    14
375                     90   low discrepancy      weighted         20 0.09 0.32  1.52  0.78    14
385                    101   low discrepancy      weighted         26 0.05 0.25  2.92  0.65    15
# 2026-06-20 18:37:53 UTC: Iteration 9 of 9
# experimentsUsed: 2371
# timeUsed: 2135668
# boundEstimate: 900.745676929566
# remainingBudget: 27
# currentBudget: 27
# nbConfigurations: 6
# Markers:
     x No test is performed.
     c Configurations are discarded only due to capping.
     - The test is performed and some configurations are discarded.
     = The test is performed but no configuration is discarded.
     ! The test is performed and configurations could be discarded but elite configurations are preserved.
     . Alive configurations were already evaluated on this instance and nothing is discarded.
     : All alive configurations are elite, but some need to be evaluated on this instance.

+-+-----------+-----------+-----------+----------------+-----------+--------+-----+----+------+
| |   Instance|      Alive|       Best|       Mean best| Exp so far|  W time|  rho|KenW|  Qvar|
+-+-----------+-----------+-----------+----------------+-----------+--------+-----+----+------+
|x|         21|          6|        375|-7.296830000e+24|          6|01:30:04|   NA|  NA|    NA|
|x|         15|          6|        375|-8.319484150e+26|          7|00:15:05|-0.14|0.43|0.8446|
|x|          5|          6|        360|-1.164808343e+27|          8|00:15:06|-0.18|0.21|0.8950|
|x|          9|          6|        360|-1.298548757e+27|          9|00:15:06|+0.05|0.29|0.7349|
|=|         17|          6|        360|-1.040226628e+27|         10|00:15:01|-0.05|0.16|0.8370|
|=|          3|          6|        340|-8.424125600e+26|         11|00:15:00|+0.05|0.21|0.8055|
|=|          6|          6|        371|-7.271280122e+26|         12|00:15:01|+0.01|0.15|0.8071|
|=|         10|          6|        371|-6.371534582e+26|         13|00:15:01|+0.09|0.20|0.7299|
|=|         14|          6|        371|-5.663586295e+26|         14|00:15:00|+0.14|0.23|0.7097|
|-|          1|          5|        371|-5.097227666e+26|         15|00:15:00|+0.13|0.22|0.6626|
|.|          2|          5|        371|-4.633843337e+26|         15|00:00:00|+0.03|0.12|0.7541|
|.|          8|          5|        371|-4.247689726e+26|         15|00:00:00|+0.03|0.11|0.7369|
|.|         11|          5|        371|-3.926483240e+26|         15|00:00:00|+0.00|0.08|0.7756|
|.|          7|          5|        371|-3.646020151e+26|         15|00:00:00|-0.01|0.06|0.7870|
|.|         18|          5|        371|-4.511238808e+26|         15|00:00:00|-0.02|0.05|0.8052|
|.|         20|          5|        371|-4.229286382e+26|         15|00:00:00|-0.04|0.03|0.8288|
|.|         19|          5|        371|-3.980504833e+26|         15|00:00:00|-0.02|0.04|0.8099|
|.|         13|          5|        371|-3.759365676e+26|         15|00:00:00|-0.00|0.05|0.7944|
|.|         12|          5|        371|-3.561504327e+26|         15|00:00:00|-0.02|0.04|0.8129|
|.|          4|          5|        371|-3.387086901e+26|         15|00:00:00|-0.02|0.03|0.8144|
|.|         16|          5|        371|-3.225797049e+26|         15|00:00:00|-0.03|0.02|0.8234|
+-+-----------+-----------+-----------+----------------+-----------+--------+-----+----+------+
Best configuration for the instances in this race: 371
Best-so-far configuration:         360    mean value: -3.286840044e+26
Description of the best-so-far configuration:
    .ID. population_size_factor weight_generation decomposition neighbours   cr    f eta_m realb limit .PARENT.
360  360                     93   low discrepancy      weighted         23 0.02 0.33  2.91  0.73    14      276

# 2026-06-20 22:23:21 UTC: Elite configurations (first number is the configuration ID; listed from best to worst according to the sum of ranks):
    population_size_factor weight_generation decomposition neighbours   cr    f eta_m realb limit
360                     93   low discrepancy      weighted         23 0.02 0.33  2.91  0.73    14
340                    101   low discrepancy      weighted         25 0.04 0.39  3.66  0.74    14
375                     90   low discrepancy      weighted         20 0.09 0.32  1.52  0.78    14
371                     89   low discrepancy      weighted         21 0.03 0.34  1.46  0.65    14
385                    101   low discrepancy      weighted         26 0.05 0.25  2.92  0.65    15
# 2026-06-20 22:23:21 UTC: Stopped because there is not enough budget left to race more than the minimum (5).
# You may either increase the budget or set 'minNbSurvival' to a lower value.
# Iteration: 10
# nbIterations: 10
# experimentsUsed: 2386
# timeUsed: 2149185
# remainingBudget: 12
# currentBudget: 12
# number of elites: 5
# nbConfigurations: 5
# Total CPU user time: 2135248, CPU sys time: 15302.89, Wall-clock time: 2150643
# Best configurations (first number is the configuration ID; listed from best to worst according to the sum of ranks):
    population_size_factor weight_generation decomposition neighbours   cr    f eta_m realb limit
360                     93   low discrepancy      weighted         23 0.02 0.33  2.91  0.73    14
340                    101   low discrepancy      weighted         25 0.04 0.39  3.66  0.74    14
375                     90   low discrepancy      weighted         20 0.09 0.32  1.52  0.78    14
371                     89   low discrepancy      weighted         21 0.03 0.34  1.46  0.65    14
385                    101   low discrepancy      weighted         26 0.05 0.25  2.92  0.65    15
# Best configurations as commandlines (first number is the configuration ID; listed from best to worst according to the sum of ranks):
360 --population-size-factor 93 --weight-generation low discrepancy --decomposition weighted --neighbours 23 --cr 0.02 --f 0.33 --eta-m 2.91 --realb 0.73 --limit 14
340 --population-size-factor 101 --weight-generation low discrepancy --decomposition weighted --neighbours 25 --cr 0.04 --f 0.39 --eta-m 3.66 --realb 0.74 --limit 14
375 --population-size-factor 90 --weight-generation low discrepancy --decomposition weighted --neighbours 20 --cr 0.09 --f 0.32 --eta-m 1.52 --realb 0.78 --limit 14
371 --population-size-factor 89 --weight-generation low discrepancy --decomposition weighted --neighbours 21 --cr 0.03 --f 0.34 --eta-m 1.46 --realb 0.65 --limit 14
385 --population-size-factor 101 --weight-generation low discrepancy --decomposition weighted --neighbours 26 --cr 0.05 --f 0.25 --eta-m 2.92 --realb 0.65 --limit 15


# Testing of elite configurations: 5 
# Testing iteration configurations: FALSE 
# 2026-06-20 22:23:21 UTC: Testing configurations (in no particular order): 360 340 375 371 385
    population_size_factor weight_generation decomposition neighbours   cr    f eta_m realb limit
360                     93   low discrepancy      weighted         23 0.02 0.33  2.91  0.73    14
340                    101   low discrepancy      weighted         25 0.04 0.39  3.66  0.74    14
375                     90   low discrepancy      weighted         20 0.09 0.32  1.52  0.78    14
371                     89   low discrepancy      weighted         21 0.03 0.34  1.46  0.65    14
385                    101   low discrepancy      weighted         26 0.05 0.25  2.92  0.65    15
# 2026-06-21 02:08:54 UTC: Testing results (column number is configuration ID in no particular order):
        seeds          360          340          375          371          385
1t 1841707836 -1.37311e+13 -1.38948e+13 -1.40522e+13 -1.38820e+13 -1.36556e+13
2t 2021981277 -1.20273e+26 -1.22960e+26 -1.14360e+26 -1.10826e+26 -1.16446e+26
3t  290493576 -3.05770e+20 -2.99894e+20 -2.92673e+20 -3.06953e+20 -3.07845e+20
# 2026-06-21 02:08:54 UTC: Finished testing
