#------------------------------------------------------------------------------
# irace: An implementation in R of (Elitist) Iterated Racing
# Version: 4.4.3.dd8d85f
# Copyright (C) 2010-2025
# Manuel Lopez-Ibanez     <manuel.lopez-ibanez@manchester.ac.uk>
# Jeremie Dubois-Lacoste
# Leslie Perez Caceres    <leslie.perez.caceres@ulb.ac.be>
#
# This is free software, and you are welcome to redistribute it under certain
# conditions.  See the GNU General Public License for details. There is NO
# WARRANTY; not even for MERCHANTABILITY or FITNESS FOR A PARTICULAR PURPOSE.
#
# irace builds upon previous code from the race package:
#     race: Racing methods for the selection of the best
#     Copyright (C) 2003 Mauro Birattari
#------------------------------------------------------------------------------
# installed at: /home/luispmendes/R/library/irace
# called with: --scenario nsbrkga-scenario-stage5.txt
# 2026-05-27 00:59:18 UTC: Reading parameter file '/home/luispmendes/motsp_irace/irace/nsbrkga-parameters-stage5.txt'.
# 2026-05-27 00:59:18 UTC: 4 expression(s) specifying forbidden configurations read.
# 2026-05-27 00:59:18 UTC: Estimating execution time using 5% of 2160000 = 108000
# 2026-05-28 06:07:47 UTC: Estimated execution time is 912 based on 23 configurations and 5 instances. Used time: 104794, remaining time: 2055206, remaining budget (experiments): 2254
# 2026-05-28 06:07:47 UTC: Initialization
# Elitist race
# Elitist new instances: 1
# Elitist limit: 2
# nbIterations: 6
# minNbSurvival: 6
# nbParameters: 20
# seed: 1490736708
# confidence level: 0.95
# budget: 2254
# time budget: 2055206
# mu: 5
# deterministic: FALSE

# 2026-05-28 06:07:47 UTC: Iteration 1 of 6
# experimentsUsed: 115
# timeUsed: 104794
# boundEstimate: 912
# remainingBudget: 2254
# currentBudget: 375
# nbConfigurations: 62
# Markers:
     x No test is performed.
     c Configurations are discarded only due to capping.
     - The test is performed and some configurations are discarded.
     = The test is performed but no configuration is discarded.
     ! The test is performed and configurations could be discarded but elite configurations are preserved.
     . Alive configurations were already evaluated on this instance and nothing is discarded.
     : All alive configurations are elite, but some need to be evaluated on this instance.

+-+-----------+-----------+-----------+----------------+-----------+--------+-----+----+------+
| |   Instance|      Alive|       Best|       Mean best| Exp so far|  W time|  rho|KenW|  Qvar|
+-+-----------+-----------+-----------+----------------+-----------+--------+-----+----+------+
|x|          4|         46|         42|-3.542870000e+18|         23|05:45:36|   NA|  NA|    NA|
|x|          3|         46|         21|-1.715955050e+18|         46|05:45:15|+0.63|0.81|0.3904|
|x|          1|         46|         21|-1.390171144e+24|         69|05:48:41|+0.68|0.79|0.3061|
|x|          2|         46|         42|-2.549210159e+26|         92|06:19:44|+0.72|0.79|0.2777|
|-|          5|          6|         42|-2.039368128e+26|        115|05:45:18|+0.46|0.57|0.3807|
+-+-----------+-----------+-----------+----------------+-----------+--------+-----+----+------+
Best-so-far configuration:          42    mean value: -2.039368128e+26
Description of the best-so-far configuration:
   .ID. population_size_factor min_elites_percentage max_elites_percentage mutation_probability mutation_distribution num_total_parents num_elite_parents bias_type diversity_type crossover_type num_populations exchange_interval num_exchange_individuals pr_type pr_dist_func pr_percentage pr_interval shake_interval shake_intensity shake_distribution reset_interval .PARENT.
42   42                    107                  0.08                  0.75                 0.95                 42.32                 2                 1         6              1              1               4               446                       65       1            2          0.68           8            646            0.15                 68              0       NA

# 2026-05-29 11:32:24 UTC: Elite configurations (first number is the configuration ID; listed from best to worst according to the sum of ranks):
   population_size_factor min_elites_percentage max_elites_percentage mutation_probability mutation_distribution num_total_parents num_elite_parents bias_type diversity_type crossover_type num_populations exchange_interval num_exchange_individuals pr_type pr_dist_func pr_percentage pr_interval shake_interval shake_intensity shake_distribution reset_interval
42                    107                  0.08                  0.75                 0.95                 42.32                 2                 1         6              1              1               4               446                       65       1            2          0.68           8            646            0.15              68.00              0
21                     26                  0.56                  0.71                 0.90                 23.85                 5                 5         3              0              0               3               390                       25       1            2          0.50         496            975            0.80              13.11              0
37                     40                  0.41                  0.63                 0.08                 61.65                 5                 4         6              3              0               2               595                       48       1            0          0.62         938            404            0.29              31.65              0
2                      74                  0.02                  0.53                 0.33                 12.25                 5                 3         0              0              1               3               257                       25       0            0          0.47         493            394            0.18               7.49              0
20                    107                  0.36                  0.69                 0.88                 84.89                 4                 4         6              0              1               4               609                       57       1            2          0.87         617            194            0.03              54.25              0
12                    115                  0.39                  0.49                 0.72                 78.18                 4                 4         5              1              0               5               183                        1       1            2          0.97         451            880            0.24              15.42              0
# 2026-05-29 11:32:24 UTC: Iteration 2 of 6
# experimentsUsed: 230
# timeUsed: 210535
# boundEstimate: 915.369565217391
# remainingBudget: 2130
# currentBudget: 426
# nbConfigurations: 65
# Markers:
     x No test is performed.
     c Configurations are discarded only due to capping.
     - The test is performed and some configurations are discarded.
     = The test is performed but no configuration is discarded.
     ! The test is performed and configurations could be discarded but elite configurations are preserved.
     . Alive configurations were already evaluated on this instance and nothing is discarded.
     : All alive configurations are elite, but some need to be evaluated on this instance.

+-+-----------+-----------+-----------+----------------+-----------+--------+-----+----+------+
| |   Instance|      Alive|       Best|       Mean best| Exp so far|  W time|  rho|KenW|  Qvar|
+-+-----------+-----------+-----------+----------------+-----------+--------+-----+----+------+
|x|          6|         65|         83|-1.210640000e+27|         65|16:53:03|   NA|  NA|    NA|
|x|          2|         65|         83|-1.200305000e+27|        124|15:18:23|+0.86|0.93|0.0679|
|x|          5|         65|         53|-6.812533334e+26|        183|14:46:56|+0.70|0.80|0.2025|
|x|          4|         65|         42|-5.091975009e+26|        242|14:49:04|+0.73|0.80|0.2133|
|-|          1|         14|         42|-4.082848128e+26|        301|14:52:55|+0.59|0.67|0.4129|
|-|          3|          5|         53|-3.413412956e+26|        309|02:00:00|+0.07|0.23|0.8375|
+-+-----------+-----------+-----------+----------------+-----------+--------+-----+----+------+
Best-so-far configuration:          53    mean value: -3.413412956e+26
Description of the best-so-far configuration:
   .ID. population_size_factor min_elites_percentage max_elites_percentage mutation_probability mutation_distribution num_total_parents num_elite_parents bias_type diversity_type crossover_type num_populations exchange_interval num_exchange_individuals pr_type pr_dist_func pr_percentage pr_interval shake_interval shake_intensity shake_distribution reset_interval .PARENT.
53   53                    101                  0.49                  0.56                 0.91                  9.96                 3                 1         0              0              1               4               423                       93       1            0          0.81          83            687            0.43              85.02              0       42

# 2026-06-01 18:12:50 UTC: Elite configurations (first number is the configuration ID; listed from best to worst according to the sum of ranks):
   population_size_factor min_elites_percentage max_elites_percentage mutation_probability mutation_distribution num_total_parents num_elite_parents bias_type diversity_type crossover_type num_populations exchange_interval num_exchange_individuals pr_type pr_dist_func pr_percentage pr_interval shake_interval shake_intensity shake_distribution reset_interval
53                    101                  0.49                  0.56                 0.91                  9.96                 3                 1         0              0              1               4               423                       93       1            0          0.81          83            687            0.43              85.02              0
83                    118                  0.09                  0.47                 0.00                 78.71                 5                 5         4              0              0               2               416                        7       0            0          0.33         493            258            0.41              89.55              0
42                    107                  0.08                  0.75                 0.95                 42.32                 2                 1         6              1              1               4               446                       65       1            2          0.68           8            646            0.15              68.00              0
75                     64                  0.14                  0.23                 0.83                 13.51                 2                 1         6              2              1               5               904                       47       1            1          0.49          59            499            0.17              87.73              0
21                     26                  0.56                  0.71                 0.90                 23.85                 5                 5         3              0              0               3               390                       25       1            2          0.50         496            975            0.80              13.11              0
# 2026-06-01 18:12:50 UTC: Iteration 3 of 6
# experimentsUsed: 539
# timeUsed: 493267
# boundEstimate: 915.152133580705
# remainingBudget: 1821
# currentBudget: 455
# nbConfigurations: 60
# Markers:
     x No test is performed.
     c Configurations are discarded only due to capping.
     - The test is performed and some configurations are discarded.
     = The test is performed but no configuration is discarded.
     ! The test is performed and configurations could be discarded but elite configurations are preserved.
     . Alive configurations were already evaluated on this instance and nothing is discarded.
     : All alive configurations are elite, but some need to be evaluated on this instance.

+-+-----------+-----------+-----------+----------------+-----------+--------+-----+----+------+
| |   Instance|      Alive|       Best|       Mean best| Exp so far|  W time|  rho|KenW|  Qvar|
+-+-----------+-----------+-----------+----------------+-----------+--------+-----+----+------+
|x|          7|         60|         83|-4.746670000e+24|         60|15:26:33|   NA|  NA|    NA|
|x|          1|         60|         83|-4.747640000e+24|        115|14:04:09|+0.89|0.94|0.0690|
|x|          2|         60|         83|-3.998217600e+26|        170|15:01:58|+0.81|0.87|0.1269|
|x|          3|         60|         83|-2.998663200e+26|        225|13:45:11|+0.70|0.77|0.3068|
|-|          5|         14|         83|-2.398930560e+26|        280|13:45:41|+0.03|0.22|0.8612|
|=|          4|         14|         42|-1.706624656e+26|        289|02:15:28|-0.01|0.16|0.9438|
|=|          6|         14|         83|-3.443007548e+26|        298|02:40:24|+0.02|0.16|0.8691|
|=|          8|         14|        133|-2.918692792e+26|        312|03:30:02|+0.05|0.17|0.8750|
+-+-----------+-----------+-----------+----------------+-----------+--------+-----+----+------+
Best-so-far configuration:         133    mean value: -2.918692792e+26
Description of the best-so-far configuration:
    .ID. population_size_factor min_elites_percentage max_elites_percentage mutation_probability mutation_distribution num_total_parents num_elite_parents bias_type diversity_type crossover_type num_populations exchange_interval num_exchange_individuals pr_type pr_dist_func pr_percentage pr_interval shake_interval shake_intensity shake_distribution reset_interval .PARENT.
133  133                    116                  0.17                  0.29                    0                 83.81                 5                 5         4              3              0               2               507                       65       0            0           0.5         648            564            0.16              88.86              0       83

# 2026-06-05 02:42:20 UTC: Elite configurations (first number is the configuration ID; listed from best to worst according to the sum of ranks):
    population_size_factor min_elites_percentage max_elites_percentage mutation_probability mutation_distribution num_total_parents num_elite_parents bias_type diversity_type crossover_type num_populations exchange_interval num_exchange_individuals pr_type pr_dist_func pr_percentage pr_interval shake_interval shake_intensity shake_distribution reset_interval
133                    116                  0.17                  0.29                 0.00                 83.81                 5                 5         4              3              0               2               507                       65       0            0          0.50         648            564            0.16              88.86              0
53                     101                  0.49                  0.56                 0.91                  9.96                 3                 1         0              0              1               4               423                       93       1            0          0.81          83            687            0.43              85.02              0
83                     118                  0.09                  0.47                 0.00                 78.71                 5                 5         4              0              0               2               416                        7       0            0          0.33         493            258            0.41              89.55              0
42                     107                  0.08                  0.75                 0.95                 42.32                 2                 1         6              1              1               4               446                       65       1            2          0.68           8            646            0.15              68.00              0
148                     44                  0.46                  0.53                 0.94                 63.28                 2                 1         6              3              0               5               458                       28       1            0          0.55          56            397            0.31              64.21              0
75                      64                  0.14                  0.23                 0.83                 13.51                 2                 1         6              2              1               5               904                       47       1            1          0.49          59            499            0.17              87.73              0
# 2026-06-05 02:42:20 UTC: Iteration 4 of 6
# experimentsUsed: 851
# timeUsed: 782299
# boundEstimate: 919.27027027027
# remainingBudget: 1499
# currentBudget: 499
# nbConfigurations: 60
# Markers:
     x No test is performed.
     c Configurations are discarded only due to capping.
     - The test is performed and some configurations are discarded.
     = The test is performed but no configuration is discarded.
     ! The test is performed and configurations could be discarded but elite configurations are preserved.
     . Alive configurations were already evaluated on this instance and nothing is discarded.
     : All alive configurations are elite, but some need to be evaluated on this instance.

+-+-----------+-----------+-----------+----------------+-----------+--------+-----+----+------+
| |   Instance|      Alive|       Best|       Mean best| Exp so far|  W time|  rho|KenW|  Qvar|
+-+-----------+-----------+-----------+----------------+-----------+--------+-----+----+------+
|x|          9|         60|        205|-3.773430000e+18|         60|15:01:42|   NA|  NA|    NA|
|x|          2|         60|        198|-5.157150018e+26|        114|14:35:18|+0.64|0.82|0.3229|
|x|          8|         60|        167|-3.269406679e+26|        168|13:30:09|+0.34|0.56|0.5668|
|x|          6|         60|        148|-5.105125009e+26|        222|14:42:02|+0.42|0.57|0.5011|
|-|          5|         22|        148|-4.084100008e+26|        276|13:30:18|-0.09|0.13|0.9808|
|=|          3|         22|        167|-3.275555006e+26|        292|04:00:01|-0.02|0.15|0.9044|
|=|          7|         22|        167|-2.814454477e+26|        308|04:22:31|+0.02|0.16|0.8443|
|-|          4|         15|        167|-2.462647672e+26|        324|04:00:10|+0.03|0.16|0.8386|
|=|          1|         15|        167|-2.194418675e+26|        333|02:16:18|+0.09|0.19|0.7853|
|-|         10|          4|        167|-1.974976808e+26|        348|03:45:03|+0.16|0.24|0.5288|
+-+-----------+-----------+-----------+----------------+-----------+--------+-----+----+------+
Best configuration for the instances in this race: 167
Best-so-far configuration:         205    mean value: -1.776951058e+26
Description of the best-so-far configuration:
    .ID. population_size_factor min_elites_percentage max_elites_percentage mutation_probability mutation_distribution num_total_parents num_elite_parents bias_type diversity_type crossover_type num_populations exchange_interval num_exchange_individuals pr_type pr_dist_func pr_percentage pr_interval shake_interval shake_intensity shake_distribution reset_interval .PARENT.
205  205                     96                  0.09                  0.64                 0.01                 99.13                 5                 4         4              0              0               4               918                       27       0            0          0.15         708             11            0.51              81.95              0       83

# 2026-06-08 20:26:01 UTC: Elite configurations (first number is the configuration ID; listed from best to worst according to the sum of ranks):
    population_size_factor min_elites_percentage max_elites_percentage mutation_probability mutation_distribution num_total_parents num_elite_parents bias_type diversity_type crossover_type num_populations exchange_interval num_exchange_individuals pr_type pr_dist_func pr_percentage pr_interval shake_interval shake_intensity shake_distribution reset_interval
205                     96                  0.09                  0.64                 0.01                 99.13                 5                 4         4              0              0               4               918                       27       0            0          0.15         708             11            0.51              81.95              0
167                     82                  0.35                  0.52                 0.01                 50.10                 5                 5         4              0              0               3               416                       52       0            0          0.14         745            196            0.48              57.28              0
179                    114                  0.17                  0.40                 0.01                 72.35                 5                 4         0              3              0               3               403                       16       0            0          0.65         835            879            0.59              70.71              0
191                     88                  0.15                  0.71                 0.01                 76.02                 5                 4         4              0              0               2               369                       30       0            1          0.45         478            342            0.22              83.23              0
# 2026-06-08 20:26:01 UTC: Iteration 5 of 6
# experimentsUsed: 1199
# timeUsed: 1104614
# boundEstimate: 921.279399499583
# remainingBudget: 1146
# currentBudget: 573
# nbConfigurations: 55
# Markers:
     x No test is performed.
     c Configurations are discarded only due to capping.
     - The test is performed and some configurations are discarded.
     = The test is performed but no configuration is discarded.
     ! The test is performed and configurations could be discarded but elite configurations are preserved.
     . Alive configurations were already evaluated on this instance and nothing is discarded.
     : All alive configurations are elite, but some need to be evaluated on this instance.

+-+-----------+-----------+-----------+----------------+-----------+--------+-----+----+------+
| |   Instance|      Alive|       Best|       Mean best| Exp so far|  W time|  rho|KenW|  Qvar|
+-+-----------+-----------+-----------+----------------+-----------+--------+-----+----+------+
|x|         11|         55|        235|-2.561230000e+17|         55|13:45:16|   NA|  NA|    NA|
|x|          8|         55|        235|-1.280615556e+17|        106|12:45:10|+0.68|0.84|0.2622|
|x|          1|         55|        256|-1.585163417e+24|        157|12:52:39|+0.51|0.67|0.4352|
|x|          2|         55|        167|-2.464201676e+26|        208|13:09:51|+0.46|0.59|0.5138|
|-|          7|         16|        167|-1.980931601e+26|        259|12:49:10|+0.08|0.26|0.8724|
|-|          9|         11|        167|-1.650776340e+26|        271|03:00:09|+0.05|0.21|0.9090|
|=|         10|         11|        205|-1.316017220e+26|        278|01:45:01|+0.12|0.25|0.8598|
|-|          5|          6|        205|-1.151515068e+26|        285|01:45:01|+0.11|0.22|0.6397|
+-+-----------+-----------+-----------+----------------+-----------+--------+-----+----+------+
Best-so-far configuration:         205    mean value: -1.615410053e+26
Description of the best-so-far configuration:
    .ID. population_size_factor min_elites_percentage max_elites_percentage mutation_probability mutation_distribution num_total_parents num_elite_parents bias_type diversity_type crossover_type num_populations exchange_interval num_exchange_individuals pr_type pr_dist_func pr_percentage pr_interval shake_interval shake_intensity shake_distribution reset_interval .PARENT.
205  205                     96                  0.09                  0.64                 0.01                 99.13                 5                 4         4              0              0               4               918                       27       0            0          0.15         708             11            0.51              81.95              0       83

# 2026-06-11 20:18:23 UTC: Elite configurations (first number is the configuration ID; listed from best to worst according to the sum of ranks):
    population_size_factor min_elites_percentage max_elites_percentage mutation_probability mutation_distribution num_total_parents num_elite_parents bias_type diversity_type crossover_type num_populations exchange_interval num_exchange_individuals pr_type pr_dist_func pr_percentage pr_interval shake_interval shake_intensity shake_distribution reset_interval
205                     96                  0.09                  0.64                 0.01                 99.13                 5                 4         4              0              0               4               918                       27       0            0          0.15         708             11            0.51              81.95              0
167                     82                  0.35                  0.52                 0.01                 50.10                 5                 5         4              0              0               3               416                       52       0            0          0.14         745            196            0.48              57.28              0
179                    114                  0.17                  0.40                 0.01                 72.35                 5                 4         0              3              0               3               403                       16       0            0          0.65         835            879            0.59              70.71              0
191                     88                  0.15                  0.71                 0.01                 76.02                 5                 4         4              0              0               2               369                       30       0            1          0.45         478            342            0.22              83.23              0
235                    119                  0.27                  0.66                 0.06                 93.24                 5                 5         4              0              0               4               537                       34       0            0          0.41         800              5            0.70              79.27              0
256                    110                  0.09                  0.35                 0.02                 79.23                 5                 5         0              0              0               5               856                       10       0            0          0.50         727             70            0.54              96.82              0
# 2026-06-11 20:18:23 UTC: Iteration 6 of 6
# experimentsUsed: 1484
# timeUsed: 1363059
# boundEstimate: 918.503369272237
# remainingBudget: 868
# currentBudget: 868
# nbConfigurations: 77
# Markers:
     x No test is performed.
     c Configurations are discarded only due to capping.
     - The test is performed and some configurations are discarded.
     = The test is performed but no configuration is discarded.
     ! The test is performed and configurations could be discarded but elite configurations are preserved.
     . Alive configurations were already evaluated on this instance and nothing is discarded.
     : All alive configurations are elite, but some need to be evaluated on this instance.

+-+-----------+-----------+-----------+----------------+-----------+--------+-----+----+------+
| |   Instance|      Alive|       Best|       Mean best| Exp so far|  W time|  rho|KenW|  Qvar|
+-+-----------+-----------+-----------+----------------+-----------+--------+-----+----+------+
|x|         12|         77|        318|-1.033350000e+27|         77|19:38:12|   NA|  NA|    NA|
|x|          3|         77|        325|-4.903535000e+26|        150|18:15:11|+0.17|0.59|0.8244|
|x|          7|         77|        179|-3.268210400e+26|        221|17:51:10|+0.32|0.55|0.6404|
|x|          9|         77|        266|-2.486153084e+26|        292|17:47:07|+0.45|0.59|0.5241|
|-|          5|         17|        179|-1.960926248e+26|        363|17:45:23|+0.17|0.34|0.7630|
|-|          4|         11|        205|-1.505916780e+26|        376|03:15:24|-0.02|0.15|0.9200|
|=|          6|         11|        167|-2.857565911e+26|        383|01:46:34|+0.04|0.17|0.8851|
|=|          2|         11|        167|-3.726397672e+26|        388|01:19:00|+0.08|0.20|0.8422|
|-|         11|          9|        167|-3.312353487e+26|        393|01:15:00|+0.12|0.22|0.7604|
|!|          8|          9|        167|-2.981118138e+26|        396|00:45:00|+0.11|0.20|0.7506|
|=|          1|          9|        167|-2.714524371e+26|        399|00:45:02|+0.06|0.14|0.7975|
|=|         10|          9|        167|-2.488314007e+26|        402|00:45:00|+0.08|0.15|0.7800|
|=|         13|          9|        205|-2.062176614e+26|        411|02:16:01|+0.06|0.13|0.8038|
+-+-----------+-----------+-----------+----------------+-----------+--------+-----+----+------+
Best-so-far configuration:         205    mean value: -2.062176614e+26
Description of the best-so-far configuration:
    .ID. population_size_factor min_elites_percentage max_elites_percentage mutation_probability mutation_distribution num_total_parents num_elite_parents bias_type diversity_type crossover_type num_populations exchange_interval num_exchange_individuals pr_type pr_dist_func pr_percentage pr_interval shake_interval shake_intensity shake_distribution reset_interval .PARENT.
205  205                     96                  0.09                  0.64                 0.01                 99.13                 5                 4         4              0              0               4               918                       27       0            0          0.15         708             11            0.51              81.95              0       83

# 2026-06-16 03:42:34 UTC: Elite configurations (first number is the configuration ID; listed from best to worst according to the sum of ranks):
    population_size_factor min_elites_percentage max_elites_percentage mutation_probability mutation_distribution num_total_parents num_elite_parents bias_type diversity_type crossover_type num_populations exchange_interval num_exchange_individuals pr_type pr_dist_func pr_percentage pr_interval shake_interval shake_intensity shake_distribution reset_interval
205                     96                  0.09                  0.64                 0.01                 99.13                 5                 4         4              0              0               4               918                       27       0            0          0.15         708             11            0.51              81.95              0
167                     82                  0.35                  0.52                 0.01                 50.10                 5                 5         4              0              0               3               416                       52       0            0          0.14         745            196            0.48              57.28              0
179                    114                  0.17                  0.40                 0.01                 72.35                 5                 4         0              3              0               3               403                       16       0            0          0.65         835            879            0.59              70.71              0
235                    119                  0.27                  0.66                 0.06                 93.24                 5                 5         4              0              0               4               537                       34       0            0          0.41         800              5            0.70              79.27              0
266                    103                  0.19                  0.40                 0.01                 88.53                 5                 4         4              0              0               3               979                       40       0            0          0.13         535            368            0.34              94.02              0
318                     99                  0.32                  0.65                 0.01                 96.58                 5                 4         4              0              0               3               896                       23       0            0          0.49         873            324            0.65              90.07              0
# 2026-06-16 03:42:34 UTC: Iteration 7 of 7
# experimentsUsed: 1895
# timeUsed: 1734953
# boundEstimate: 915.542480211082
# remainingBudget: 464
# currentBudget: 464
# nbConfigurations: 38
# Markers:
     x No test is performed.
     c Configurations are discarded only due to capping.
     - The test is performed and some configurations are discarded.
     = The test is performed but no configuration is discarded.
     ! The test is performed and configurations could be discarded but elite configurations are preserved.
     . Alive configurations were already evaluated on this instance and nothing is discarded.
     : All alive configurations are elite, but some need to be evaluated on this instance.

+-+-----------+-----------+-----------+----------------+-----------+--------+-----+----+------+
| |   Instance|      Alive|       Best|       Mean best| Exp so far|  W time|  rho|KenW|  Qvar|
+-+-----------+-----------+-----------+----------------+-----------+--------+-----+----+------+
|x|         14|         38|        179|-1.101990000e+11|         38|09:30:04|   NA|  NA|    NA|
|x|          8|         38|        235|-1.099350000e+11|         70|08:00:03|+0.80|0.90|0.1895|
|x|          9|         38|        235|-1.249466740e+18|        102|08:00:17|+0.69|0.80|0.3101|
|x|         12|         38|        235|-2.347505009e+26|        134|08:24:21|+0.60|0.70|0.4453|
|-|          3|          9|        235|-1.878004007e+26|        166|08:00:03|+0.01|0.21|0.8541|
|=|          6|          9|        235|-3.129566673e+26|        169|00:45:30|+0.01|0.18|0.8205|
|=|          2|          9|        235|-4.036304291e+26|        172|00:45:22|+0.05|0.19|0.7815|
|=|         13|          9|        179|-3.605626230e+26|        175|00:45:14|+0.08|0.20|0.7642|
|=|          4|          9|        179|-3.205001097e+26|        178|00:45:01|+0.11|0.21|0.7239|
|-|         10|          6|        235|-2.828873148e+26|        181|00:45:00|-0.10|0.01|0.9126|
|.|          5|          6|        235|-2.571702862e+26|        181|00:00:00|-0.07|0.03|0.8996|
|.|          7|          6|        235|-2.360158107e+26|        181|00:00:00|-0.06|0.03|0.9002|
|.|         11|          6|        235|-2.178607483e+26|        181|00:00:00|-0.04|0.04|0.8863|
|.|          1|          6|        235|-2.025375670e+26|        181|00:00:00|-0.04|0.03|0.8861|
+-+-----------+-----------+-----------+----------------+-----------+--------+-----+----+------+
Best configuration for the instances in this race: 235
Best-so-far configuration:         167    mean value: -2.136304706e+26
Description of the best-so-far configuration:
    .ID. population_size_factor min_elites_percentage max_elites_percentage mutation_probability mutation_distribution num_total_parents num_elite_parents bias_type diversity_type crossover_type num_populations exchange_interval num_exchange_individuals pr_type pr_dist_func pr_percentage pr_interval shake_interval shake_intensity shake_distribution reset_interval .PARENT.
167  167                     82                  0.35                  0.52                 0.01                  50.1                 5                 5         4              0              0               3               416                       52       0            0          0.14         745            196            0.48              57.28              0       83

# 2026-06-18 01:23:35 UTC: Elite configurations (first number is the configuration ID; listed from best to worst according to the sum of ranks):
    population_size_factor min_elites_percentage max_elites_percentage mutation_probability mutation_distribution num_total_parents num_elite_parents bias_type diversity_type crossover_type num_populations exchange_interval num_exchange_individuals pr_type pr_dist_func pr_percentage pr_interval shake_interval shake_intensity shake_distribution reset_interval
167                     82                  0.35                  0.52                 0.01                 50.10                 5                 5         4              0              0               3               416                       52       0            0          0.14         745            196            0.48              57.28              0
235                    119                  0.27                  0.66                 0.06                 93.24                 5                 5         4              0              0               4               537                       34       0            0          0.41         800              5            0.70              79.27              0
205                     96                  0.09                  0.64                 0.01                 99.13                 5                 4         4              0              0               4               918                       27       0            0          0.15         708             11            0.51              81.95              0
179                    114                  0.17                  0.40                 0.01                 72.35                 5                 4         0              3              0               3               403                       16       0            0          0.65         835            879            0.59              70.71              0
266                    103                  0.19                  0.40                 0.01                 88.53                 5                 4         4              0              0               3               979                       40       0            0          0.13         535            368            0.34              94.02              0
318                     99                  0.32                  0.65                 0.01                 96.58                 5                 4         4              0              0               3               896                       23       0            0          0.49         873            324            0.65              90.07              0
# 2026-06-18 01:23:35 UTC: Iteration 8 of 8
# experimentsUsed: 2076
# timeUsed: 1899244
# boundEstimate: 914.857418111753
# remainingBudget: 285
# currentBudget: 285
# nbConfigurations: 24
# Markers:
     x No test is performed.
     c Configurations are discarded only due to capping.
     - The test is performed and some configurations are discarded.
     = The test is performed but no configuration is discarded.
     ! The test is performed and configurations could be discarded but elite configurations are preserved.
     . Alive configurations were already evaluated on this instance and nothing is discarded.
     : All alive configurations are elite, but some need to be evaluated on this instance.

+-+-----------+-----------+-----------+----------------+-----------+--------+-----+----+------+
| |   Instance|      Alive|       Best|       Mean best| Exp so far|  W time|  rho|KenW|  Qvar|
+-+-----------+-----------+-----------+----------------+-----------+--------+-----+----+------+
|x|         15|         24|        205|-3.818830000e+18|         24|06:00:21|   NA|  NA|    NA|
|x|          6|         24|        167|-4.922555019e+26|         42|04:35:02|+0.55|0.77|0.3913|
|x|         11|         24|        167|-3.281703347e+26|         60|04:30:04|+0.57|0.71|0.4194|
|x|          3|         24|        266|-2.426997510e+26|         78|04:30:04|+0.53|0.65|0.4551|
|-|          1|          8|        179|-1.925929408e+26|         96|04:32:25|-0.01|0.19|0.8824|
|=|          8|          8|        179|-1.604941173e+26|         98|00:30:00|+0.05|0.21|0.8513|
|=|          4|          8|        205|-1.230422854e+26|        100|00:30:01|+0.13|0.25|0.7680|
|=|          2|          8|        167|-2.462739597e+26|        102|00:30:14|+0.06|0.18|0.8139|
|=|          5|          8|        167|-2.189101865e+26|        104|00:30:00|+0.05|0.16|0.7939|
|=|          9|          8|        205|-1.772203002e+26|        106|00:30:05|+0.10|0.19|0.7477|
|=|         12|          8|        167|-2.710174256e+26|        108|00:31:52|+0.07|0.15|0.7920|
|-|         10|          6|        167|-2.484326402e+26|        110|00:30:00|-0.03|0.06|0.8813|
|.|          7|          6|        167|-2.296905240e+26|        110|00:00:00|-0.03|0.05|0.8841|
|.|         13|          6|        167|-2.136304709e+26|        110|00:00:00|-0.03|0.04|0.8750|
|.|         14|          6|        167|-1.993884395e+26|        110|00:00:00|-0.03|0.03|0.8779|
+-+-----------+-----------+-----------+----------------+-----------+--------+-----+----+------+
Best-so-far configuration:         167    mean value: -1.993884395e+26
Description of the best-so-far configuration:
    .ID. population_size_factor min_elites_percentage max_elites_percentage mutation_probability mutation_distribution num_total_parents num_elite_parents bias_type diversity_type crossover_type num_populations exchange_interval num_exchange_individuals pr_type pr_dist_func pr_percentage pr_interval shake_interval shake_intensity shake_distribution reset_interval .PARENT.
167  167                     82                  0.35                  0.52                 0.01                  50.1                 5                 5         4              0              0               3               416                       52       0            0          0.14         745            196            0.48              57.28              0       83

# 2026-06-19 05:03:50 UTC: Elite configurations (first number is the configuration ID; listed from best to worst according to the sum of ranks):
    population_size_factor min_elites_percentage max_elites_percentage mutation_probability mutation_distribution num_total_parents num_elite_parents bias_type diversity_type crossover_type num_populations exchange_interval num_exchange_individuals pr_type pr_dist_func pr_percentage pr_interval shake_interval shake_intensity shake_distribution reset_interval
167                     82                  0.35                  0.52                 0.01                 50.10                 5                 5         4              0              0               3               416                       52       0            0          0.14         745            196            0.48              57.28              0
205                     96                  0.09                  0.64                 0.01                 99.13                 5                 4         4              0              0               4               918                       27       0            0          0.15         708             11            0.51              81.95              0
235                    119                  0.27                  0.66                 0.06                 93.24                 5                 5         4              0              0               4               537                       34       0            0          0.41         800              5            0.70              79.27              0
179                    114                  0.17                  0.40                 0.01                 72.35                 5                 4         0              3              0               3               403                       16       0            0          0.65         835            879            0.59              70.71              0
318                     99                  0.32                  0.65                 0.01                 96.58                 5                 4         4              0              0               3               896                       23       0            0          0.49         873            324            0.65              90.07              0
266                    103                  0.19                  0.40                 0.01                 88.53                 5                 4         4              0              0               3               979                       40       0            0          0.13         535            368            0.34              94.02              0
# 2026-06-19 05:03:50 UTC: Iteration 9 of 9
# experimentsUsed: 2186
# timeUsed: 1998760
# boundEstimate: 914.345837145471
# remainingBudget: 176
# currentBudget: 176
# nbConfigurations: 16
# Markers:
     x No test is performed.
     c Configurations are discarded only due to capping.
     - The test is performed and some configurations are discarded.
     = The test is performed but no configuration is discarded.
     ! The test is performed and configurations could be discarded but elite configurations are preserved.
     . Alive configurations were already evaluated on this instance and nothing is discarded.
     : All alive configurations are elite, but some need to be evaluated on this instance.

+-+-----------+-----------+-----------+----------------+-----------+--------+-----+----+------+
| |   Instance|      Alive|       Best|       Mean best| Exp so far|  W time|  rho|KenW|  Qvar|
+-+-----------+-----------+-----------+----------------+-----------+--------+-----+----+------+
|x|         16|         16|        205|-3.807400000e+18|         16|04:00:29|   NA|  NA|    NA|
|x|          6|         16|        266|-4.853995019e+26|         26|02:32:29|+0.52|0.76|0.2987|
|x|          7|         16|        167|-3.297653779e+26|         36|02:30:22|+0.64|0.76|0.2676|
|x|          9|         16|        395|-2.642481069e+26|         46|02:30:04|+0.69|0.76|0.2250|
|-|          5|          7|        395|-2.113984855e+26|         56|02:30:01|+0.03|0.22|0.8754|
|=|         13|          7|        395|-1.770107730e+26|         57|00:15:00|+0.02|0.18|0.8521|
|=|         14|          7|        395|-1.517235197e+26|         58|00:15:00|+0.02|0.16|0.8905|
|=|          2|          7|        395|-2.638293297e+26|         59|00:15:09|+0.01|0.14|0.8640|
|=|          4|          7|        395|-2.345149601e+26|         60|00:15:00|-0.01|0.10|0.8723|
|=|         11|          7|        395|-2.110634642e+26|         61|00:15:00|-0.02|0.08|0.8867|
|=|         10|          7|        395|-1.918758765e+26|         62|00:15:00|-0.03|0.06|0.9019|
|=|          3|          7|        395|-1.758862202e+26|         63|00:15:00|-0.02|0.06|0.8982|
|=|          8|          7|        235|-1.456298255e+26|         64|00:15:00|+0.00|0.08|0.8900|
|=|         15|          7|        395|-1.507596175e+26|         65|00:15:00|+0.01|0.08|0.8821|
|=|         12|          7|        395|-2.115463097e+26|         66|00:15:49|-0.00|0.06|0.8807|
|=|          1|          7|        395|-1.986293610e+26|         67|00:15:04|-0.01|0.06|0.8750|
|=|         17|          7|        395|-1.872330909e+26|         74|01:45:39|+0.00|0.06|0.8641|
+-+-----------+-----------+-----------+----------------+-----------+--------+-----+----+------+
Best-so-far configuration:         395    mean value: -1.872330909e+26
Description of the best-so-far configuration:
    .ID. population_size_factor min_elites_percentage max_elites_percentage mutation_probability mutation_distribution num_total_parents num_elite_parents bias_type diversity_type crossover_type num_populations exchange_interval num_exchange_individuals pr_type pr_dist_func pr_percentage pr_interval shake_interval shake_intensity shake_distribution reset_interval .PARENT.
395  395                    106                  0.16                   0.4                 0.01                 99.24                 5                 5         4              0              0               4               963                       18       0            0           0.3         651             39            0.55              79.19              0      205

# 2026-06-19 23:39:03 UTC: Elite configurations (first number is the configuration ID; listed from best to worst according to the sum of ranks):
    population_size_factor min_elites_percentage max_elites_percentage mutation_probability mutation_distribution num_total_parents num_elite_parents bias_type diversity_type crossover_type num_populations exchange_interval num_exchange_individuals pr_type pr_dist_func pr_percentage pr_interval shake_interval shake_intensity shake_distribution reset_interval
395                    106                  0.16                  0.40                 0.01                 99.24                 5                 5         4              0              0               4               963                       18       0            0          0.30         651             39            0.55              79.19              0
205                     96                  0.09                  0.64                 0.01                 99.13                 5                 4         4              0              0               4               918                       27       0            0          0.15         708             11            0.51              81.95              0
167                     82                  0.35                  0.52                 0.01                 50.10                 5                 5         4              0              0               3               416                       52       0            0          0.14         745            196            0.48              57.28              0
179                    114                  0.17                  0.40                 0.01                 72.35                 5                 4         0              3              0               3               403                       16       0            0          0.65         835            879            0.59              70.71              0
235                    119                  0.27                  0.66                 0.06                 93.24                 5                 5         4              0              0               4               537                       34       0            0          0.41         800              5            0.70              79.27              0
266                    103                  0.19                  0.40                 0.01                 88.53                 5                 4         4              0              0               3               979                       40       0            0          0.13         535            368            0.34              94.02              0
# 2026-06-19 23:39:03 UTC: Iteration 10 of 10
# experimentsUsed: 2260
# timeUsed: 2065611
# boundEstimate: 913.987168141593
# remainingBudget: 103
# currentBudget: 103
# nbConfigurations: 11
# Markers:
     x No test is performed.
     c Configurations are discarded only due to capping.
     - The test is performed and some configurations are discarded.
     = The test is performed but no configuration is discarded.
     ! The test is performed and configurations could be discarded but elite configurations are preserved.
     . Alive configurations were already evaluated on this instance and nothing is discarded.
     : All alive configurations are elite, but some need to be evaluated on this instance.

+-+-----------+-----------+-----------+----------------+-----------+--------+-----+----+------+
| |   Instance|      Alive|       Best|       Mean best| Exp so far|  W time|  rho|KenW|  Qvar|
+-+-----------+-----------+-----------+----------------+-----------+--------+-----+----+------+
|x|         18|         11|        266|-2.538060000e+17|         11|02:45:02|   NA|  NA|    NA|
|x|          8|         11|        235|-1.243200556e+17|         16|01:15:00|+0.15|0.58|0.4160|
|x|          2|         11|        167|-3.269406668e+26|         21|01:16:20|+0.16|0.44|0.5538|
|x|          7|         11|        167|-2.464017826e+26|         26|01:15:23|+0.28|0.46|0.4934|
|-|          9|          7|        395|-2.106924848e+26|         31|01:15:03|-0.16|0.07|0.9745|
|=|         13|          7|        395|-1.764224390e+26|         32|00:15:03|-0.10|0.09|0.8959|
|=|          4|          7|        395|-1.512192340e+26|         33|00:15:00|-0.08|0.07|0.8786|
|=|         10|          7|        167|-1.238071147e+26|         34|00:15:00|-0.09|0.05|0.9068|
|=|         17|          7|        167|-1.106224109e+26|         35|00:15:04|-0.03|0.08|0.8553|
|=|          1|          7|        205|-9.314027181e+25|         36|00:15:02|+0.02|0.12|0.8041|
|=|         14|          7|        179|-8.793647251e+25|         37|00:15:00|-0.00|0.09|0.8448|
|=|         15|          7|        205|-7.761689349e+25|         38|00:15:00|+0.02|0.10|0.8114|
|=|          6|          7|        395|-1.631078878e+26|         39|00:15:08|+0.02|0.09|0.8184|
|=|          3|          7|        395|-1.514573244e+26|         40|00:15:00|-0.00|0.07|0.8512|
|=|          5|          7|        395|-1.413601695e+26|         41|00:15:00|-0.00|0.06|0.8614|
|=|         16|          7|        395|-1.325251591e+26|         42|00:15:01|-0.01|0.05|0.8651|
|=|         11|          7|        395|-1.247295615e+26|         43|00:15:00|-0.03|0.03|0.8815|
|=|         12|          7|        395|-1.768312525e+26|         44|00:15:06|-0.02|0.04|0.8700|
|=|         19|          7|        395|-1.675243445e+26|         51|01:45:00|-0.01|0.04|0.8761|
+-+-----------+-----------+-----------+----------------+-----------+--------+-----+----+------+
Best-so-far configuration:         395    mean value: -1.675243445e+26
Description of the best-so-far configuration:
    .ID. population_size_factor min_elites_percentage max_elites_percentage mutation_probability mutation_distribution num_total_parents num_elite_parents bias_type diversity_type crossover_type num_populations exchange_interval num_exchange_individuals pr_type pr_dist_func pr_percentage pr_interval shake_interval shake_intensity shake_distribution reset_interval .PARENT.
395  395                    106                  0.16                   0.4                 0.01                 99.24                 5                 5         4              0              0               4               963                       18       0            0           0.3         651             39            0.55              79.19              0      205

# 2026-06-20 12:26:22 UTC: Elite configurations (first number is the configuration ID; listed from best to worst according to the sum of ranks):
    population_size_factor min_elites_percentage max_elites_percentage mutation_probability mutation_distribution num_total_parents num_elite_parents bias_type diversity_type crossover_type num_populations exchange_interval num_exchange_individuals pr_type pr_dist_func pr_percentage pr_interval shake_interval shake_intensity shake_distribution reset_interval
395                    106                  0.16                  0.40                 0.01                 99.24                 5                 5         4              0              0               4               963                       18       0            0          0.30         651             39            0.55              79.19              0
167                     82                  0.35                  0.52                 0.01                 50.10                 5                 5         4              0              0               3               416                       52       0            0          0.14         745            196            0.48              57.28              0
205                     96                  0.09                  0.64                 0.01                 99.13                 5                 4         4              0              0               4               918                       27       0            0          0.15         708             11            0.51              81.95              0
179                    114                  0.17                  0.40                 0.01                 72.35                 5                 4         0              3              0               3               403                       16       0            0          0.65         835            879            0.59              70.71              0
235                    119                  0.27                  0.66                 0.06                 93.24                 5                 5         4              0              0               4               537                       34       0            0          0.41         800              5            0.70              79.27              0
266                    103                  0.19                  0.40                 0.01                 88.53                 5                 4         4              0              0               3               979                       40       0            0          0.13         535            368            0.34              94.02              0
# 2026-06-20 12:26:22 UTC: Iteration 11 of 11
# experimentsUsed: 2311
# timeUsed: 2111620
# boundEstimate: 913.725659887495
# remainingBudget: 53
# currentBudget: 53
# nbConfigurations: 8
# Markers:
     x No test is performed.
     c Configurations are discarded only due to capping.
     - The test is performed and some configurations are discarded.
     = The test is performed but no configuration is discarded.
     ! The test is performed and configurations could be discarded but elite configurations are preserved.
     . Alive configurations were already evaluated on this instance and nothing is discarded.
     : All alive configurations are elite, but some need to be evaluated on this instance.

+-+-----------+-----------+-----------+----------------+-----------+--------+-----+----+------+
| |   Instance|      Alive|       Best|       Mean best| Exp so far|  W time|  rho|KenW|  Qvar|
+-+-----------+-----------+-----------+----------------+-----------+--------+-----+----+------+
|x|         20|          8|        395|-1.041060000e+27|          8|02:01:10|   NA|  NA|    NA|
|x|          5|          8|        395|-5.205300001e+26|         10|00:30:00|+0.50|0.75|0.3013|
|x|         12|          8|        395|-7.012066668e+26|         12|00:30:10|+0.57|0.71|0.2011|
|x|         19|          8|        395|-5.259050001e+26|         14|00:30:00|+0.63|0.73|0.2162|
|-|         10|          6|        395|-4.207240001e+26|         16|00:30:01|-0.01|0.20|0.8316|
|.|         13|          6|        395|-3.514487017e+26|         16|00:00:00|-0.04|0.13|0.8717|
|.|          2|          6|        395|-4.510374586e+26|         16|00:00:00|-0.01|0.13|0.8292|
|.|         16|          6|        395|-3.946577768e+26|         16|00:00:00|-0.07|0.07|0.8589|
|.|         11|          6|        395|-3.508069127e+26|         16|00:00:00|-0.07|0.05|0.8785|
|.|         14|          6|        395|-3.157262214e+26|         16|00:00:00|-0.04|0.07|0.8744|
|.|         17|          6|        395|-2.874686349e+26|         16|00:00:00|-0.05|0.05|0.8818|
|.|          9|          6|        395|-2.635129157e+26|         16|00:00:00|-0.04|0.05|0.8700|
|.|         18|          6|        395|-2.432426914e+26|         16|00:00:00|-0.05|0.03|0.8758|
|.|          3|          6|        395|-2.258682135e+26|         16|00:00:00|-0.03|0.04|0.8691|
|.|          7|          6|        395|-2.111364939e+26|         16|00:00:00|-0.02|0.05|0.8673|
|.|         15|          6|        395|-1.979404633e+26|         16|00:00:00|-0.03|0.04|0.8621|
|.|          4|          6|        395|-1.862969068e+26|         16|00:00:00|-0.04|0.02|0.8624|
|.|          8|          6|        395|-1.759470787e+26|         16|00:00:00|-0.04|0.02|0.8682|
|.|          6|          6|        395|-2.220603903e+26|         16|00:00:00|-0.03|0.03|0.8569|
|.|          1|          6|        395|-2.112011273e+26|         16|00:00:00|-0.02|0.03|0.8523|
+-+-----------+-----------+-----------+----------------+-----------+--------+-----+----+------+
Best-so-far configuration:         395    mean value: -2.112011273e+26
Description of the best-so-far configuration:
    .ID. population_size_factor min_elites_percentage max_elites_percentage mutation_probability mutation_distribution num_total_parents num_elite_parents bias_type diversity_type crossover_type num_populations exchange_interval num_exchange_individuals pr_type pr_dist_func pr_percentage pr_interval shake_interval shake_intensity shake_distribution reset_interval .PARENT.
395  395                    106                  0.16                   0.4                 0.01                 99.24                 5                 5         4              0              0               4               963                       18       0            0           0.3         651             39            0.55              79.19              0      205

# 2026-06-20 16:27:46 UTC: Elite configurations (first number is the configuration ID; listed from best to worst according to the sum of ranks):
    population_size_factor min_elites_percentage max_elites_percentage mutation_probability mutation_distribution num_total_parents num_elite_parents bias_type diversity_type crossover_type num_populations exchange_interval num_exchange_individuals pr_type pr_dist_func pr_percentage pr_interval shake_interval shake_intensity shake_distribution reset_interval
395                    106                  0.16                  0.40                 0.01                 99.24                 5                 5         4              0              0               4               963                       18       0            0          0.30         651             39            0.55              79.19              0
167                     82                  0.35                  0.52                 0.01                 50.10                 5                 5         4              0              0               3               416                       52       0            0          0.14         745            196            0.48              57.28              0
179                    114                  0.17                  0.40                 0.01                 72.35                 5                 4         0              3              0               3               403                       16       0            0          0.65         835            879            0.59              70.71              0
205                     96                  0.09                  0.64                 0.01                 99.13                 5                 4         4              0              0               4               918                       27       0            0          0.15         708             11            0.51              81.95              0
235                    119                  0.27                  0.66                 0.06                 93.24                 5                 5         4              0              0               4               537                       34       0            0          0.41         800              5            0.70              79.27              0
266                    103                  0.19                  0.40                 0.01                 88.53                 5                 4         4              0              0               3               979                       40       0            0          0.13         535            368            0.34              94.02              0
# 2026-06-20 16:27:46 UTC: Iteration 12 of 12
# experimentsUsed: 2327
# timeUsed: 2126077
# boundEstimate: 913.655779974216
# remainingBudget: 37
# currentBudget: 37
# nbConfigurations: 7
# Markers:
     x No test is performed.
     c Configurations are discarded only due to capping.
     - The test is performed and some configurations are discarded.
     = The test is performed but no configuration is discarded.
     ! The test is performed and configurations could be discarded but elite configurations are preserved.
     . Alive configurations were already evaluated on this instance and nothing is discarded.
     : All alive configurations are elite, but some need to be evaluated on this instance.

+-+-----------+-----------+-----------+----------------+-----------+--------+-----+----+------+
| |   Instance|      Alive|       Best|       Mean best| Exp so far|  W time|  rho|KenW|  Qvar|
+-+-----------+-----------+-----------+----------------+-----------+--------+-----+----+------+
|x|         21|          7|        179|-5.032080000e+24|          7|01:45:11|   NA|  NA|    NA|
|x|          4|          7|        167|-2.458716887e+24|          8|00:15:00|+0.39|0.70|0.1741|
|x|         10|          7|        205|-1.627811363e+24|          9|00:15:00|+0.38|0.59|0.3405|
|x|          6|          7|        167|-2.473571085e+26|         10|00:15:06|+0.30|0.47|0.3933|
|-|         16|          6|        167|-1.978856875e+26|         11|00:15:00|-0.06|0.15|0.8725|
|.|          7|          6|        167|-1.657022613e+26|         11|00:00:00|-0.06|0.11|0.8380|
|.|         18|          6|        167|-1.420305097e+26|         11|00:00:00|-0.06|0.10|0.8409|
|.|         14|          6|        167|-1.242766960e+26|         11|00:00:00|-0.08|0.06|0.8755|
|.|          9|          6|        167|-1.104681746e+26|         11|00:00:00|-0.10|0.03|0.8980|
|.|          3|          6|        167|-9.942135716e+25|         11|00:00:00|-0.10|0.01|0.9160|
|.|         17|          6|        167|-9.085075924e+25|         11|00:00:00|-0.07|0.02|0.8870|
|.|          1|          6|        167|-8.368475180e+25|         11|00:00:00|-0.05|0.04|0.8558|
|.|         12|          6|        167|-1.550166940e+26|         11|00:00:00|-0.04|0.04|0.8441|
|.|         11|          6|        167|-1.439440730e+26|         11|00:00:00|-0.05|0.03|0.8625|
|.|         19|          6|        167|-1.343478015e+26|         11|00:00:00|-0.04|0.03|0.8725|
|.|          8|          6|        167|-1.259510639e+26|         11|00:00:00|-0.04|0.03|0.8792|
|.|          2|          6|        167|-1.762375895e+26|         11|00:00:00|-0.03|0.03|0.8698|
|.|         15|          6|        167|-1.664466125e+26|         11|00:00:00|-0.03|0.03|0.8603|
|.|         20|          6|        167|-2.013308961e+26|         11|00:00:00|-0.03|0.02|0.8515|
|.|         13|          6|        167|-1.915068403e+26|         11|00:00:00|-0.02|0.03|0.8393|
|.|          5|          6|        167|-1.823874669e+26|         11|00:00:00|-0.02|0.03|0.8431|
+-+-----------+-----------+-----------+----------------+-----------+--------+-----+----+------+
Best configuration for the instances in this race: 167
Best-so-far configuration:         395    mean value: -2.013758760e+26
Description of the best-so-far configuration:
    .ID. population_size_factor min_elites_percentage max_elites_percentage mutation_probability mutation_distribution num_total_parents num_elite_parents bias_type diversity_type crossover_type num_populations exchange_interval num_exchange_individuals pr_type pr_dist_func pr_percentage pr_interval shake_interval shake_intensity shake_distribution reset_interval .PARENT.
395  395                    106                  0.16                   0.4                 0.01                 99.24                 5                 5         4              0              0               4               963                       18       0            0           0.3         651             39            0.55              79.19              0      205

# 2026-06-20 19:13:06 UTC: Elite configurations (first number is the configuration ID; listed from best to worst according to the sum of ranks):
    population_size_factor min_elites_percentage max_elites_percentage mutation_probability mutation_distribution num_total_parents num_elite_parents bias_type diversity_type crossover_type num_populations exchange_interval num_exchange_individuals pr_type pr_dist_func pr_percentage pr_interval shake_interval shake_intensity shake_distribution reset_interval
395                    106                  0.16                  0.40                 0.01                 99.24                 5                 5         4              0              0               4               963                       18       0            0          0.30         651             39            0.55              79.19              0
167                     82                  0.35                  0.52                 0.01                 50.10                 5                 5         4              0              0               3               416                       52       0            0          0.14         745            196            0.48              57.28              0
179                    114                  0.17                  0.40                 0.01                 72.35                 5                 4         0              3              0               3               403                       16       0            0          0.65         835            879            0.59              70.71              0
205                     96                  0.09                  0.64                 0.01                 99.13                 5                 4         4              0              0               4               918                       27       0            0          0.15         708             11            0.51              81.95              0
235                    119                  0.27                  0.66                 0.06                 93.24                 5                 5         4              0              0               4               537                       34       0            0          0.41         800              5            0.70              79.27              0
266                    103                  0.19                  0.40                 0.01                 88.53                 5                 4         4              0              0               3               979                       40       0            0          0.13         535            368            0.34              94.02              0
# 2026-06-20 19:13:06 UTC: Iteration 13 of 13
# experimentsUsed: 2338
# timeUsed: 2135989
# boundEstimate: 913.596663815227
# remainingBudget: 26
# currentBudget: 26
# nbConfigurations: 7
# Markers:
     x No test is performed.
     c Configurations are discarded only due to capping.
     - The test is performed and some configurations are discarded.
     = The test is performed but no configuration is discarded.
     ! The test is performed and configurations could be discarded but elite configurations are preserved.
     . Alive configurations were already evaluated on this instance and nothing is discarded.
     : All alive configurations are elite, but some need to be evaluated on this instance.

+-+-----------+-----------+-----------+----------------+-----------+--------+-----+----+------+
| |   Instance|      Alive|       Best|       Mean best| Exp so far|  W time|  rho|KenW|  Qvar|
+-+-----------+-----------+-----------+----------------+-----------+--------+-----+----+------+
|x|          5|          7|        235|-2.555170000e+17|          1|00:15:00|   NA|  NA|    NA|
|x|         10|          7|        235|-2.552405000e+17|          2|00:15:00|+0.36|0.68|0.6622|
|x|         11|          7|        235|-2.555346667e+17|          3|00:15:00|+0.38|0.59|0.6546|
|x|          9|          7|        235|-1.128751000e+18|          4|00:15:00|+0.29|0.47|0.6569|
|=|         17|          7|        235|-6.730769030e+23|          5|00:15:02|+0.19|0.35|0.7292|
|=|         14|          7|        235|-5.608974192e+23|          6|00:15:00|+0.18|0.32|0.7382|
|-|         19|          6|        235|-4.807692164e+23|          7|00:15:00|+0.07|0.20|0.8725|
|.|          4|          6|        235|-4.206735087e+23|          7|00:00:00|+0.01|0.13|0.8871|
|.|         12|          6|        235|-1.047074876e+26|          7|00:00:00|-0.01|0.10|0.8903|
|.|          3|          6|        235|-9.423673881e+25|          7|00:00:00|+0.00|0.10|0.8768|
|.|         15|          6|        235|-8.566976286e+25|          7|00:00:00|-0.02|0.07|0.8842|
|.|         21|          6|        235|-7.886385513e+25|          7|00:00:00|-0.03|0.06|0.8899|
|.|          6|          6|        235|-1.450080201e+26|          7|00:00:00|-0.02|0.06|0.8732|
|.|          2|          6|        235|-2.023412330e+26|          7|00:00:00|-0.00|0.07|0.8547|
|.|          1|          6|        235|-1.890742314e+26|          7|00:00:00|-0.01|0.06|0.8540|
|.|         16|          6|        235|-1.772570922e+26|          7|00:00:00|-0.03|0.04|0.8562|
|.|          7|          6|        235|-1.670252974e+26|          7|00:00:00|-0.02|0.04|0.8496|
|.|         20|          6|        235|-2.041080031e+26|          7|00:00:00|-0.01|0.04|0.8374|
|.|         13|          6|        235|-1.935475892e+26|          7|00:00:00|-0.00|0.05|0.8247|
|.|         18|          6|        235|-1.838702098e+26|          7|00:00:00|-0.01|0.04|0.8300|
|.|          8|          6|        235|-1.751144855e+26|          7|00:00:00|-0.02|0.03|0.8431|
+-+-----------+-----------+-----------+----------------+-----------+--------+-----+----+------+
Best configuration for the instances in this race: 235
Best-so-far configuration:         395    mean value: -2.013758760e+26
Description of the best-so-far configuration:
    .ID. population_size_factor min_elites_percentage max_elites_percentage mutation_probability mutation_distribution num_total_parents num_elite_parents bias_type diversity_type crossover_type num_populations exchange_interval num_exchange_individuals pr_type pr_dist_func pr_percentage pr_interval shake_interval shake_intensity shake_distribution reset_interval .PARENT.
395  395                    106                  0.16                   0.4                 0.01                 99.24                 5                 5         4              0              0               4               963                       18       0            0           0.3         651             39            0.55              79.19              0      205

# 2026-06-20 20:58:11 UTC: Elite configurations (first number is the configuration ID; listed from best to worst according to the sum of ranks):
    population_size_factor min_elites_percentage max_elites_percentage mutation_probability mutation_distribution num_total_parents num_elite_parents bias_type diversity_type crossover_type num_populations exchange_interval num_exchange_individuals pr_type pr_dist_func pr_percentage pr_interval shake_interval shake_intensity shake_distribution reset_interval
395                    106                  0.16                  0.40                 0.01                 99.24                 5                 5         4              0              0               4               963                       18       0            0          0.30         651             39            0.55              79.19              0
167                     82                  0.35                  0.52                 0.01                 50.10                 5                 5         4              0              0               3               416                       52       0            0          0.14         745            196            0.48              57.28              0
179                    114                  0.17                  0.40                 0.01                 72.35                 5                 4         0              3              0               3               403                       16       0            0          0.65         835            879            0.59              70.71              0
205                     96                  0.09                  0.64                 0.01                 99.13                 5                 4         4              0              0               4               918                       27       0            0          0.15         708             11            0.51              81.95              0
235                    119                  0.27                  0.66                 0.06                 93.24                 5                 5         4              0              0               4               537                       34       0            0          0.41         800              5            0.70              79.27              0
266                    103                  0.19                  0.40                 0.01                 88.53                 5                 4         4              0              0               3               979                       40       0            0          0.13         535            368            0.34              94.02              0
# 2026-06-20 20:58:11 UTC: Stopped because there is not enough budget left to race more than the minimum (6).
# You may either increase the budget or set 'minNbSurvival' to a lower value.
# Iteration: 14
# nbIterations: 14
# experimentsUsed: 2345
# timeUsed: 2142291
# remainingBudget: 19
# currentBudget: 19
# number of elites: 6
# nbConfigurations: 6
# Total CPU user time: 2144504, CPU sys time: 959.648, Wall-clock time: 2145532
# Best configurations (first number is the configuration ID; listed from best to worst according to the sum of ranks):
    population_size_factor min_elites_percentage max_elites_percentage mutation_probability mutation_distribution num_total_parents num_elite_parents bias_type diversity_type crossover_type num_populations exchange_interval num_exchange_individuals pr_type pr_dist_func pr_percentage pr_interval shake_interval shake_intensity shake_distribution reset_interval
395                    106                  0.16                  0.40                 0.01                 99.24                 5                 5         4              0              0               4               963                       18       0            0          0.30         651             39            0.55              79.19              0
167                     82                  0.35                  0.52                 0.01                 50.10                 5                 5         4              0              0               3               416                       52       0            0          0.14         745            196            0.48              57.28              0
179                    114                  0.17                  0.40                 0.01                 72.35                 5                 4         0              3              0               3               403                       16       0            0          0.65         835            879            0.59              70.71              0
205                     96                  0.09                  0.64                 0.01                 99.13                 5                 4         4              0              0               4               918                       27       0            0          0.15         708             11            0.51              81.95              0
235                    119                  0.27                  0.66                 0.06                 93.24                 5                 5         4              0              0               4               537                       34       0            0          0.41         800              5            0.70              79.27              0
266                    103                  0.19                  0.40                 0.01                 88.53                 5                 4         4              0              0               3               979                       40       0            0          0.13         535            368            0.34              94.02              0
# Best configurations as commandlines (first number is the configuration ID; listed from best to worst according to the sum of ranks):
395 --population-size-factor 106 --min-elites-percentage 0.16 --max-elites-percentage 0.4 --mutation-probability 0.01 --mutation-distribution 99.24 --num-total-parents 5 --num-elite-parents 5 --bias-type 4 --diversity-type 0 --crossover-type 0 --num-populations 4 --exchange-interval 963 --num-exchange-individuals 18 --pr-type 0 --pr-dist-func 0 --pr-percentage 0.3 --pr-interval 651 --shake-interval 39 --shake-intensity 0.55 --shake-distribution 79.19 --reset-interval 0
167 --population-size-factor 82 --min-elites-percentage 0.35 --max-elites-percentage 0.52 --mutation-probability 0.01 --mutation-distribution 50.1 --num-total-parents 5 --num-elite-parents 5 --bias-type 4 --diversity-type 0 --crossover-type 0 --num-populations 3 --exchange-interval 416 --num-exchange-individuals 52 --pr-type 0 --pr-dist-func 0 --pr-percentage 0.14 --pr-interval 745 --shake-interval 196 --shake-intensity 0.48 --shake-distribution 57.28 --reset-interval 0
179 --population-size-factor 114 --min-elites-percentage 0.17 --max-elites-percentage 0.4 --mutation-probability 0.01 --mutation-distribution 72.35 --num-total-parents 5 --num-elite-parents 4 --bias-type 0 --diversity-type 3 --crossover-type 0 --num-populations 3 --exchange-interval 403 --num-exchange-individuals 16 --pr-type 0 --pr-dist-func 0 --pr-percentage 0.65 --pr-interval 835 --shake-interval 879 --shake-intensity 0.59 --shake-distribution 70.71 --reset-interval 0
205 --population-size-factor 96 --min-elites-percentage 0.09 --max-elites-percentage 0.64 --mutation-probability 0.01 --mutation-distribution 99.13 --num-total-parents 5 --num-elite-parents 4 --bias-type 4 --diversity-type 0 --crossover-type 0 --num-populations 4 --exchange-interval 918 --num-exchange-individuals 27 --pr-type 0 --pr-dist-func 0 --pr-percentage 0.15 --pr-interval 708 --shake-interval 11 --shake-intensity 0.51 --shake-distribution 81.95 --reset-interval 0
235 --population-size-factor 119 --min-elites-percentage 0.27 --max-elites-percentage 0.66 --mutation-probability 0.06 --mutation-distribution 93.24 --num-total-parents 5 --num-elite-parents 5 --bias-type 4 --diversity-type 0 --crossover-type 0 --num-populations 4 --exchange-interval 537 --num-exchange-individuals 34 --pr-type 0 --pr-dist-func 0 --pr-percentage 0.41 --pr-interval 800 --shake-interval 5 --shake-intensity 0.7 --shake-distribution 79.27 --reset-interval 0
266 --population-size-factor 103 --min-elites-percentage 0.19 --max-elites-percentage 0.4 --mutation-probability 0.01 --mutation-distribution 88.53 --num-total-parents 5 --num-elite-parents 4 --bias-type 4 --diversity-type 0 --crossover-type 0 --num-populations 3 --exchange-interval 979 --num-exchange-individuals 40 --pr-type 0 --pr-dist-func 0 --pr-percentage 0.13 --pr-interval 535 --shake-interval 368 --shake-intensity 0.34 --shake-distribution 94.02 --reset-interval 0


# Testing of elite configurations: 5 
# Testing iteration configurations: FALSE 
# 2026-06-20 20:58:11 UTC: Testing configurations (in no particular order): 395 167 179 205 235
    population_size_factor min_elites_percentage max_elites_percentage mutation_probability mutation_distribution num_total_parents num_elite_parents bias_type diversity_type crossover_type num_populations exchange_interval num_exchange_individuals pr_type pr_dist_func pr_percentage pr_interval shake_interval shake_intensity shake_distribution reset_interval
395                    106                  0.16                  0.40                 0.01                 99.24                 5                 5         4              0              0               4               963                       18       0            0          0.30         651             39            0.55              79.19              0
167                     82                  0.35                  0.52                 0.01                 50.10                 5                 5         4              0              0               3               416                       52       0            0          0.14         745            196            0.48              57.28              0
179                    114                  0.17                  0.40                 0.01                 72.35                 5                 4         0              3              0               3               403                       16       0            0          0.65         835            879            0.59              70.71              0
205                     96                  0.09                  0.64                 0.01                 99.13                 5                 4         4              0              0               4               918                       27       0            0          0.15         708             11            0.51              81.95              0
235                    119                  0.27                  0.66                 0.06                 93.24                 5                 5         4              0              0               4               537                       34       0            0          0.41         800              5            0.70              79.27              0
# 2026-06-21 00:45:52 UTC: Testing results (column number is configuration ID in no particular order):
        seeds          395          167          179          205          235
1t 1498864257 -1.04791e+13 -1.01797e+13 -9.10030e+12 -1.03109e+13 -9.88187e+12
2t 1284866537 -7.63611e+25 -6.90660e+25 -8.23530e+25 -7.41034e+25 -6.59092e+25
3t 1843345298 -2.14615e+20 -2.08963e+20 -1.57843e+20 -2.13334e+20 -1.77762e+20
# 2026-06-21 00:45:52 UTC: Finished testing
