#------------------------------------------------------------------------------
# irace: An implementation in R of (Elitist) Iterated Racing
# Version: 4.4.3.dd8d85f
# Copyright (C) 2010-2025
# Manuel Lopez-Ibanez     <manuel.lopez-ibanez@manchester.ac.uk>
# Jeremie Dubois-Lacoste
# Leslie Perez Caceres    <leslie.perez.caceres@ulb.ac.be>
#
# This is free software, and you are welcome to redistribute it under certain
# conditions.  See the GNU General Public License for details. There is NO
# WARRANTY; not even for MERCHANTABILITY or FITNESS FOR A PARTICULAR PURPOSE.
#
# irace builds upon previous code from the race package:
#     race: Racing methods for the selection of the best
#     Copyright (C) 2003 Mauro Birattari
#------------------------------------------------------------------------------
# installed at: /home/luispmendes/R/library/irace
# called with: --scenario nsbrkga-scenario-stage1.txt
# 2026-05-27 00:59:18 UTC: Reading parameter file '/home/luispmendes/motsp_irace/irace/nsbrkga-parameters-stage1.txt'.
# 2026-05-27 00:59:18 UTC: 2 expression(s) specifying forbidden configurations read.
# 2026-05-27 00:59:18 UTC: Estimating execution time using 5% of 2160000 = 108000
# 2026-05-28 05:47:04 UTC: Estimated execution time is 901 based on 23 configurations and 5 instances. Used time: 103576, remaining time: 2056424, remaining budget (experiments): 2282
# 2026-05-28 05:47:04 UTC: Initialization
# Elitist race
# Elitist new instances: 1
# Elitist limit: 2
# nbIterations: 5
# minNbSurvival: 5
# nbParameters: 8
# seed: 1374630297
# confidence level: 0.95
# budget: 2282
# time budget: 2056424
# mu: 5
# deterministic: FALSE

# 2026-05-28 05:47:04 UTC: Iteration 1 of 5
# experimentsUsed: 115
# timeUsed: 103576
# boundEstimate: 901
# remainingBudget: 2282
# currentBudget: 456
# nbConfigurations: 76
# Markers:
     x No test is performed.
     c Configurations are discarded only due to capping.
     - The test is performed and some configurations are discarded.
     = The test is performed but no configuration is discarded.
     ! The test is performed and configurations could be discarded but elite configurations are preserved.
     . Alive configurations were already evaluated on this instance and nothing is discarded.
     : All alive configurations are elite, but some need to be evaluated on this instance.

+-+-----------+-----------+-----------+----------------+-----------+--------+-----+----+------+
| |   Instance|      Alive|       Best|       Mean best| Exp so far|  W time|  rho|KenW|  Qvar|
+-+-----------+-----------+-----------+----------------+-----------+--------+-----+----+------+
|x|          3|         71|         71|-3.125470000e+24|         48|12:00:26|   NA|  NA|    NA|
|x|          4|         71|         41|-1.431520000e+24|         96|12:00:04|+0.54|0.77|0.5270|
|x|          1|         71|         19|-9.424333940e+23|        144|12:00:06|+0.62|0.75|0.3846|
|x|          2|         71|         41|-1.957167600e+26|        192|12:04:21|+0.49|0.62|0.3986|
|-|          5|         16|         41|-1.565734085e+26|        240|12:00:18|+0.40|0.52|0.5440|
|-|          6|          7|          5|-1.302444242e+26|        256|04:00:06|+0.03|0.19|0.7649|
|=|          7|          7|          5|-1.116380779e+26|        263|01:45:00|+0.01|0.15|0.8298|
|=|          8|          7|          5|-9.805344063e+25|        270|01:45:06|+0.07|0.19|0.7741|
+-+-----------+-----------+-----------+----------------+-----------+--------+-----+----+------+
Best-so-far configuration:           5    mean value: -9.805344063e+25
Description of the best-so-far configuration:
  .ID. population_size_factor elites_percentage mutation_probability mutation_distribution num_total_parents num_elite_parents bias_type crossover_type diversity_type num_populations exchange_interval num_exchange_individuals pr_interval shake_interval reset_interval .PARENT.
5    5                     73              0.45                 0.12                 54.33                 2                 2         1              0              0               1                 0                        1           0              0              0       NA

# 2026-05-31 01:22:35 UTC: Elite configurations (first number is the configuration ID; listed from best to worst according to the sum of ranks):
   population_size_factor elites_percentage mutation_probability mutation_distribution num_total_parents num_elite_parents bias_type crossover_type diversity_type num_populations exchange_interval num_exchange_individuals pr_interval shake_interval reset_interval
5                      73              0.45                 0.12                 54.33                 2                 2         1              0              0               1                 0                        1           0              0              0
71                     83              0.12                 0.02                 89.93                 4                 2         2              1              0               1                 0                        1           0              0              0
41                    120              0.40                 0.17                 65.95                 4                 2         1              0              0               1                 0                        1           0              0              0
9                      76              0.27                 0.08                 71.93                 5                 3         4              0              0               1                 0                        1           0              0              0
61                     74              0.11                 0.12                 67.50                 2                 1         3              0              0               1                 0                        1           0              0              0
# 2026-05-31 01:22:35 UTC: Iteration 2 of 5
# experimentsUsed: 385
# timeUsed: 346722
# boundEstimate: 900.576623376623
# remainingBudget: 2013
# currentBudget: 503
# nbConfigurations: 60
# Markers:
     x No test is performed.
     c Configurations are discarded only due to capping.
     - The test is performed and some configurations are discarded.
     = The test is performed but no configuration is discarded.
     ! The test is performed and configurations could be discarded but elite configurations are preserved.
     . Alive configurations were already evaluated on this instance and nothing is discarded.
     : All alive configurations are elite, but some need to be evaluated on this instance.

+-+-----------+-----------+-----------+----------------+-----------+--------+-----+----+------+
| |   Instance|      Alive|       Best|       Mean best| Exp so far|  W time|  rho|KenW|  Qvar|
+-+-----------+-----------+-----------+----------------+-----------+--------+-----+----+------+
|x|          9|         60|         91|-2.297100000e+17|         60|15:00:08|   NA|  NA|    NA|
|x|          7|         60|         77|-1.049835502e+17|        115|13:45:05|+0.80|0.90|0.2715|
|x|          1|         60|         91|-1.529826997e+17|        170|13:45:07|+0.82|0.88|0.2113|
|x|          6|         60|         91|-8.664470248e+17|        225|13:45:19|+0.78|0.84|0.2404|
|-|          3|         13|         91|-6.098366932e+23|        280|13:45:34|+0.29|0.43|0.6281|
|-|          2|         10|         91|-1.306443639e+26|        288|02:00:53|+0.38|0.48|0.5973|
|-|          8|          9|         91|-1.124444605e+26|        293|01:15:06|+0.46|0.53|0.5004|
|!|          4|          9|         91|-9.838890293e+25|        297|01:00:00|+0.42|0.50|0.5380|
|-|          5|          4|         91|-8.745680293e+25|        301|01:00:01|+0.16|0.25|0.6378|
+-+-----------+-----------+-----------+----------------+-----------+--------+-----+----+------+
Best-so-far configuration:          91    mean value: -8.745680293e+25
Description of the best-so-far configuration:
   .ID. population_size_factor elites_percentage mutation_probability mutation_distribution num_total_parents num_elite_parents bias_type crossover_type diversity_type num_populations exchange_interval num_exchange_individuals pr_interval shake_interval reset_interval .PARENT.
91   91                    102              0.46                 0.03                 93.19                 3                 1         4              0              0               1                 0                        1           0              0              0        5

# 2026-06-03 04:39:52 UTC: Elite configurations (first number is the configuration ID; listed from best to worst according to the sum of ranks):
    population_size_factor elites_percentage mutation_probability mutation_distribution num_total_parents num_elite_parents bias_type crossover_type diversity_type num_populations exchange_interval num_exchange_individuals pr_interval shake_interval reset_interval
91                     102              0.46                 0.03                 93.19                 3                 1         4              0              0               1                 0                        1           0              0              0
109                     75              0.24                 0.03                 73.89                 3                 1         2              0              0               1                 0                        1           0              0              0
105                    105              0.44                 0.06                 48.99                 4                 4         2              0              0               1                 0                        1           0              0              0
101                     97              0.42                 0.06                 89.35                 3                 2         1              0              0               1                 0                        1           0              0              0
# 2026-06-03 04:39:52 UTC: Iteration 3 of 5
# experimentsUsed: 686
# timeUsed: 617666
# boundEstimate: 900.387755102041
# remainingBudget: 1713
# currentBudget: 571
# nbConfigurations: 60
# Markers:
     x No test is performed.
     c Configurations are discarded only due to capping.
     - The test is performed and some configurations are discarded.
     = The test is performed but no configuration is discarded.
     ! The test is performed and configurations could be discarded but elite configurations are preserved.
     . Alive configurations were already evaluated on this instance and nothing is discarded.
     : All alive configurations are elite, but some need to be evaluated on this instance.

+-+-----------+-----------+-----------+----------------+-----------+--------+-----+----+------+
| |   Instance|      Alive|       Best|       Mean best| Exp so far|  W time|  rho|KenW|  Qvar|
+-+-----------+-----------+-----------+----------------+-----------+--------+-----+----+------+
|x|         10|         60|        172|-8.217400000e+26|         60|15:05:37|   NA|  NA|    NA|
|x|          2|         60|        172|-8.489000000e+26|        116|14:05:28|+0.92|0.96|0.0875|
|x|          4|         60|        172|-5.659333333e+26|        172|14:00:05|+0.63|0.75|0.3786|
|x|          1|         60|        172|-4.244500001e+26|        228|14:00:08|+0.61|0.70|0.3795|
|-|          8|         11|        172|-3.403426880e+26|        284|14:00:46|+0.02|0.22|0.6985|
|=|          7|         11|        172|-2.836189067e+26|        291|01:45:00|+0.07|0.22|0.6394|
|=|          3|         11|        172|-2.436848472e+26|        298|01:45:11|+0.14|0.26|0.5587|
|-|          5|          5|        172|-2.132242417e+26|        305|01:45:02|+0.29|0.38|0.3868|
+-+-----------+-----------+-----------+----------------+-----------+--------+-----+----+------+
Best configuration for the instances in this race: 172
Best-so-far configuration:          91    mean value: -1.560410226e+26
Description of the best-so-far configuration:
   .ID. population_size_factor elites_percentage mutation_probability mutation_distribution num_total_parents num_elite_parents bias_type crossover_type diversity_type num_populations exchange_interval num_exchange_individuals pr_interval shake_interval reset_interval .PARENT.
91   91                    102              0.46                 0.03                 93.19                 3                 1         4              0              0               1                 0                        1           0              0              0        5

# 2026-06-06 09:07:13 UTC: Elite configurations (first number is the configuration ID; listed from best to worst according to the sum of ranks):
    population_size_factor elites_percentage mutation_probability mutation_distribution num_total_parents num_elite_parents bias_type crossover_type diversity_type num_populations exchange_interval num_exchange_individuals pr_interval shake_interval reset_interval
91                     102              0.46                 0.03                 93.19                 3                 1         4              0              0               1                 0                        1           0              0              0
109                     75              0.24                 0.03                 73.89                 3                 1         2              0              0               1                 0                        1           0              0              0
105                    105              0.44                 0.06                 48.99                 4                 4         2              0              0               1                 0                        1           0              0              0
101                     97              0.42                 0.06                 89.35                 3                 2         1              0              0               1                 0                        1           0              0              0
172                    106              0.48                 0.01                 63.66                 3                 1         6              0              0               1                 0                        1           0              0              0
# 2026-06-06 09:07:13 UTC: Iteration 4 of 5
# experimentsUsed: 991
# timeUsed: 892576
# boundEstimate: 900.68213925328
# remainingBudget: 1407
# currentBudget: 703
# nbConfigurations: 68
# Markers:
     x No test is performed.
     c Configurations are discarded only due to capping.
     - The test is performed and some configurations are discarded.
     = The test is performed but no configuration is discarded.
     ! The test is performed and configurations could be discarded but elite configurations are preserved.
     . Alive configurations were already evaluated on this instance and nothing is discarded.
     : All alive configurations are elite, but some need to be evaluated on this instance.

+-+-----------+-----------+-----------+----------------+-----------+--------+-----+----+------+
| |   Instance|      Alive|       Best|       Mean best| Exp so far|  W time|  rho|KenW|  Qvar|
+-+-----------+-----------+-----------+----------------+-----------+--------+-----+----+------+
|x|         11|         68|        222|-2.401000000e+17|         68|17:00:10|   NA|  NA|    NA|
|x|          1|         68|        222|-2.432485000e+17|        131|15:45:08|+0.88|0.94|0.0528|
|x|          2|         68|        222|-2.726246668e+26|        194|15:51:23|+0.35|0.57|0.5392|
|x|          6|         68|        222|-2.044685010e+26|        258|16:00:24|+0.46|0.60|0.4529|
|-|         10|         15|        222|-3.307142008e+26|        321|15:51:24|+0.44|0.55|0.5252|
|-|          5|          8|        222|-2.755951679e+26|        331|02:30:06|+0.63|0.69|0.4480|
|!|          3|          8|        222|-2.368419497e+26|        334|00:45:01|+0.65|0.70|0.3965|
|!|          4|          8|        222|-2.072367059e+26|        337|00:45:00|+0.37|0.45|0.5758|
|!|          8|          8|        222|-1.847049364e+26|        340|00:45:05|+0.42|0.49|0.5262|
|!|          7|          8|        222|-1.662344428e+26|        343|00:45:00|+0.41|0.47|0.5578|
|-|          9|          4|        222|-1.511222207e+26|        347|01:00:03|-0.02|0.07|0.7124|
+-+-----------+-----------+-----------+----------------+-----------+--------+-----+----+------+
Best-so-far configuration:         222    mean value: -1.511222207e+26
Description of the best-so-far configuration:
    .ID. population_size_factor elites_percentage mutation_probability mutation_distribution num_total_parents num_elite_parents bias_type crossover_type diversity_type num_populations exchange_interval num_exchange_individuals pr_interval shake_interval reset_interval .PARENT.
222  222                    101              0.41                 0.01                 89.93                 4                 1         4              0              0               1                 0                        1           0              0              0       91

# 2026-06-10 00:06:02 UTC: Elite configurations (first number is the configuration ID; listed from best to worst according to the sum of ranks):
    population_size_factor elites_percentage mutation_probability mutation_distribution num_total_parents num_elite_parents bias_type crossover_type diversity_type num_populations exchange_interval num_exchange_individuals pr_interval shake_interval reset_interval
222                    101              0.41                 0.01                 89.93                 4                 1         4              0              0               1                 0                        1           0              0              0
172                    106              0.48                 0.01                 63.66                 3                 1         6              0              0               1                 0                        1           0              0              0
229                    107              0.46                 0.01                 54.12                 3                 1         6              0              0               1                 0                        1           0              0              0
235                     95              0.45                 0.00                 94.16                 3                 2         4              0              0               1                 0                        1           0              0              0
# 2026-06-10 00:06:03 UTC: Iteration 5 of 5
# experimentsUsed: 1338
# timeUsed: 1205339
# boundEstimate: 900.851270553064
# remainingBudget: 1060
# currentBudget: 1060
# nbConfigurations: 92
# Markers:
     x No test is performed.
     c Configurations are discarded only due to capping.
     - The test is performed and some configurations are discarded.
     = The test is performed but no configuration is discarded.
     ! The test is performed and configurations could be discarded but elite configurations are preserved.
     . Alive configurations were already evaluated on this instance and nothing is discarded.
     : All alive configurations are elite, but some need to be evaluated on this instance.

+-+-----------+-----------+-----------+----------------+-----------+--------+-----+----+------+
| |   Instance|      Alive|       Best|       Mean best| Exp so far|  W time|  rho|KenW|  Qvar|
+-+-----------+-----------+-----------+----------------+-----------+--------+-----+----+------+
|x|         12|         92|        267|-4.676690000e+24|         92|23:00:57|   NA|  NA|    NA|
|x|          6|         92|        267|-2.338346771e+24|        180|22:00:31|+0.92|0.96|0.1540|
|x|          3|         92|        267|-2.977371181e+24|        268|22:00:52|+0.91|0.94|0.1259|
|x|          4|         92|        320|-1.991770881e+24|        356|22:00:08|+0.41|0.56|0.6548|
|-|         11|         31|        333|-1.617658742e+24|        444|22:00:15|+0.08|0.26|0.8555|
|-|         10|         20|        267|-1.534123523e+26|        471|06:47:38|-0.02|0.15|1.0079|
|=|          1|         20|        267|-1.314963020e+26|        487|04:00:03|+0.03|0.17|0.9575|
|=|          7|         20|        299|-1.047231793e+26|        503|04:00:01|+0.04|0.16|0.9094|
|=|          2|         20|        267|-2.087306793e+26|        519|04:01:30|+0.03|0.14|0.9635|
|=|          9|         20|        267|-1.878576114e+26|        535|04:00:03|+0.06|0.15|0.9299|
|-|          5|         13|        267|-1.707796471e+26|        551|04:00:06|-0.04|0.06|0.9029|
|=|          8|         13|        267|-1.569265490e+26|        560|02:15:04|-0.03|0.06|0.9007|
|=|         13|         13|        267|-1.448552763e+26|        573|03:15:04|-0.01|0.07|0.8739|
+-+-----------+-----------+-----------+----------------+-----------+--------+-----+----+------+
Best-so-far configuration:         267    mean value: -1.448552763e+26
Description of the best-so-far configuration:
    .ID. population_size_factor elites_percentage mutation_probability mutation_distribution num_total_parents num_elite_parents bias_type crossover_type diversity_type num_populations exchange_interval num_exchange_individuals pr_interval shake_interval reset_interval .PARENT.
267  267                     95              0.44                 0.01                 91.09                 3                 2         4              0              0               1                 0                        1           0              0              0      235

# 2026-06-15 23:28:19 UTC: Elite configurations (first number is the configuration ID; listed from best to worst according to the sum of ranks):
    population_size_factor elites_percentage mutation_probability mutation_distribution num_total_parents num_elite_parents bias_type crossover_type diversity_type num_populations exchange_interval num_exchange_individuals pr_interval shake_interval reset_interval
267                     95              0.44                 0.01                 91.09                 3                 2         4              0              0               1                 0                        1           0              0              0
291                    108              0.47                 0.01                 62.34                 3                 1         6              0              0               1                 0                        1           0              0              0
222                    101              0.41                 0.01                 89.93                 4                 1         4              0              0               1                 0                        1           0              0              0
299                    102              0.40                 0.01                 87.93                 4                 1         4              0              0               1                 0                        1           0              0              0
229                    107              0.46                 0.01                 54.12                 3                 1         6              0              0               1                 0                        1           0              0              0
# 2026-06-15 23:28:19 UTC: Iteration 6 of 6
# experimentsUsed: 1911
# timeUsed: 1721216
# boundEstimate: 900.688644688645
# remainingBudget: 487
# currentBudget: 487
# nbConfigurations: 39
# Markers:
     x No test is performed.
     c Configurations are discarded only due to capping.
     - The test is performed and some configurations are discarded.
     = The test is performed but no configuration is discarded.
     ! The test is performed and configurations could be discarded but elite configurations are preserved.
     . Alive configurations were already evaluated on this instance and nothing is discarded.
     : All alive configurations are elite, but some need to be evaluated on this instance.

+-+-----------+-----------+-----------+----------------+-----------+--------+-----+----+------+
| |   Instance|      Alive|       Best|       Mean best| Exp so far|  W time|  rho|KenW|  Qvar|
+-+-----------+-----------+-----------+----------------+-----------+--------+-----+----+------+
|x|         14|         39|        355|-1.163980000e+27|         39|09:48:38|   NA|  NA|    NA|
|x|         11|         39|        267|-4.420740001e+26|         73|08:30:05|+0.43|0.71|0.9040|
|x|          6|         39|        343|-3.136270013e+26|        107|08:30:15|+0.63|0.75|0.5485|
|x|          1|         39|        343|-2.352202510e+26|        141|08:30:07|+0.66|0.75|0.4651|
|-|         13|         13|        343|-1.881762015e+26|        175|08:30:12|-0.03|0.17|0.9470|
|=|          5|         13|        343|-1.568135019e+26|        183|02:00:02|-0.04|0.13|0.9182|
|=|         12|         13|        343|-1.350585959e+26|        191|02:00:05|+0.02|0.16|0.8785|
|=|          8|         13|        343|-1.187093964e+26|        199|02:00:03|+0.06|0.18|0.8463|
|=|          7|         13|        343|-1.055194635e+26|        207|02:00:00|+0.02|0.12|0.8968|
|=|          9|         13|        343|-9.496751715e+25|        215|02:00:01|+0.00|0.10|0.9140|
|=|          4|         13|        267|-8.121519740e+25|        223|02:00:00|-0.04|0.06|0.9492|
|=|          3|         13|        343|-7.954228013e+25|        231|02:00:03|-0.00|0.08|0.9153|
|=|          2|         13|        267|-1.427480455e+26|        239|02:00:39|+0.03|0.10|0.8865|
|=|         10|         13|        345|-2.006350980e+26|        247|02:00:37|+0.06|0.12|0.8519|
|=|         15|         13|        343|-1.847872908e+26|        260|03:15:01|+0.05|0.11|0.8628|
+-+-----------+-----------+-----------+----------------+-----------+--------+-----+----+------+
Best-so-far configuration:         343    mean value: -1.847872908e+26
Description of the best-so-far configuration:
    .ID. population_size_factor elites_percentage mutation_probability mutation_distribution num_total_parents num_elite_parents bias_type crossover_type diversity_type num_populations exchange_interval num_exchange_individuals pr_interval shake_interval reset_interval .PARENT.
343  343                     93              0.45                 0.01                 90.97                 3                 2         4              0              0               1                 0                        1           0              0              0      267

# 2026-06-18 16:34:16 UTC: Elite configurations (first number is the configuration ID; listed from best to worst according to the sum of ranks):
    population_size_factor elites_percentage mutation_probability mutation_distribution num_total_parents num_elite_parents bias_type crossover_type diversity_type num_populations exchange_interval num_exchange_individuals pr_interval shake_interval reset_interval
343                     93              0.45                 0.01                 90.97                 3                 2         4              0              0               1                 0                        1           0              0              0
267                     95              0.44                 0.01                 91.09                 3                 2         4              0              0               1                 0                        1           0              0              0
345                    100              0.45                 0.01                 84.27                 3                 2         4              0              0               1                 0                        1           0              0              0
222                    101              0.41                 0.01                 89.93                 4                 1         4              0              0               1                 0                        1           0              0              0
291                    108              0.47                 0.01                 62.34                 3                 1         6              0              0               1                 0                        1           0              0              0
# 2026-06-18 16:34:16 UTC: Iteration 7 of 7
# experimentsUsed: 2171
# timeUsed: 1955385
# boundEstimate: 900.68401658222
# remainingBudget: 227
# currentBudget: 227
# nbConfigurations: 18
# Markers:
     x No test is performed.
     c Configurations are discarded only due to capping.
     - The test is performed and some configurations are discarded.
     = The test is performed but no configuration is discarded.
     ! The test is performed and configurations could be discarded but elite configurations are preserved.
     . Alive configurations were already evaluated on this instance and nothing is discarded.
     : All alive configurations are elite, but some need to be evaluated on this instance.

+-+-----------+-----------+-----------+----------------+-----------+--------+-----+----+------+
| |   Instance|      Alive|       Best|       Mean best| Exp so far|  W time|  rho|KenW|  Qvar|
+-+-----------+-----------+-----------+----------------+-----------+--------+-----+----+------+
|x|         16|         18|        374|-3.681840000e+18|         18|04:30:07|   NA|  NA|    NA|
|x|          4|         18|        374|-1.840920052e+18|         31|03:15:01|-0.07|0.47|0.9287|
|x|          7|         18|        374|-1.227280070e+18|         44|03:15:01|+0.16|0.44|0.7447|
|x|          8|         18|        374|-1.090225920e+24|         57|03:15:08|+0.17|0.38|0.6916|
|-|         13|         11|        374|-8.721814425e+23|         70|03:15:04|-0.04|0.17|0.9100|
|=|          6|         11|        374|-7.268184794e+23|         76|01:30:02|+0.02|0.19|0.8223|
|=|          2|         11|        374|-1.324429873e+26|         82|01:30:31|+0.07|0.20|0.7634|
|=|          9|         11|        374|-1.158876139e+26|         88|01:30:01|+0.05|0.17|0.7970|
|=|          5|         11|        374|-1.030112127e+26|         94|01:30:02|+0.08|0.19|0.7533|
|-|         12|         10|        374|-9.315166847e+25|        100|01:30:02|+0.03|0.13|0.8557|
|=|         14|         10|        374|-1.699327895e+26|        105|01:15:25|+0.06|0.15|0.8243|
|=|         15|         10|        374|-1.557717237e+26|        110|01:15:00|+0.04|0.12|0.8617|
|=|         11|         10|        374|-1.437892835e+26|        115|01:15:00|+0.05|0.12|0.8539|
|-|          3|          8|        374|-1.338607989e+26|        120|01:15:02|+0.07|0.14|0.8209|
|=|          1|          8|        374|-1.249367457e+26|        123|00:45:00|+0.03|0.10|0.8602|
|=|         10|          8|        374|-1.732358866e+26|        126|00:45:19|+0.06|0.12|0.8373|
|=|         17|          8|        343|-1.630476097e+26|        134|02:00:01|+0.06|0.11|0.8353|
+-+-----------+-----------+-----------+----------------+-----------+--------+-----+----+------+
Best-so-far configuration:         343    mean value: -1.630476097e+26
Description of the best-so-far configuration:
    .ID. population_size_factor elites_percentage mutation_probability mutation_distribution num_total_parents num_elite_parents bias_type crossover_type diversity_type num_populations exchange_interval num_exchange_individuals pr_interval shake_interval reset_interval .PARENT.
343  343                     93              0.45                 0.01                 90.97                 3                 2         4              0              0               1                 0                        1           0              0              0      267

# 2026-06-20 02:06:10 UTC: Elite configurations (first number is the configuration ID; listed from best to worst according to the sum of ranks):
    population_size_factor elites_percentage mutation_probability mutation_distribution num_total_parents num_elite_parents bias_type crossover_type diversity_type num_populations exchange_interval num_exchange_individuals pr_interval shake_interval reset_interval
343                     93              0.45                 0.01                 90.97                 3                 2         4              0              0               1                 0                        1           0              0              0
374                     99              0.44                 0.01                 83.35                 3                 2         4              0              0               1                 0                        1           0              0              0
345                    100              0.45                 0.01                 84.27                 3                 2         4              0              0               1                 0                        1           0              0              0
370                     92              0.46                 0.01                 88.98                 3                 2         4              0              0               1                 0                        1           0              0              0
267                     95              0.44                 0.01                 91.09                 3                 2         4              0              0               1                 0                        1           0              0              0
# 2026-06-20 02:06:10 UTC: Iteration 8 of 8
# experimentsUsed: 2305
# timeUsed: 2076030
# boundEstimate: 900.663774403471
# remainingBudget: 93
# currentBudget: 93
# nbConfigurations: 9
# Markers:
     x No test is performed.
     c Configurations are discarded only due to capping.
     - The test is performed and some configurations are discarded.
     = The test is performed but no configuration is discarded.
     ! The test is performed and configurations could be discarded but elite configurations are preserved.
     . Alive configurations were already evaluated on this instance and nothing is discarded.
     : All alive configurations are elite, but some need to be evaluated on this instance.

+-+-----------+-----------+-----------+----------------+-----------+--------+-----+----+------+
| |   Instance|      Alive|       Best|       Mean best| Exp so far|  W time|  rho|KenW|  Qvar|
+-+-----------+-----------+-----------+----------------+-----------+--------+-----+----+------+
|x|         18|          9|        370|-1.080590000e+11|          9|02:15:00|   NA|  NA|    NA|
|x|         12|          9|        343|-2.264580000e+24|         13|01:00:01|+0.18|0.59|0.5252|
|x|          1|          9|        343|-1.509720080e+24|         17|01:00:00|+0.13|0.42|0.5912|
|x|          3|          9|        343|-2.340337560e+24|         21|01:00:02|+0.28|0.46|0.4970|
|-|          8|          7|        343|-2.725270048e+24|         25|01:00:02|-0.03|0.17|0.9402|
|=|         17|          7|        343|-2.271058414e+24|         27|00:30:00|+0.02|0.18|0.9002|
|=|         14|          7|        343|-1.363581929e+26|         29|00:30:10|+0.04|0.18|0.8750|
|=|          2|          7|        343|-2.308854188e+26|         31|00:30:09|-0.04|0.09|0.9263|
|=|         11|          7|        343|-2.052314834e+26|         33|00:30:00|-0.01|0.10|0.8859|
|=|          5|          7|        343|-1.847083354e+26|         35|00:30:00|-0.04|0.06|0.9116|
|=|         16|          7|        343|-1.679166689e+26|         37|00:30:00|-0.03|0.06|0.9050|
|=|         15|          7|        343|-1.539236132e+26|         39|00:30:00|-0.01|0.08|0.8958|
|=|          4|          7|        343|-1.420833352e+26|         41|00:30:00|-0.01|0.07|0.8887|
|=|         10|          7|        343|-1.979863827e+26|         43|00:30:11|-0.00|0.07|0.8786|
|=|         13|          7|        343|-1.847872908e+26|         45|00:30:00|-0.00|0.06|0.8751|
|=|          7|          7|        343|-1.732380851e+26|         47|00:30:00|+0.01|0.07|0.8594|
|=|          9|          7|        383|-1.632470413e+26|         49|00:30:00|+0.02|0.07|0.8532|
|=|          6|          7|        383|-1.541777614e+26|         51|00:30:00|+0.04|0.09|0.8374|
|=|         19|          7|        383|-1.462982561e+26|         58|01:45:03|+0.03|0.08|0.8475|
+-+-----------+-----------+-----------+----------------+-----------+--------+-----+----+------+
Best-so-far configuration:         383    mean value: -1.462982561e+26
Description of the best-so-far configuration:
    .ID. population_size_factor elites_percentage mutation_probability mutation_distribution num_total_parents num_elite_parents bias_type crossover_type diversity_type num_populations exchange_interval num_exchange_individuals pr_interval shake_interval reset_interval .PARENT.
383  383                    100              0.44                 0.01                 82.33                 3                 2         4              0              0               1                 0                        1           0              0              0      374

# 2026-06-20 16:36:59 UTC: Elite configurations (first number is the configuration ID; listed from best to worst according to the sum of ranks):
    population_size_factor elites_percentage mutation_probability mutation_distribution num_total_parents num_elite_parents bias_type crossover_type diversity_type num_populations exchange_interval num_exchange_individuals pr_interval shake_interval reset_interval
383                    100              0.44                 0.01                 82.33                 3                 2         4              0              0               1                 0                        1           0              0              0
343                     93              0.45                 0.01                 90.97                 3                 2         4              0              0               1                 0                        1           0              0              0
374                     99              0.44                 0.01                 83.35                 3                 2         4              0              0               1                 0                        1           0              0              0
370                     92              0.46                 0.01                 88.98                 3                 2         4              0              0               1                 0                        1           0              0              0
345                    100              0.45                 0.01                 84.27                 3                 2         4              0              0               1                 0                        1           0              0              0
# 2026-06-20 16:36:59 UTC: Iteration 9 of 9
# experimentsUsed: 2363
# timeUsed: 2128247
# boundEstimate: 900.654676258993
# remainingBudget: 35
# currentBudget: 35
# nbConfigurations: 6
# Markers:
     x No test is performed.
     c Configurations are discarded only due to capping.
     - The test is performed and some configurations are discarded.
     = The test is performed but no configuration is discarded.
     ! The test is performed and configurations could be discarded but elite configurations are preserved.
     . Alive configurations were already evaluated on this instance and nothing is discarded.
     : All alive configurations are elite, but some need to be evaluated on this instance.

+-+-----------+-----------+-----------+----------------+-----------+--------+-----+----+------+
| |   Instance|      Alive|       Best|       Mean best| Exp so far|  W time|  rho|KenW|  Qvar|
+-+-----------+-----------+-----------+----------------+-----------+--------+-----+----+------+
|x|         20|          6|        343|-9.473200000e+26|          6|01:30:33|   NA|  NA|    NA|
|x|         12|          6|        343|-4.759245800e+26|          7|00:15:00|+0.26|0.63|0.0945|
|x|         19|          6|        343|-3.187870267e+26|          8|00:15:00|+0.50|0.67|0.0611|
|x|         10|          6|        343|-4.702717700e+26|          9|00:15:06|+0.49|0.61|0.0749|
|-|          3|          5|        343|-3.771838540e+26|         10|00:15:00|+0.28|0.42|0.5394|
|.|         18|          5|        343|-3.143198783e+26|         10|00:00:00|+0.15|0.29|0.7003|
|.|          2|          5|        343|-3.969278957e+26|         10|00:00:00|+0.08|0.21|0.7402|
|.|          5|          5|        343|-3.473119092e+26|         10|00:00:00|+0.10|0.21|0.7512|
|.|         17|          5|        343|-3.087216971e+26|         10|00:00:00|+0.08|0.18|0.7595|
|.|          6|          5|        343|-2.778495277e+26|         10|00:00:00|+0.08|0.17|0.7488|
|.|         11|          5|        343|-2.525904798e+26|         10|00:00:00|+0.08|0.16|0.7500|
|.|         16|          5|        343|-2.315412734e+26|         10|00:00:00|+0.06|0.14|0.7640|
|.|          1|          5|        343|-2.137304063e+26|         10|00:00:00|+0.04|0.11|0.7898|
|.|          7|          5|        343|-1.984639487e+26|         10|00:00:00|+0.02|0.09|0.8034|
|.|         13|          5|        343|-1.852330190e+26|         10|00:00:00|-0.01|0.05|0.8207|
|.|         14|          5|        343|-2.324610178e+26|         10|00:00:00|+0.00|0.07|0.8030|
|.|          4|          5|        343|-2.187868403e+26|         10|00:00:00|+0.01|0.07|0.7866|
|.|         15|          5|        343|-2.066320158e+26|         10|00:00:00|+0.02|0.07|0.7921|
|.|          9|          5|        343|-1.957566466e+26|         10|00:00:00|+0.00|0.06|0.8023|
|.|          8|          5|        343|-1.861820643e+26|         10|00:00:00|+0.00|0.05|0.8088|
+-+-----------+-----------+-----------+----------------+-----------+--------+-----+----+------+
Best-so-far configuration:         343    mean value: -1.861820643e+26
Description of the best-so-far configuration:
    .ID. population_size_factor elites_percentage mutation_probability mutation_distribution num_total_parents num_elite_parents bias_type crossover_type diversity_type num_populations exchange_interval num_exchange_individuals pr_interval shake_interval reset_interval .PARENT.
343  343                     93              0.45                 0.01                 90.97                 3                 2         4              0              0               1                 0                        1           0              0              0      267

# 2026-06-20 19:07:41 UTC: Elite configurations (first number is the configuration ID; listed from best to worst according to the sum of ranks):
    population_size_factor elites_percentage mutation_probability mutation_distribution num_total_parents num_elite_parents bias_type crossover_type diversity_type num_populations exchange_interval num_exchange_individuals pr_interval shake_interval reset_interval
343                     93              0.45                 0.01                 90.97                 3                 2         4              0              0               1                 0                        1           0              0              0
383                    100              0.44                 0.01                 82.33                 3                 2         4              0              0               1                 0                        1           0              0              0
374                     99              0.44                 0.01                 83.35                 3                 2         4              0              0               1                 0                        1           0              0              0
370                     92              0.46                 0.01                 88.98                 3                 2         4              0              0               1                 0                        1           0              0              0
345                    100              0.45                 0.01                 84.27                 3                 2         4              0              0               1                 0                        1           0              0              0
# 2026-06-20 19:07:41 UTC: Iteration 10 of 10
# experimentsUsed: 2373
# timeUsed: 2137268
# boundEstimate: 900.660766961652
# remainingBudget: 25
# currentBudget: 25
# nbConfigurations: 6
# Markers:
     x No test is performed.
     c Configurations are discarded only due to capping.
     - The test is performed and some configurations are discarded.
     = The test is performed but no configuration is discarded.
     ! The test is performed and configurations could be discarded but elite configurations are preserved.
     . Alive configurations were already evaluated on this instance and nothing is discarded.
     : All alive configurations are elite, but some need to be evaluated on this instance.

+-+-----------+-----------+-----------+----------------+-----------+--------+-----+----+------+
| |   Instance|      Alive|       Best|       Mean best| Exp so far|  W time|  rho|KenW|  Qvar|
+-+-----------+-----------+-----------+----------------+-----------+--------+-----+----+------+
|x|         14|          6|        386|-1.123570000e+27|          1|00:15:09|   NA|  NA|    NA|
|x|         15|          6|        343|-4.704405000e+26|          2|00:15:00|-0.60|0.20|1.6145|
|x|          8|          6|        343|-3.150486667e+26|          3|00:15:05|-0.24|0.17|1.0559|
|x|         18|          6|        370|-2.310915775e+26|          4|00:15:00|+0.00|0.25|0.8737|
|=|         10|          6|        343|-3.739744000e+26|          5|00:15:09|-0.13|0.10|0.9475|
|=|         17|          6|        343|-3.116453334e+26|          6|00:15:00|-0.06|0.12|0.9282|
|=|          7|          6|        343|-2.671245715e+26|          7|00:15:00|-0.06|0.10|0.8707|
|=|          4|          6|        343|-2.337340000e+26|          8|00:15:00|-0.04|0.09|0.8352|
|=|          6|          6|        343|-2.077635560e+26|          9|00:15:01|+0.02|0.13|0.7759|
|=|          2|          6|        383|-2.765938764e+26|         10|00:15:16|-0.04|0.06|0.8525|
|=|         19|          6|        383|-2.518550840e+26|         11|00:15:03|+0.00|0.09|0.8189|
|=|          1|          6|        343|-2.305799937e+26|         12|00:15:00|+0.02|0.10|0.7902|
|=|          9|          6|        383|-2.131081480e+26|         13|00:15:01|+0.04|0.11|0.7534|
|=|         16|          6|        383|-1.978861377e+26|         14|00:15:03|+0.07|0.14|0.7172|
|-|          3|          5|        383|-1.850077072e+26|         15|00:15:01|+0.01|0.07|0.8005|
|.|          5|          5|        383|-1.734447257e+26|         15|00:00:00|-0.00|0.06|0.8112|
|.|         11|          5|        383|-1.632420948e+26|         15|00:00:00|+0.00|0.06|0.8084|
|.|         13|          5|        383|-1.541730898e+26|         15|00:00:00|-0.02|0.04|0.8155|
|.|         12|          5|        383|-1.462982561e+26|         15|00:00:00|+0.00|0.05|0.8008|
|.|         20|          5|        383|-1.841938433e+26|         15|00:00:00|+0.00|0.05|0.8088|
+-+-----------+-----------+-----------+----------------+-----------+--------+-----+----+------+
Best configuration for the instances in this race: 383
Best-so-far configuration:         343    mean value: -1.861820643e+26
Description of the best-so-far configuration:
    .ID. population_size_factor elites_percentage mutation_probability mutation_distribution num_total_parents num_elite_parents bias_type crossover_type diversity_type num_populations exchange_interval num_exchange_individuals pr_interval shake_interval reset_interval .PARENT.
343  343                     93              0.45                 0.01                 90.97                 3                 2         4              0              0               1                 0                        1           0              0              0      267

# 2026-06-20 22:53:37 UTC: Elite configurations (first number is the configuration ID; listed from best to worst according to the sum of ranks):
    population_size_factor elites_percentage mutation_probability mutation_distribution num_total_parents num_elite_parents bias_type crossover_type diversity_type num_populations exchange_interval num_exchange_individuals pr_interval shake_interval reset_interval
343                     93              0.45                 0.01                 90.97                 3                 2         4              0              0               1                 0                        1           0              0              0
383                    100              0.44                 0.01                 82.33                 3                 2         4              0              0               1                 0                        1           0              0              0
374                     99              0.44                 0.01                 83.35                 3                 2         4              0              0               1                 0                        1           0              0              0
370                     92              0.46                 0.01                 88.98                 3                 2         4              0              0               1                 0                        1           0              0              0
345                    100              0.45                 0.01                 84.27                 3                 2         4              0              0               1                 0                        1           0              0              0
# 2026-06-20 22:53:37 UTC: Stopped because there is not enough budget left to race more than the minimum (5).
# You may either increase the budget or set 'minNbSurvival' to a lower value.
# Iteration: 11
# nbIterations: 11
# experimentsUsed: 2388
# timeUsed: 2150812
# remainingBudget: 10
# currentBudget: 10
# number of elites: 5
# nbConfigurations: 5
# Total CPU user time: 2151225, CPU sys time: 1157.584, Wall-clock time: 2152458
# Best configurations (first number is the configuration ID; listed from best to worst according to the sum of ranks):
    population_size_factor elites_percentage mutation_probability mutation_distribution num_total_parents num_elite_parents bias_type crossover_type diversity_type num_populations exchange_interval num_exchange_individuals pr_interval shake_interval reset_interval
343                     93              0.45                 0.01                 90.97                 3                 2         4              0              0               1                 0                        1           0              0              0
383                    100              0.44                 0.01                 82.33                 3                 2         4              0              0               1                 0                        1           0              0              0
374                     99              0.44                 0.01                 83.35                 3                 2         4              0              0               1                 0                        1           0              0              0
370                     92              0.46                 0.01                 88.98                 3                 2         4              0              0               1                 0                        1           0              0              0
345                    100              0.45                 0.01                 84.27                 3                 2         4              0              0               1                 0                        1           0              0              0
# Best configurations as commandlines (first number is the configuration ID; listed from best to worst according to the sum of ranks):
343 --population-size-factor 93 --elites-percentage 0.45 --mutation-probability 0.01 --mutation-distribution 90.97 --num-total-parents 3 --num-elite-parents 2 --bias-type 4 --crossover-type 0 --diversity-type 0 --num-populations 1 --exchange-interval 0 --num-exchange-individuals 1 --pr-interval 0 --shake-interval 0 --reset-interval 0
383 --population-size-factor 100 --elites-percentage 0.44 --mutation-probability 0.01 --mutation-distribution 82.33 --num-total-parents 3 --num-elite-parents 2 --bias-type 4 --crossover-type 0 --diversity-type 0 --num-populations 1 --exchange-interval 0 --num-exchange-individuals 1 --pr-interval 0 --shake-interval 0 --reset-interval 0
374 --population-size-factor 99 --elites-percentage 0.44 --mutation-probability 0.01 --mutation-distribution 83.35 --num-total-parents 3 --num-elite-parents 2 --bias-type 4 --crossover-type 0 --diversity-type 0 --num-populations 1 --exchange-interval 0 --num-exchange-individuals 1 --pr-interval 0 --shake-interval 0 --reset-interval 0
370 --population-size-factor 92 --elites-percentage 0.46 --mutation-probability 0.01 --mutation-distribution 88.98 --num-total-parents 3 --num-elite-parents 2 --bias-type 4 --crossover-type 0 --diversity-type 0 --num-populations 1 --exchange-interval 0 --num-exchange-individuals 1 --pr-interval 0 --shake-interval 0 --reset-interval 0
345 --population-size-factor 100 --elites-percentage 0.45 --mutation-probability 0.01 --mutation-distribution 84.27 --num-total-parents 3 --num-elite-parents 2 --bias-type 4 --crossover-type 0 --diversity-type 0 --num-populations 1 --exchange-interval 0 --num-exchange-individuals 1 --pr-interval 0 --shake-interval 0 --reset-interval 0


# Testing of elite configurations: 5 
# Testing iteration configurations: FALSE 
# 2026-06-20 22:53:37 UTC: Testing configurations (in no particular order): 343 383 374 370 345
    population_size_factor elites_percentage mutation_probability mutation_distribution num_total_parents num_elite_parents bias_type crossover_type diversity_type num_populations exchange_interval num_exchange_individuals pr_interval shake_interval reset_interval
343                     93              0.45                 0.01                 90.97                 3                 2         4              0              0               1                 0                        1           0              0              0
383                    100              0.44                 0.01                 82.33                 3                 2         4              0              0               1                 0                        1           0              0              0
374                     99              0.44                 0.01                 83.35                 3                 2         4              0              0               1                 0                        1           0              0              0
370                     92              0.46                 0.01                 88.98                 3                 2         4              0              0               1                 0                        1           0              0              0
345                    100              0.45                 0.01                 84.27                 3                 2         4              0              0               1                 0                        1           0              0              0
# 2026-06-21 02:39:03 UTC: Testing results (column number is configuration ID in no particular order):
        seeds          343          383          374          370          345
1t 1768578177 -1.00520e+13 -1.03525e+13 -1.03148e+13 -1.03322e+13 -1.03002e+13
2t  593043883 -6.90018e+25 -6.78694e+25 -6.29173e+25 -6.68704e+25 -7.17922e+25
3t 1764560797 -1.96202e+20 -1.98999e+20 -2.05340e+20 -1.99135e+20 -1.88219e+20
# 2026-06-21 02:39:03 UTC: Finished testing
