#------------------------------------------------------------------------------
# irace: An implementation in R of (Elitist) Iterated Racing
# Version: 4.4.3.dd8d85f
# Copyright (C) 2010-2025
# Manuel Lopez-Ibanez     <manuel.lopez-ibanez@manchester.ac.uk>
# Jeremie Dubois-Lacoste
# Leslie Perez Caceres    <leslie.perez.caceres@ulb.ac.be>
#
# This is free software, and you are welcome to redistribute it under certain
# conditions.  See the GNU General Public License for details. There is NO
# WARRANTY; not even for MERCHANTABILITY or FITNESS FOR A PARTICULAR PURPOSE.
#
# irace builds upon previous code from the race package:
#     race: Racing methods for the selection of the best
#     Copyright (C) 2003 Mauro Birattari
#------------------------------------------------------------------------------
# installed at: /home/luispmendes/R/library/irace
# called with: --scenario nsbrkga-scenario-stage6.txt
# 2026-05-27 00:59:18 UTC: Reading parameter file '/home/luispmendes/motsp_irace/irace/nsbrkga-parameters-stage6.txt'.
# 2026-05-27 00:59:18 UTC: 5 expression(s) specifying forbidden configurations read.
# 2026-05-27 00:59:18 UTC: Estimating execution time using 5% of 2160000 = 108000
Error: == irace == The output of targetRunner should not be more than two numbers!
== irace == The call to targetRunner was:
/home/luispmendes/motsp_irace/irace/nsbrkga-tunner-stage6.sh 13 5 1652608130 /home/luispmendes/motsp_irace/instances/kroABCD2000.txt  --population-size-factor 59 --min-elites-percentage 0.62 --max-elites-percentage 0.99 --mutation-probability 0.42 --mutation-distribution 35.84 --num-total-parents 5 --num-elite-parents 3 --bias-type 3 --diversity-type 0 --crossover-type 0 --num-populations 2 --exchange-interval 190 --num-exchange-individuals 12 --pr-type 0 --pr-dist-func 0 --pr-percentage 0.21 --pr-interval 906 --shake-interval 409 --shake-intensity 0.23 --shake-distribution 92.4 --reset-interval 630 --reset-intensity 0.43
== irace == The output was:
/home/luispmendes/motsp_irace/irace/nsbrkga-tunner-stage6.sh: line 49: 558774 Segmentation fault      (core dumped) "$SOLVER" --instance "$INSTANCE" --seed "$SEED" --time-limit "$TIME_LIMIT" --pareto "$PARETO_FILE" "${TRANSFORMED_PARAMS[@]}" > /dev/null 2>&1
Inf 7
== irace == This is not a bug in irace, but means that something failed when running the command(s) above or they were terminated before completion. Try to run the command(s) above from the execution directory '/home/luispmendes/motsp_irace/irace' to investigate the issue. See also Appendix B (targetRunner troubleshooting checklist) of the User Guide (https://cran.r-project.org/package=irace/vignettes/irace-package.pdf).
Execution halted
