#------------------------------------------------------------------------------
# irace: An implementation in R of (Elitist) Iterated Racing
# Version: 4.4.3.dd8d85f
# Copyright (C) 2010-2025
# Manuel Lopez-Ibanez     <manuel.lopez-ibanez@manchester.ac.uk>
# Jeremie Dubois-Lacoste
# Leslie Perez Caceres    <leslie.perez.caceres@ulb.ac.be>
#
# This is free software, and you are welcome to redistribute it under certain
# conditions.  See the GNU General Public License for details. There is NO
# WARRANTY; not even for MERCHANTABILITY or FITNESS FOR A PARTICULAR PURPOSE.
#
# irace builds upon previous code from the race package:
#     race: Racing methods for the selection of the best
#     Copyright (C) 2003 Mauro Birattari
#------------------------------------------------------------------------------
# installed at: /home/luispmendes/R/library/irace
# called with: --scenario nsbrkga-scenario-stage2.txt
# 2026-05-27 00:59:18 UTC: Reading parameter file '/home/luispmendes/motsp_irace/irace/nsbrkga-parameters-stage2.txt'.
# 2026-05-27 00:59:18 UTC: 3 expression(s) specifying forbidden configurations read.
# 2026-05-27 00:59:18 UTC: Estimating execution time using 5% of 2160000 = 108000
# 2026-05-28 05:47:07 UTC: Estimated execution time is 901 based on 23 configurations and 5 instances. Used time: 103583, remaining time: 2056417, remaining budget (experiments): 2282
# 2026-05-28 05:47:07 UTC: Initialization
# Elitist race
# Elitist new instances: 1
# Elitist limit: 2
# nbIterations: 5
# minNbSurvival: 5
# nbParameters: 10
# seed: 1063988096
# confidence level: 0.95
# budget: 2282
# time budget: 2056417
# mu: 5
# deterministic: FALSE

# 2026-05-28 05:47:07 UTC: Iteration 1 of 5
# experimentsUsed: 115
# timeUsed: 103583
# boundEstimate: 901
# remainingBudget: 2282
# currentBudget: 456
# nbConfigurations: 76
# Markers:
     x No test is performed.
     c Configurations are discarded only due to capping.
     - The test is performed and some configurations are discarded.
     = The test is performed but no configuration is discarded.
     ! The test is performed and configurations could be discarded but elite configurations are preserved.
     . Alive configurations were already evaluated on this instance and nothing is discarded.
     : All alive configurations are elite, but some need to be evaluated on this instance.

+-+-----------+-----------+-----------+----------------+-----------+--------+-----+----+------+
| |   Instance|      Alive|       Best|       Mean best| Exp so far|  W time|  rho|KenW|  Qvar|
+-+-----------+-----------+-----------+----------------+-----------+--------+-----+----+------+
|x|          2|         65|         39|-2.644150000e+18|         42|10:30:18|   NA|  NA|    NA|
|x|          3|         65|         60|-1.268460050e+18|         84|10:30:06|+0.78|0.89|0.3432|
|x|          5|         65|         60|-9.079267002e+17|        126|10:30:08|+0.78|0.85|0.2481|
|x|          4|         65|         33|-7.557231761e+23|        168|10:30:21|+0.74|0.81|0.3418|
|-|          1|         13|         33|-1.593359785e+26|        210|10:33:58|+0.35|0.48|0.6225|
|-|          6|          5|         33|-2.638868155e+26|        223|03:16:13|+0.19|0.32|0.7140|
+-+-----------+-----------+-----------+----------------+-----------+--------+-----+----+------+
Best-so-far configuration:          33    mean value: -2.638868155e+26
Description of the best-so-far configuration:
   .ID. population_size_factor min_elites_percentage max_elites_percentage mutation_probability mutation_distribution num_total_parents num_elite_parents bias_type diversity_type crossover_type num_populations exchange_interval num_exchange_individuals pr_interval shake_interval reset_interval .PARENT.
33   33                     93                  0.38                  0.84                 0.11                 84.57                 4                 4         2              0              1               1                 0                        1           0              0              0       NA

# 2026-05-30 13:38:15 UTC: Elite configurations (first number is the configuration ID; listed from best to worst according to the sum of ranks):
   population_size_factor min_elites_percentage max_elites_percentage mutation_probability mutation_distribution num_total_parents num_elite_parents bias_type diversity_type crossover_type num_populations exchange_interval num_exchange_individuals pr_interval shake_interval reset_interval
33                     93                  0.38                  0.84                 0.11                 84.57                 4                 4         2              0              1               1                 0                        1           0              0              0
39                    120                  0.18                  0.21                 0.00                  5.68                 2                 2         6              3              0               1                 0                        1           0              0              0
23                     74                  0.04                  0.41                 0.10                 76.50                 2                 1         6              2              0               1                 0                        1           0              0              0
60                     64                  0.25                  0.94                 0.03                 60.60                 5                 4         0              2              0               1                 0                        1           0              0              0
4                      43                  0.39                  0.56                 0.15                 40.48                 4                 3         2              1              0               1                 0                        1           0              0              0
# 2026-05-30 13:38:15 UTC: Iteration 2 of 5
# experimentsUsed: 338
# timeUsed: 304464
# boundEstimate: 900.781065088757
# remainingBudget: 2060
# currentBudget: 515
# nbConfigurations: 77
# Markers:
     x No test is performed.
     c Configurations are discarded only due to capping.
     - The test is performed and some configurations are discarded.
     = The test is performed but no configuration is discarded.
     ! The test is performed and configurations could be discarded but elite configurations are preserved.
     . Alive configurations were already evaluated on this instance and nothing is discarded.
     : All alive configurations are elite, but some need to be evaluated on this instance.

+-+-----------+-----------+-----------+----------------+-----------+--------+-----+----+------+
| |   Instance|      Alive|       Best|       Mean best| Exp so far|  W time|  rho|KenW|  Qvar|
+-+-----------+-----------+-----------+----------------+-----------+--------+-----+----+------+
|x|          7|         77|        108|-3.296270000e+18|         77|19:15:42|   NA|  NA|    NA|
Error: == irace == The output of targetRunner should not be more than two numbers!
== irace == The call to targetRunner was:
/home/luispmendes/motsp_irace/irace/nsbrkga-tunner-stage2.sh 92 5 1078835387 /home/luispmendes/motsp_irace/instances/kroABCD2000.txt  --population-size-factor 30 --min-elites-percentage 0.58 --max-elites-percentage 0.98 --mutation-probability 0.17 --mutation-distribution 39.88 --num-total-parents 4 --num-elite-parents 2 --bias-type 2 --diversity-type 3 --crossover-type 0 --num-populations 1 --exchange-interval 0 --num-exchange-individuals 1 --pr-interval 0 --shake-interval 0 --reset-interval 0
== irace == The output was:
/home/luispmendes/motsp_irace/irace/nsbrkga-tunner-stage2.sh: line 49: 628484 Segmentation fault      (core dumped) "$SOLVER" --instance "$INSTANCE" --seed "$SEED" --time-limit "$TIME_LIMIT" --pareto "$PARETO_FILE" "${TRANSFORMED_PARAMS[@]}" > /dev/null 2>&1
Inf 13
== irace == This is not a bug in irace, but means that something failed when running the command(s) above or they were terminated before completion. Try to run the command(s) above from the execution directory '/home/luispmendes/motsp_irace/irace' to investigate the issue. See also Appendix B (targetRunner troubleshooting checklist) of the User Guide (https://cran.r-project.org/package=irace/vignettes/irace-package.pdf).
Execution halted
