#------------------------------------------------------------------------------
# irace: An implementation in R of (Elitist) Iterated Racing
# Version: 4.4.3.dd8d85f
# Copyright (C) 2010-2025
# Manuel Lopez-Ibanez     <manuel.lopez-ibanez@manchester.ac.uk>
# Jeremie Dubois-Lacoste
# Leslie Perez Caceres    <leslie.perez.caceres@ulb.ac.be>
#
# This is free software, and you are welcome to redistribute it under certain
# conditions.  See the GNU General Public License for details. There is NO
# WARRANTY; not even for MERCHANTABILITY or FITNESS FOR A PARTICULAR PURPOSE.
#
# irace builds upon previous code from the race package:
#     race: Racing methods for the selection of the best
#     Copyright (C) 2003 Mauro Birattari
#------------------------------------------------------------------------------
# installed at: /usr/local/lib/R/site-library/irace
# called with: --scenario nsga2-scenario.txt
# 2026-08-08 20:09:35 UTC: Reading parameter file '/home/luishpmendes/motsp_irace/irace/nsga2-parameters.txt'.
# 2026-08-08 20:09:35 UTC: Initialization
# Elitist race
# Elitist new instances: 1
# Elitist limit: 2
# nbIterations: 4
# minNbSurvival: 4
# nbParameters: 5
# seed: 1305210263
# confidence level: 0.95
# budget: 2500
# mu: 5
# deterministic: FALSE

# 2026-08-08 20:09:35 UTC: Iteration 1 of 4
# experimentsUsed: 0
# remainingBudget: 2500
# currentBudget: 625
# nbConfigurations: 104
# Markers:
     x No test is performed.
     c Configurations are discarded only due to capping.
     - The test is performed and some configurations are discarded.
     = The test is performed but no configuration is discarded.
     ! The test is performed and configurations could be discarded but elite configurations are preserved.
     . Alive configurations were already evaluated on this instance and nothing is discarded.
     : All alive configurations are elite, but some need to be evaluated on this instance.

+-+-----------+-----------+-----------+----------------+-----------+--------+-----+----+------+
| |   Instance|      Alive|       Best|       Mean best| Exp so far|  W time|  rho|KenW|  Qvar|
+-+-----------+-----------+-----------+----------------+-----------+--------+-----+----+------+
|x|          1|        104|          1|-3.487550000e+18|        104|08:40:21|   NA|  NA|    NA|
|x|          2|        104|          1|-2.198481744e+24|        208|08:40:35|+0.91|0.95|0.0235|
|x|          3|        104|         67|-1.243914306e+24|        312|08:40:05|+0.77|0.85|0.2393|
|x|          4|        104|         35|-1.012025842e+24|        416|08:40:08|+0.77|0.83|0.2042|
|-|          5|         18|         35|-1.808210207e+26|        520|08:45:36|+0.66|0.73|0.3234|
|-|          6|          6|         67|-1.449812905e+26|        538|01:30:01|+0.02|0.18|0.7869|
|=|          7|          6|          1|-1.346451377e+26|        544|00:30:00|+0.12|0.25|0.6993|
|-|          8|          4|          1|-1.183488430e+26|        550|00:30:05|+0.19|0.29|0.5859|
+-+-----------+-----------+-----------+----------------+-----------+--------+-----+----+------+
Best-so-far configuration:           1    mean value: -1.183488430e+26
Description of the best-so-far configuration:
  .ID. population_size_factor crossover_probability crossover_distribution mutation_probability mutation_distribution .PARENT.
1    1                     58                  0.58                  87.56                 0.01                 95.84       NA

# 2026-08-10 18:06:31 UTC: Elite configurations (first number is the configuration ID; listed from best to worst according to the sum of ranks):
   population_size_factor crossover_probability crossover_distribution mutation_probability mutation_distribution
1                      58                  0.58                  87.56                 0.01                 95.84
35                     63                  0.05                  30.91                 0.03                 72.87
67                    101                  0.51                  13.30                 0.04                 38.42
99                     55                  0.28                   8.70                 0.05                 76.70
# 2026-08-10 18:06:31 UTC: Iteration 2 of 4
# experimentsUsed: 550
# remainingBudget: 1950
# currentBudget: 650
# nbConfigurations: 75
# Markers:
     x No test is performed.
     c Configurations are discarded only due to capping.
     - The test is performed and some configurations are discarded.
     = The test is performed but no configuration is discarded.
     ! The test is performed and configurations could be discarded but elite configurations are preserved.
     . Alive configurations were already evaluated on this instance and nothing is discarded.
     : All alive configurations are elite, but some need to be evaluated on this instance.

+-+-----------+-----------+-----------+----------------+-----------+--------+-----+----+------+
| |   Instance|      Alive|       Best|       Mean best| Exp so far|  W time|  rho|KenW|  Qvar|
+-+-----------+-----------+-----------+----------------+-----------+--------+-----+----+------+
|x|          9|         75|          1|-3.613750000e+18|         75|06:15:17|   NA|  NA|    NA|
|x|          2|         75|          1|-2.198481807e+24|        146|05:55:34|+0.98|0.99|0.0142|
|x|          6|         75|        109|-1.355807734e+24|        217|05:55:04|+0.83|0.89|0.2003|
|x|          8|         75|        109|-2.016388301e+24|        288|05:55:36|+0.87|0.90|0.1511|
|-|          1|         11|        109|-1.613111304e+24|        359|05:55:16|+0.44|0.56|0.4650|
|-|          3|          8|        109|-1.344259420e+24|        366|00:35:00|+0.15|0.29|0.7229|
|-|          7|          7|          1|-1.238821050e+24|        370|00:20:00|+0.19|0.30|0.6526|
|!|          5|          7|          1|-1.183488434e+26|        373|00:15:12|+0.24|0.33|0.5976|
|-|          4|          4|          1|-1.051989720e+26|        376|00:15:00|+0.04|0.15|0.6588|
+-+-----------+-----------+-----------+----------------+-----------+--------+-----+----+------+
Best-so-far configuration:           1    mean value: -1.051989720e+26
Description of the best-so-far configuration:
  .ID. population_size_factor crossover_probability crossover_distribution mutation_probability mutation_distribution .PARENT.
1    1                     58                  0.58                  87.56                 0.01                 95.84       NA

# 2026-08-12 01:28:34 UTC: Elite configurations (first number is the configuration ID; listed from best to worst according to the sum of ranks):
    population_size_factor crossover_probability crossover_distribution mutation_probability mutation_distribution
1                       58                  0.58                  87.56                 0.01                 95.84
123                     27                  0.23                   1.96                 0.03                 96.60
162                     58                  0.55                  24.28                 0.02                 69.83
109                     86                  0.47                  50.19                 0.02                 63.57
# 2026-08-12 01:28:34 UTC: Iteration 3 of 4
# experimentsUsed: 926
# remainingBudget: 1574
# currentBudget: 787
# nbConfigurations: 82
# Markers:
     x No test is performed.
     c Configurations are discarded only due to capping.
     - The test is performed and some configurations are discarded.
     = The test is performed but no configuration is discarded.
     ! The test is performed and configurations could be discarded but elite configurations are preserved.
     . Alive configurations were already evaluated on this instance and nothing is discarded.
     : All alive configurations are elite, but some need to be evaluated on this instance.

+-+-----------+-----------+-----------+----------------+-----------+--------+-----+----+------+
| |   Instance|      Alive|       Best|       Mean best| Exp so far|  W time|  rho|KenW|  Qvar|
+-+-----------+-----------+-----------+----------------+-----------+--------+-----+----+------+
|x|         10|         82|        192|-9.837270000e+26|         82|06:55:04|   NA|  NA|    NA|
|x|          9|         82|        192|-4.918635019e+26|        160|06:30:19|+0.98|0.99|0.0293|
|x|          2|         82|        192|-3.295437179e+26|        238|06:30:54|+0.98|0.98|0.0299|
|x|          8|         82|        192|-2.483575384e+26|        316|06:30:55|+0.98|0.98|0.0282|
|-|          1|          9|        192|-1.986860315e+26|        394|06:30:19|+0.74|0.79|0.1689|
|-|          4|          5|        192|-1.655716930e+26|        399|00:25:00|+0.77|0.81|0.1197|
|!|          5|          5|        192|-2.828635940e+26|        400|00:05:05|+0.80|0.83|0.1012|
|!|          3|          5|        192|-2.475056447e+26|        401|00:05:00|+0.49|0.55|0.3614|
|!|          6|          5|        192|-2.200050175e+26|        402|00:05:00|+0.24|0.33|0.5175|
|-|          7|          2|        192|-1.980045158e+26|        403|00:05:00|+0.60|0.64|0.2000|
+-+-----------+-----------+-----------+----------------+-----------+--------+-----+----+------+
Best-so-far configuration:         192    mean value: -1.980045158e+26
Description of the best-so-far configuration:
    .ID. population_size_factor crossover_probability crossover_distribution mutation_probability mutation_distribution .PARENT.
192  192                     31                  0.23                     13                 0.01                  85.5      123

# 2026-08-13 11:11:15 UTC: Elite configurations (first number is the configuration ID; listed from best to worst according to the sum of ranks):
    population_size_factor crossover_probability crossover_distribution mutation_probability mutation_distribution
192                     31                  0.23                  13.00                 0.01                 85.50
1                       58                  0.58                  87.56                 0.01                 95.84
# 2026-08-13 11:11:15 UTC: Iteration 4 of 4
# experimentsUsed: 1329
# remainingBudget: 1171
# currentBudget: 1171
# nbConfigurations: 108
# Markers:
     x No test is performed.
     c Configurations are discarded only due to capping.
     - The test is performed and some configurations are discarded.
     = The test is performed but no configuration is discarded.
     ! The test is performed and configurations could be discarded but elite configurations are preserved.
     . Alive configurations were already evaluated on this instance and nothing is discarded.
     : All alive configurations are elite, but some need to be evaluated on this instance.

+-+-----------+-----------+-----------+----------------+-----------+--------+-----+----+------+
| |   Instance|      Alive|       Best|       Mean best| Exp so far|  W time|  rho|KenW|  Qvar|
+-+-----------+-----------+-----------+----------------+-----------+--------+-----+----+------+
|x|         11|        108|        332|-2.643020000e+17|        108|09:00:11|   NA|  NA|    NA|
|x|          2|        108|        332|-2.360890132e+24|        214|08:51:35|+0.90|0.95|0.1406|
|x|          6|        108|        350|-1.549236753e+24|        320|08:50:06|+0.51|0.67|0.5018|
|x|         10|        108|        350|-2.460471776e+26|        426|08:56:57|+0.62|0.72|0.3929|
|-|          4|         26|        350|-1.968377421e+26|        532|08:50:11|+0.08|0.26|0.8709|
|-|          5|         16|        298|-3.320300134e+26|        556|02:01:42|-0.06|0.12|0.9650|
|=|          7|         16|        298|-2.845971544e+26|        570|01:10:01|-0.06|0.09|0.9528|
|=|          8|         16|        298|-2.496061638e+26|        584|01:10:20|-0.00|0.12|0.8894|
|=|          3|         16|        357|-2.213243345e+26|        598|01:10:00|+0.01|0.12|0.8628|
|=|          9|         16|        298|-1.996849315e+26|        612|01:10:04|+0.04|0.14|0.8454|
|-|          1|         12|        298|-1.815317562e+26|        626|01:10:04|-0.02|0.07|0.9366|
|=|         12|         12|        298|-1.668115240e+26|        638|01:00:17|-0.01|0.08|0.9218|
|=|         13|         12|        298|-2.283028683e+26|        650|01:00:55|-0.01|0.06|0.9320|
+-+-----------+-----------+-----------+----------------+-----------+--------+-----+----+------+
Best-so-far configuration:         298    mean value: -2.283028683e+26
Description of the best-so-far configuration:
    .ID. population_size_factor crossover_probability crossover_distribution mutation_probability mutation_distribution .PARENT.
298  298                     28                   0.2                  16.48                 0.01                 83.39      192

# 2026-08-15 17:33:45 UTC: Elite configurations (first number is the configuration ID; listed from best to worst according to the sum of ranks):
    population_size_factor crossover_probability crossover_distribution mutation_probability mutation_distribution
298                     28                  0.20                  16.48                 0.01                 83.39
192                     31                  0.23                  13.00                 0.01                 85.50
357                     32                  0.20                  13.74                 0.01                 85.48
261                     36                  0.21                  12.68                 0.01                 83.84
# 2026-08-15 17:33:45 UTC: Iteration 5 of 5
# experimentsUsed: 1979
# remainingBudget: 521
# currentBudget: 521
# nbConfigurations: 40
# Markers:
     x No test is performed.
     c Configurations are discarded only due to capping.
     - The test is performed and some configurations are discarded.
     = The test is performed but no configuration is discarded.
     ! The test is performed and configurations could be discarded but elite configurations are preserved.
     . Alive configurations were already evaluated on this instance and nothing is discarded.
     : All alive configurations are elite, but some need to be evaluated on this instance.

+-+-----------+-----------+-----------+----------------+-----------+--------+-----+----+------+
| |   Instance|      Alive|       Best|       Mean best| Exp so far|  W time|  rho|KenW|  Qvar|
+-+-----------+-----------+-----------+----------------+-----------+--------+-----+----+------+
|x|         14|         40|        389|-3.805360000e+18|         40|03:20:10|   NA|  NA|    NA|
|x|         12|         40|        389|-2.424766903e+24|         76|03:00:36|+0.95|0.98|0.0358|
|x|          1|         40|        389|-1.616512553e+24|        112|03:00:09|+0.96|0.97|0.0355|
|x|          3|         40|        393|-1.219339409e+24|        148|03:00:02|+0.44|0.58|0.5807|
|-|         13|         11|        393|-2.019034715e+26|        184|03:02:24|+0.23|0.38|0.6845|
|-|          8|          7|        393|-1.690623379e+26|        191|00:35:09|+0.22|0.35|0.7376|
|-|          4|          6|        393|-1.449105754e+26|        194|00:15:00|+0.27|0.37|0.6840|
|!|          9|          6|        393|-1.267967540e+26|        196|00:10:00|+0.25|0.35|0.6995|
|!|          7|          6|        393|-1.127082258e+26|        198|00:10:00|+0.28|0.36|0.6788|
|!|          5|          6|        393|-1.995053032e+26|        200|00:10:07|+0.26|0.33|0.6983|
|!|         11|          6|        393|-1.813684575e+26|        202|00:10:00|+0.17|0.25|0.7389|
|!|          2|          6|        393|-1.666578235e+26|        204|00:10:03|+0.14|0.21|0.7387|
|!|         10|          6|        393|-2.313995294e+26|        206|00:10:09|+0.15|0.22|0.7253|
|-|          6|          2|        393|-2.148709916e+26|        208|00:10:00|+0.12|0.18|0.4396|
+-+-----------+-----------+-----------+----------------+-----------+--------+-----+----+------+
Best-so-far configuration:         393    mean value: -2.148709916e+26
Description of the best-so-far configuration:
    .ID. population_size_factor crossover_probability crossover_distribution mutation_probability mutation_distribution .PARENT.
393  393                     26                  0.18                  14.08                 0.01                  81.9      298

# 2026-08-16 10:57:39 UTC: Elite configurations (first number is the configuration ID; listed from best to worst according to the sum of ranks):
    population_size_factor crossover_probability crossover_distribution mutation_probability mutation_distribution
393                     26                  0.18                  14.08                 0.01                 81.90
389                     26                  0.18                  16.47                 0.01                 81.88
# 2026-08-16 10:57:39 UTC: Iteration 6 of 6
# experimentsUsed: 2187
# remainingBudget: 313
# currentBudget: 313
# nbConfigurations: 22
# Markers:
     x No test is performed.
     c Configurations are discarded only due to capping.
     - The test is performed and some configurations are discarded.
     = The test is performed but no configuration is discarded.
     ! The test is performed and configurations could be discarded but elite configurations are preserved.
     . Alive configurations were already evaluated on this instance and nothing is discarded.
     : All alive configurations are elite, but some need to be evaluated on this instance.

+-+-----------+-----------+-----------+----------------+-----------+--------+-----+----+------+
| |   Instance|      Alive|       Best|       Mean best| Exp so far|  W time|  rho|KenW|  Qvar|
+-+-----------+-----------+-----------+----------------+-----------+--------+-----+----+------+
|x|         15|         22|        409|-1.133020000e+11|         22|01:50:01|   NA|  NA|    NA|
|x|          8|         22|        389|-2.450820000e+24|         42|01:40:23|+0.20|0.60|0.7616|
|x|          6|         22|        389|-1.633880000e+24|         62|01:40:01|-0.12|0.25|1.0452|
|x|          5|         22|        389|-2.537704100e+26|         82|01:41:17|+0.12|0.34|0.8242|
|-|         14|         12|        389|-2.030163288e+26|        102|01:40:05|+0.04|0.23|0.8931|
|=|          2|         12|        389|-1.699869673e+26|        112|00:50:12|+0.13|0.27|0.7696|
|-|         11|          8|        397|-1.457003377e+26|        122|00:50:00|+0.04|0.18|0.8865|
|=|          4|          8|        397|-1.274877955e+26|        128|00:30:00|-0.00|0.12|0.9266|
|=|          1|          8|        389|-1.133246454e+26|        134|00:30:01|-0.03|0.08|0.9398|
|=|          3|          8|        397|-1.019902368e+26|        140|00:30:00|-0.04|0.06|0.9259|
|=|          9|          8|        397|-9.271839744e+25|        146|00:30:01|-0.02|0.08|0.9049|
|=|         13|          8|        410|-1.685979835e+26|        152|00:30:24|-0.01|0.07|0.8843|
|=|          7|          8|        410|-1.556289079e+26|        158|00:30:00|+0.00|0.08|0.8649|
|=|         10|          8|        397|-2.167371694e+26|        164|00:30:26|-0.01|0.07|0.8704|
|=|         12|          8|        397|-2.026200801e+26|        170|00:30:09|+0.03|0.09|0.8460|
|=|         16|          8|        397|-1.902546758e+26|        178|00:40:11|+0.00|0.07|0.8613|
+-+-----------+-----------+-----------+----------------+-----------+--------+-----+----+------+
Best-so-far configuration:         397    mean value: -1.902546758e+26
Description of the best-so-far configuration:
    .ID. population_size_factor crossover_probability crossover_distribution mutation_probability mutation_distribution .PARENT.
397  397                     25                  0.18                  13.44                 0.01                 81.44      393

# 2026-08-17 01:50:57 UTC: Elite configurations (first number is the configuration ID; listed from best to worst according to the sum of ranks):
    population_size_factor crossover_probability crossover_distribution mutation_probability mutation_distribution
397                     25                  0.18                  13.44                 0.01                 81.44
410                     27                  0.18                  13.78                 0.01                 80.58
393                     26                  0.18                  14.08                 0.01                 81.90
412                     26                  0.16                  17.94                 0.01                 81.03
# 2026-08-17 01:50:57 UTC: Iteration 7 of 7
# experimentsUsed: 2365
# remainingBudget: 135
# currentBudget: 135
# nbConfigurations: 11
# Markers:
     x No test is performed.
     c Configurations are discarded only due to capping.
     - The test is performed and some configurations are discarded.
     = The test is performed but no configuration is discarded.
     ! The test is performed and configurations could be discarded but elite configurations are preserved.
     . Alive configurations were already evaluated on this instance and nothing is discarded.
     : All alive configurations are elite, but some need to be evaluated on this instance.

+-+-----------+-----------+-----------+----------------+-----------+--------+-----+----+------+
| |   Instance|      Alive|       Best|       Mean best| Exp so far|  W time|  rho|KenW|  Qvar|
+-+-----------+-----------+-----------+----------------+-----------+--------+-----+----+------+
|x|         17|         11|        393|-1.117480000e+11|         11|00:55:00|   NA|  NA|    NA|
|x|          6|         11|        393|-1.120850000e+11|         18|00:35:00|+0.09|0.55|0.6799|
|x|          3|         11|        410|-1.116093333e+11|         25|00:35:00|-0.02|0.32|0.8758|
|x|         15|         11|        422|-1.109370000e+11|         32|00:35:00|+0.04|0.28|0.8069|
|=|          5|         11|        410|-2.016360000e+26|         39|00:35:28|-0.08|0.14|0.9401|
|=|          9|         11|        410|-1.680300006e+26|         46|00:35:01|-0.03|0.15|0.9225|
|=|          8|         11|        410|-1.447192191e+26|         53|00:35:08|-0.04|0.11|0.8944|
|=|         13|         11|        410|-2.522755667e+26|         60|00:35:26|+0.03|0.15|0.8324|
|=|          4|         11|        410|-2.242449482e+26|         67|00:35:00|+0.07|0.17|0.7826|
|-|          2|          7|        410|-2.023175794e+26|         74|00:35:08|-0.03|0.07|0.8758|
|=|         14|          7|        410|-1.839250725e+26|         77|00:15:00|+0.01|0.10|0.8502|
|=|         12|          7|        410|-1.690053215e+26|         80|00:15:04|+0.02|0.10|0.8565|
|=|         16|          7|        420|-1.545541091e+26|         83|00:15:04|+0.02|0.10|0.8531|
|=|          7|          7|        410|-1.452049163e+26|         86|00:15:00|+0.01|0.08|0.8640|
|=|         11|          7|        410|-1.355245886e+26|         89|00:15:00|+0.00|0.07|0.8773|
|=|          1|          7|        410|-1.270543020e+26|         92|00:15:00|-0.02|0.04|0.8908|
|=|         10|          7|        410|-1.783712842e+26|         95|00:15:13|-0.03|0.03|0.8954|
|=|         18|          7|        397|-1.691152676e+26|        102|00:35:02|-0.04|0.02|0.8950|
+-+-----------+-----------+-----------+----------------+-----------+--------+-----+----+------+
Best-so-far configuration:         397    mean value: -1.691152676e+26
Description of the best-so-far configuration:
    .ID. population_size_factor crossover_probability crossover_distribution mutation_probability mutation_distribution .PARENT.
397  397                     25                  0.18                  13.44                 0.01                 81.44      393

# 2026-08-17 10:22:41 UTC: Elite configurations (first number is the configuration ID; listed from best to worst according to the sum of ranks):
    population_size_factor crossover_probability crossover_distribution mutation_probability mutation_distribution
397                     25                  0.18                  13.44                 0.01                 81.44
410                     27                  0.18                  13.78                 0.01                 80.58
417                     26                  0.17                  13.01                 0.01                 81.57
420                     27                  0.18                  14.98                 0.01                 79.44
# 2026-08-17 10:22:41 UTC: Iteration 8 of 8
# experimentsUsed: 2467
# remainingBudget: 33
# currentBudget: 33
# nbConfigurations: 5
# Markers:
     x No test is performed.
     c Configurations are discarded only due to capping.
     - The test is performed and some configurations are discarded.
     = The test is performed but no configuration is discarded.
     ! The test is performed and configurations could be discarded but elite configurations are preserved.
     . Alive configurations were already evaluated on this instance and nothing is discarded.
     : All alive configurations are elite, but some need to be evaluated on this instance.

+-+-----------+-----------+-----------+----------------+-----------+--------+-----+----+------+
| |   Instance|      Alive|       Best|       Mean best| Exp so far|  W time|  rho|KenW|  Qvar|
+-+-----------+-----------+-----------+----------------+-----------+--------+-----+----+------+
|x|         19|          5|        423|-1.012600000e+27|          5|00:25:21|   NA|  NA|    NA|
|x|         12|          5|        423|-5.087743300e+26|          6|00:05:01|-0.50|0.25|1.2026|
|x|         16|          5|        420|-3.358649500e+26|          7|00:05:01|-0.13|0.24|0.7939|
|x|          5|          5|        423|-5.058264850e+26|          8|00:05:04|-0.25|0.06|0.9919|
|=|          3|          5|        420|-3.997487700e+26|          9|00:05:00|-0.17|0.06|0.8978|
|=|         18|          5|        420|-3.331239756e+26|         10|00:05:00|-0.14|0.05|0.9055|
|=|          6|          5|        397|-2.857196348e+26|         11|00:05:00|-0.11|0.05|0.9143|
|=|         17|          5|        423|-2.529132430e+26|         12|00:05:00|-0.10|0.03|0.8750|
|=|          1|          5|        423|-2.248117720e+26|         13|00:05:00|-0.07|0.05|0.8250|
|=|          8|          5|        410|-2.024327568e+26|         14|00:05:01|-0.08|0.03|0.8546|
|=|          9|          5|        410|-1.840297792e+26|         15|00:05:00|-0.07|0.03|0.8351|
|=|         14|          5|        410|-1.686939646e+26|         16|00:05:00|-0.07|0.02|0.8261|
|=|         11|          5|        423|-1.560066927e+26|         17|00:05:00|-0.05|0.03|0.8056|
|=|          7|          5|        410|-1.445948268e+26|         18|00:05:00|-0.03|0.04|0.8046|
|=|          2|          5|        410|-1.352865890e+26|         19|00:05:01|-0.01|0.06|0.7956|
|=|          4|          5|        410|-1.268311772e+26|         20|00:05:00|-0.03|0.04|0.8176|
|=|         15|          5|        423|-1.195844362e+26|         21|00:05:00|-0.04|0.02|0.8226|
|=|         10|          5|        397|-1.684422120e+26|         22|00:05:04|-0.05|0.01|0.8299|
|=|         13|          5|        410|-2.123111493e+26|         23|00:05:03|-0.04|0.02|0.8230|
|=|         20|          5|        423|-2.012559208e+26|         28|00:25:00|-0.03|0.02|0.8151|
+-+-----------+-----------+-----------+----------------+-----------+--------+-----+----+------+
Best-so-far configuration:         423    mean value: -2.012559208e+26
Description of the best-so-far configuration:
    .ID. population_size_factor crossover_probability crossover_distribution mutation_probability mutation_distribution .PARENT.
423  423                     25                  0.16                  13.47                 0.01                 82.91      417

# 2026-08-17 12:43:25 UTC: Elite configurations (first number is the configuration ID; listed from best to worst according to the sum of ranks):
    population_size_factor crossover_probability crossover_distribution mutation_probability mutation_distribution
423                     25                  0.16                  13.47                 0.01                 82.91
410                     27                  0.18                  13.78                 0.01                 80.58
397                     25                  0.18                  13.44                 0.01                 81.44
420                     27                  0.18                  14.98                 0.01                 79.44
# 2026-08-17 12:43:25 UTC: Stopped because there is not enough budget left to race more than the minimum (4).
# You may either increase the budget or set 'minNbSurvival' to a lower value.
# Iteration: 9
# nbIterations: 9
# experimentsUsed: 2495
# timeUsed: 0
# remainingBudget: 5
# currentBudget: 5
# number of elites: 4
# nbConfigurations: 4
# Total CPU user time: 734122, CPU sys time: 16681.69, Wall-clock time: 750829.3
# 2026-08-17 12:43:25 UTC: Starting post-selection:
# Configurations selected: 423, 410, 397, 420, 417.
# Pending instances: 0, 0, 0, 0, 0.
# 2026-08-17 12:43:25 UTC: seed: 1305210263
# Configurations: 5
# Available experiments: 5
# minSurvival: 1
# Markers:
     x No test is performed.
     c Configurations are discarded only due to capping.
     - The test is performed and some configurations are discarded.
     = The test is performed but no configuration is discarded.
     ! The test is performed and configurations could be discarded but elite configurations are preserved.
     . Alive configurations were already evaluated on this instance and nothing is discarded.
     : All alive configurations are elite, but some need to be evaluated on this instance.

+-+-----------+-----------+-----------+----------------+-----------+--------+-----+----+------+
| |   Instance|      Alive|       Best|       Mean best| Exp so far|  W time|  rho|KenW|  Qvar|
+-+-----------+-----------+-----------+----------------+-----------+--------+-----+----+------+
|.|         12|          5|        397|-4.980830000e+24|          0|00:00:00|   NA|  NA|    NA|
|.|          7|          5|        397|-2.490415131e+24|          0|00:00:00|+0.00|0.50|0.8255|
|.|         18|          5|        397|-1.660278014e+24|          0|00:00:00|+0.33|0.56|0.6187|
|.|          1|          5|        397|-1.245209455e+24|          0|00:00:00|+0.12|0.34|0.6690|
|.|         19|          5|        397|-1.970187676e+26|          0|00:00:00|+0.04|0.23|0.7832|
|.|          2|          5|        397|-1.650042913e+26|          0|00:00:00|+0.09|0.24|0.7586|
|.|         13|          5|        397|-2.831791068e+26|          0|00:00:00|+0.09|0.22|0.7534|
|.|          8|          5|        397|-2.483817747e+26|          0|00:00:00|+0.00|0.13|0.8240|
|.|          4|          5|        397|-2.207837998e+26|          0|00:00:00|-0.03|0.08|0.8530|
|.|          6|          5|        397|-1.987054198e+26|          0|00:00:00|-0.01|0.09|0.8330|
|.|         17|          5|        397|-1.806412907e+26|          0|00:00:00|+0.00|0.09|0.8146|
|.|          3|          5|        397|-1.655878498e+26|          0|00:00:00|-0.03|0.06|0.8283|
|.|         20|          5|        397|-1.528503229e+26|          0|00:00:00|-0.02|0.06|0.8136|
|.|         11|          5|        397|-1.419324428e+26|          0|00:00:00|-0.01|0.06|0.7972|
|.|          9|          5|        397|-1.324702802e+26|          0|00:00:00|-0.00|0.07|0.7873|
|.|          5|          5|        397|-1.873265127e+26|          0|00:00:00|+0.02|0.08|0.7711|
|.|         10|          5|        397|-2.364361296e+26|          0|00:00:00|+0.01|0.07|0.7849|
|.|         16|          5|        397|-2.235659896e+26|          0|00:00:00|-0.02|0.04|0.8061|
|.|         14|          5|        397|-2.117993587e+26|          0|00:00:00|-0.03|0.03|0.8112|
|.|         15|          5|        397|-2.012093908e+26|          0|00:00:00|-0.03|0.02|0.8151|
|=|         21|          5|        423|-1.916723056e+26|          5|00:25:00|-0.03|0.02|0.8094|
+-+-----------+-----------+-----------+----------------+-----------+--------+-----+----+------+
Best-so-far configuration:         423    mean value: -1.916723056e+26
Description of the best-so-far configuration:
    .ID. population_size_factor crossover_probability crossover_distribution mutation_probability mutation_distribution .PARENT.
423  423                     25                  0.16                  13.47                 0.01                 82.91      417

# 2026-08-17 13:08:25 UTC: Elite configurations (first number is the configuration ID; listed from best to worst according to the sum of ranks):
    population_size_factor crossover_probability crossover_distribution mutation_probability mutation_distribution
423                     25                  0.16                  13.47                 0.01                 82.91
410                     27                  0.18                  13.78                 0.01                 80.58
397                     25                  0.18                  13.44                 0.01                 81.44
420                     27                  0.18                  14.98                 0.01                 79.44
# Total CPU user time: 735606.6, CPU sys time: 16697.58, Wall-clock time: 752329.8
# Best configurations (first number is the configuration ID; listed from best to worst according to the sum of ranks):
    population_size_factor crossover_probability crossover_distribution mutation_probability mutation_distribution
423                     25                  0.16                  13.47                 0.01                 82.91
410                     27                  0.18                  13.78                 0.01                 80.58
397                     25                  0.18                  13.44                 0.01                 81.44
420                     27                  0.18                  14.98                 0.01                 79.44
# Best configurations as commandlines (first number is the configuration ID; listed from best to worst according to the sum of ranks):
423 --population-size-factor 25 --crossover-probability 0.16 --crossover-distribution 13.47 --mutation-probability 0.01 --mutation-distribution 82.91
410 --population-size-factor 27 --crossover-probability 0.18 --crossover-distribution 13.78 --mutation-probability 0.01 --mutation-distribution 80.58
397 --population-size-factor 25 --crossover-probability 0.18 --crossover-distribution 13.44 --mutation-probability 0.01 --mutation-distribution 81.44
420 --population-size-factor 27 --crossover-probability 0.18 --crossover-distribution 14.98 --mutation-probability 0.01 --mutation-distribution 79.44


# Testing of elite configurations: 1 
# Testing iteration configurations: FALSE 
# 2026-08-17 13:08:25 UTC: No test instances, skip testing
