#------------------------------------------------------------------------------
# irace: An implementation in R of (Elitist) Iterated Racing
# Version: 4.4.3.dd8d85f
# Copyright (C) 2010-2025
# Manuel Lopez-Ibanez     <manuel.lopez-ibanez@manchester.ac.uk>
# Jeremie Dubois-Lacoste
# Leslie Perez Caceres    <leslie.perez.caceres@ulb.ac.be>
#
# This is free software, and you are welcome to redistribute it under certain
# conditions.  See the GNU General Public License for details. There is NO
# WARRANTY; not even for MERCHANTABILITY or FITNESS FOR A PARTICULAR PURPOSE.
#
# irace builds upon previous code from the race package:
#     race: Racing methods for the selection of the best
#     Copyright (C) 2003 Mauro Birattari
#------------------------------------------------------------------------------
# installed at: /usr/local/lib/R/site-library/irace
# called with: --scenario nsga3-scenario.txt
# 2026-08-08 20:09:35 UTC: Reading parameter file '/home/luishpmendes/motsp_irace/irace/nsga3-parameters.txt'.
# 2026-08-08 20:09:35 UTC: 1 expression(s) specifying forbidden configurations read.
# 2026-08-08 20:09:35 UTC: Initialization
# Elitist race
# Elitist new instances: 1
# Elitist limit: 2
# nbIterations: 4
# minNbSurvival: 4
# nbParameters: 7
# seed: 1533768263
# confidence level: 0.95
# budget: 2500
# mu: 5
# deterministic: FALSE

# 2026-08-08 20:09:35 UTC: Iteration 1 of 4
# experimentsUsed: 0
# remainingBudget: 2500
# currentBudget: 625
# nbConfigurations: 104
# Markers:
     x No test is performed.
     c Configurations are discarded only due to capping.
     - The test is performed and some configurations are discarded.
     = The test is performed but no configuration is discarded.
     ! The test is performed and configurations could be discarded but elite configurations are preserved.
     . Alive configurations were already evaluated on this instance and nothing is discarded.
     : All alive configurations are elite, but some need to be evaluated on this instance.

+-+-----------+-----------+-----------+----------------+-----------+--------+-----+----+------+
| |   Instance|      Alive|       Best|       Mean best| Exp so far|  W time|  rho|KenW|  Qvar|
+-+-----------+-----------+-----------+----------------+-----------+--------+-----+----+------+
|x|          1|        104|         48|-4.032580000e+24|        104|08:40:37|   NA|  NA|    NA|
|x|          2|        104|         62|-1.813255000e+24|        208|08:40:05|+0.60|0.80|0.4088|
|x|          3|        104|         62|-2.842938367e+26|        312|08:45:29|+0.62|0.75|0.3341|
|x|          4|        104|         48|-2.175313958e+26|        416|08:40:20|+0.68|0.76|0.2734|
|-|          5|         18|         48|-1.740251167e+26|        520|08:40:09|+0.58|0.66|0.3974|
|-|          6|          3|         48|-2.896642639e+26|        538|01:31:05|+0.03|0.19|0.6080|
+-+-----------+-----------+-----------+----------------+-----------+--------+-----+----+------+
Best-so-far configuration:          48    mean value: -2.896642639e+26
Description of the best-so-far configuration:
   .ID. population_size_factor crossover_probability crossover_distribution mutation_probability mutation_distribution divisions divisions_inner .PARENT.
48   48                     30                  0.64                  90.22                 0.01                 57.72         4               1       NA

# 2026-08-10 17:07:24 UTC: Elite configurations (first number is the configuration ID; listed from best to worst according to the sum of ranks):
   population_size_factor crossover_probability crossover_distribution mutation_probability mutation_distribution divisions divisions_inner
48                     30                  0.64                  90.22                 0.01                 57.72         4               1
62                     94                  0.19                  52.71                 0.02                 30.93         9               1
36                     96                  0.98                  44.28                 0.05                 48.54         4               4
# 2026-08-10 17:07:24 UTC: Iteration 2 of 4
# experimentsUsed: 538
# remainingBudget: 1962
# currentBudget: 654
# nbConfigurations: 96
# Markers:
     x No test is performed.
     c Configurations are discarded only due to capping.
     - The test is performed and some configurations are discarded.
     = The test is performed but no configuration is discarded.
     ! The test is performed and configurations could be discarded but elite configurations are preserved.
     . Alive configurations were already evaluated on this instance and nothing is discarded.
     : All alive configurations are elite, but some need to be evaluated on this instance.

+-+-----------+-----------+-----------+----------------+-----------+--------+-----+----+------+
| |   Instance|      Alive|       Best|       Mean best| Exp so far|  W time|  rho|KenW|  Qvar|
+-+-----------+-----------+-----------+----------------+-----------+--------+-----+----+------+
|x|          7|         96|        149|-3.759970000e+18|         96|08:00:21|   NA|  NA|    NA|
|x|          3|         96|        149|-4.341765019e+26|        189|07:50:06|+0.89|0.94|0.0790|
|x|          6|         96|        149|-5.806813346e+26|        282|07:50:08|+0.91|0.94|0.0569|
|x|          5|         96|        149|-4.355110010e+26|        375|07:45:09|+0.83|0.87|0.1356|
|-|          1|         13|        149|-3.491807888e+26|        468|07:45:45|+0.55|0.64|0.4720|
|-|          4|          4|        149|-2.909839912e+26|        478|00:50:03|+0.52|0.60|0.4335|
+-+-----------+-----------+-----------+----------------+-----------+--------+-----+----+------+
Best configuration for the instances in this race: 149
Best-so-far configuration:          48    mean value: -2.482836553e+26
Description of the best-so-far configuration:
   .ID. population_size_factor crossover_probability crossover_distribution mutation_probability mutation_distribution divisions divisions_inner .PARENT.
48   48                     30                  0.64                  90.22                 0.01                 57.72         4               1       NA

# 2026-08-12 09:09:00 UTC: Elite configurations (first number is the configuration ID; listed from best to worst according to the sum of ranks):
    population_size_factor crossover_probability crossover_distribution mutation_probability mutation_distribution divisions divisions_inner
48                      30                  0.64                  90.22                 0.01                 57.72         4               1
62                      94                  0.19                  52.71                 0.02                 30.93         9               1
36                      96                  0.98                  44.28                 0.05                 48.54         4               4
149                     40                  0.68                  94.06                 0.01                 85.09         6               1
# 2026-08-12 09:09:00 UTC: Iteration 3 of 4
# experimentsUsed: 1016
# remainingBudget: 1484
# currentBudget: 742
# nbConfigurations: 96
# Markers:
     x No test is performed.
     c Configurations are discarded only due to capping.
     - The test is performed and some configurations are discarded.
     = The test is performed but no configuration is discarded.
     ! The test is performed and configurations could be discarded but elite configurations are preserved.
     . Alive configurations were already evaluated on this instance and nothing is discarded.
     : All alive configurations are elite, but some need to be evaluated on this instance.

+-+-----------+-----------+-----------+----------------+-----------+--------+-----+----+------+
| |   Instance|      Alive|       Best|       Mean best| Exp so far|  W time|  rho|KenW|  Qvar|
+-+-----------+-----------+-----------+----------------+-----------+--------+-----+----+------+
|x|          8|         96|        229|-2.673150000e+17|         96|08:00:10|   NA|  NA|    NA|
|x|          3|         96|        229|-4.609165001e+26|        188|07:45:31|+0.74|0.87|0.2348|
|x|          6|         96|        229|-6.005070001e+26|        280|07:45:28|+0.83|0.89|0.1613|
|x|          5|         96|        229|-4.503802501e+26|        372|07:40:09|+0.82|0.87|0.1664|
|-|          7|         14|        229|-3.603042010e+26|        464|07:40:21|+0.35|0.48|0.5090|
|-|          1|          6|        229|-3.012126958e+26|        474|00:50:11|+0.57|0.64|0.3550|
|-|          4|          4|        229|-2.581823113e+26|        476|00:10:00|+0.71|0.76|0.2330|
+-+-----------+-----------+-----------+----------------+-----------+--------+-----+----+------+
Best configuration for the instances in this race: 229
Best-so-far configuration:          48    mean value: -2.172481985e+26
Description of the best-so-far configuration:
   .ID. population_size_factor crossover_probability crossover_distribution mutation_probability mutation_distribution divisions divisions_inner .PARENT.
48   48                     30                  0.64                  90.22                 0.01                 57.72         4               1       NA

# 2026-08-14 01:00:53 UTC: Elite configurations (first number is the configuration ID; listed from best to worst according to the sum of ranks):
    population_size_factor crossover_probability crossover_distribution mutation_probability mutation_distribution divisions divisions_inner
48                      30                  0.64                  90.22                 0.01                 57.72         4               1
62                      94                  0.19                  52.71                 0.02                 30.93         9               1
36                      96                  0.98                  44.28                 0.05                 48.54         4               4
229                     93                  0.99                  48.31                 0.01                 31.92         4               4
# 2026-08-14 01:00:53 UTC: Iteration 4 of 4
# experimentsUsed: 1492
# remainingBudget: 1008
# currentBudget: 1008
# nbConfigurations: 115
# Markers:
     x No test is performed.
     c Configurations are discarded only due to capping.
     - The test is performed and some configurations are discarded.
     = The test is performed but no configuration is discarded.
     ! The test is performed and configurations could be discarded but elite configurations are preserved.
     . Alive configurations were already evaluated on this instance and nothing is discarded.
     : All alive configurations are elite, but some need to be evaluated on this instance.

+-+-----------+-----------+-----------+----------------+-----------+--------+-----+----+------+
| |   Instance|      Alive|       Best|       Mean best| Exp so far|  W time|  rho|KenW|  Qvar|
+-+-----------+-----------+-----------+----------------+-----------+--------+-----+----+------+
|x|          9|        115|        348|-1.172050000e+11|        115|09:35:07|   NA|  NA|    NA|
|x|          1|        115|        332|-1.854270000e+24|        226|09:16:14|+0.41|0.71|0.7458|
|x|          5|        115|        229|-1.918390097e+24|        337|09:15:12|+0.55|0.70|0.5194|
|x|          8|        115|        229|-1.438792640e+24|        448|09:15:12|+0.65|0.73|0.4025|
|-|          3|         24|        229|-1.855176341e+26|        559|09:21:57|+0.10|0.28|0.7426|
|-|          7|         10|        229|-1.545980291e+26|        579|01:40:05|+0.23|0.36|0.6498|
|-|          6|          6|        229|-2.581823107e+26|        585|00:30:22|+0.39|0.48|0.4989|
|=|          2|          6|        229|-2.259095218e+26|        588|00:15:00|+0.17|0.27|0.7044|
|-|          4|          2|        229|-2.008084643e+26|        590|00:10:00|+0.22|0.31|0.3889|
+-+-----------+-----------+-----------+----------------+-----------+--------+-----+----+------+
Best-so-far configuration:         229    mean value: -2.008084643e+26
Description of the best-so-far configuration:
    .ID. population_size_factor crossover_probability crossover_distribution mutation_probability mutation_distribution divisions divisions_inner .PARENT.
229  229                     93                  0.99                  48.31                 0.01                 31.92         4               4       36

# 2026-08-16 02:20:06 UTC: Elite configurations (first number is the configuration ID; listed from best to worst according to the sum of ranks):
    population_size_factor crossover_probability crossover_distribution mutation_probability mutation_distribution divisions divisions_inner
229                     93                  0.99                  48.31                 0.01                 31.92         4               4
362                     94                  0.98                  42.91                 0.01                 54.95         5               4
# 2026-08-16 02:20:06 UTC: Iteration 5 of 5
# experimentsUsed: 2082
# remainingBudget: 418
# currentBudget: 418
# nbConfigurations: 43
# Markers:
     x No test is performed.
     c Configurations are discarded only due to capping.
     - The test is performed and some configurations are discarded.
     = The test is performed but no configuration is discarded.
     ! The test is performed and configurations could be discarded but elite configurations are preserved.
     . Alive configurations were already evaluated on this instance and nothing is discarded.
     : All alive configurations are elite, but some need to be evaluated on this instance.

+-+-----------+-----------+-----------+----------------+-----------+--------+-----+----+------+
| |   Instance|      Alive|       Best|       Mean best| Exp so far|  W time|  rho|KenW|  Qvar|
+-+-----------+-----------+-----------+----------------+-----------+--------+-----+----+------+
|x|         10|         43|        424|-5.944070000e+24|         43|03:35:18|   NA|  NA|    NA|
|x|          4|         43|        424|-2.972037118e+24|         84|03:25:09|+0.96|0.98|0.0518|
|x|          2|         43|        429|-1.813141369e+24|        125|03:25:02|+0.13|0.42|0.8848|
|x|          9|         43|        424|-1.486018559e+24|        166|03:25:02|+0.04|0.28|0.9345|
|-|          8|         21|        424|-1.188814903e+24|        207|03:25:04|-0.06|0.15|1.0047|
|=|          1|         21|        424|-1.976145752e+24|        226|01:35:07|+0.03|0.19|0.9284|
|-|          7|         10|        424|-1.693839821e+24|        245|01:35:04|+0.13|0.26|0.8082|
|-|          6|          6|        424|-1.102937348e+26|        253|00:40:29|+0.09|0.21|0.7406|
|-|          3|          4|        424|-1.973726532e+26|        257|00:20:12|+0.24|0.32|0.5912|
+-+-----------+-----------+-----------+----------------+-----------+--------+-----+----+------+
Best configuration for the instances in this race: 424
Best-so-far configuration:         229    mean value: -1.813091599e+26
Description of the best-so-far configuration:
    .ID. population_size_factor crossover_probability crossover_distribution mutation_probability mutation_distribution divisions divisions_inner .PARENT.
229  229                     93                  0.99                  48.31                 0.01                 31.92         4               4       36

# 2026-08-16 23:46:38 UTC: Elite configurations (first number is the configuration ID; listed from best to worst according to the sum of ranks):
    population_size_factor crossover_probability crossover_distribution mutation_probability mutation_distribution divisions divisions_inner
229                     93                  0.99                  48.31                 0.01                 31.92         4               4
362                     94                  0.98                  42.91                 0.01                 54.95         5               4
424                     96                  0.98                  45.35                 0.01                 26.81         4               4
419                     96                  0.97                  49.38                 0.01                 26.69         4               4
# 2026-08-16 23:46:38 UTC: Iteration 6 of 6
# experimentsUsed: 2339
# remainingBudget: 161
# currentBudget: 161
# nbConfigurations: 18
# Markers:
     x No test is performed.
     c Configurations are discarded only due to capping.
     - The test is performed and some configurations are discarded.
     = The test is performed but no configuration is discarded.
     ! The test is performed and configurations could be discarded but elite configurations are preserved.
     . Alive configurations were already evaluated on this instance and nothing is discarded.
     : All alive configurations are elite, but some need to be evaluated on this instance.

+-+-----------+-----------+-----------+----------------+-----------+--------+-----+----+------+
| |   Instance|      Alive|       Best|       Mean best| Exp so far|  W time|  rho|KenW|  Qvar|
+-+-----------+-----------+-----------+----------------+-----------+--------+-----+----+------+
|x|         11|         18|        445|-1.171110000e+11|         18|01:30:01|   NA|  NA|    NA|
|x|          4|         18|        424|-2.118135057e+18|         32|01:10:03|+0.08|0.54|0.8282|
|x|          1|         18|        424|-1.970934745e+24|         46|01:10:05|+0.39|0.59|0.5869|
|x|          3|         18|        424|-2.249792011e+26|         60|01:10:48|+0.51|0.63|0.4770|
|-|          8|          8|        424|-1.799833609e+26|         74|01:10:01|+0.08|0.26|0.8352|
|=|         10|          8|        424|-1.509768124e+26|         78|00:20:01|+0.17|0.31|0.7275|
|=|          6|          8|        424|-2.537648392e+26|         82|00:20:12|+0.16|0.28|0.7487|
|-|          9|          5|        424|-2.220442343e+26|         86|00:20:00|+0.18|0.28|0.6755|
|-|          2|          4|        424|-1.973726527e+26|         87|00:05:00|+0.24|0.32|0.5916|
|.|          7|          4|        424|-1.776353879e+26|         87|00:00:00|+0.27|0.34|0.5548|
+-+-----------+-----------+-----------+----------------+-----------+--------+-----+----+------+
Best configuration for the instances in this race: 424
Best-so-far configuration:         229    mean value: -1.648265090e+26
Description of the best-so-far configuration:
    .ID. population_size_factor crossover_probability crossover_distribution mutation_probability mutation_distribution divisions divisions_inner .PARENT.
229  229                     93                  0.99                  48.31                 0.01                 31.92         4               4       36

# 2026-08-17 07:02:52 UTC: Elite configurations (first number is the configuration ID; listed from best to worst according to the sum of ranks):
    population_size_factor crossover_probability crossover_distribution mutation_probability mutation_distribution divisions divisions_inner
229                     93                  0.99                  48.31                 0.01                 31.92         4               4
362                     94                  0.98                  42.91                 0.01                 54.95         5               4
424                     96                  0.98                  45.35                 0.01                 26.81         4               4
419                     96                  0.97                  49.38                 0.01                 26.69         4               4
# 2026-08-17 07:02:52 UTC: Iteration 7 of 7
# experimentsUsed: 2426
# remainingBudget: 74
# currentBudget: 74
# nbConfigurations: 9
# Markers:
     x No test is performed.
     c Configurations are discarded only due to capping.
     - The test is performed and some configurations are discarded.
     = The test is performed but no configuration is discarded.
     ! The test is performed and configurations could be discarded but elite configurations are preserved.
     . Alive configurations were already evaluated on this instance and nothing is discarded.
     : All alive configurations are elite, but some need to be evaluated on this instance.

+-+-----------+-----------+-----------+----------------+-----------+--------+-----+----+------+
| |   Instance|      Alive|       Best|       Mean best| Exp so far|  W time|  rho|KenW|  Qvar|
+-+-----------+-----------+-----------+----------------+-----------+--------+-----+----+------+
|x|         12|          9|        229|-9.136240000e+26|          9|00:45:30|   NA|  NA|    NA|
|x|         11|          9|        229|-4.568120000e+26|         14|00:25:00|-0.13|0.43|1.0976|
|x|          6|          9|        459|-5.958670000e+26|         19|00:25:15|+0.11|0.41|0.8597|
|x|          7|          9|        229|-4.483280011e+26|         24|00:25:01|+0.34|0.51|0.6608|
|-|          8|          7|        424|-3.500268009e+26|         29|00:25:00|-0.08|0.13|0.9109|
|=|         10|          7|        424|-2.926796791e+26|         32|00:15:01|+0.05|0.21|0.7853|
|=|          3|          7|        424|-3.785831535e+26|         35|00:15:10|+0.13|0.25|0.7003|
|-|          1|          5|        424|-3.319993593e+26|         38|00:15:01|+0.06|0.18|0.7535|
|=|          2|          5|        424|-2.951105416e+26|         39|00:05:00|+0.11|0.20|0.7522|
|!|          9|          5|        424|-2.655994875e+26|         40|00:05:00|+0.17|0.25|0.7070|
|-|          4|          4|        424|-2.414540799e+26|         41|00:05:00|+0.26|0.33|0.5922|
+-+-----------+-----------+-----------+----------------+-----------+--------+-----+----+------+
Best configuration for the instances in this race: 424
Best-so-far configuration:         229    mean value: -2.272262999e+26
Description of the best-so-far configuration:
    .ID. population_size_factor crossover_probability crossover_distribution mutation_probability mutation_distribution divisions divisions_inner .PARENT.
229  229                     93                  0.99                  48.31                 0.01                 31.92         4               4       36

# 2026-08-17 10:28:53 UTC: Elite configurations (first number is the configuration ID; listed from best to worst according to the sum of ranks):
    population_size_factor crossover_probability crossover_distribution mutation_probability mutation_distribution divisions divisions_inner
229                     93                  0.99                  48.31                 0.01                 31.92         4               4
362                     94                  0.98                  42.91                 0.01                 54.95         5               4
424                     96                  0.98                  45.35                 0.01                 26.81         4               4
459                     95                  0.99                  45.21                 0.01                 26.93         4               4
# 2026-08-17 10:28:53 UTC: Iteration 8 of 8
# experimentsUsed: 2467
# remainingBudget: 33
# currentBudget: 33
# nbConfigurations: 6
# Markers:
     x No test is performed.
     c Configurations are discarded only due to capping.
     - The test is performed and some configurations are discarded.
     = The test is performed but no configuration is discarded.
     ! The test is performed and configurations could be discarded but elite configurations are preserved.
     . Alive configurations were already evaluated on this instance and nothing is discarded.
     : All alive configurations are elite, but some need to be evaluated on this instance.

+-+-----------+-----------+-----------+----------------+-----------+--------+-----+----+------+
| |   Instance|      Alive|       Best|       Mean best| Exp so far|  W time|  rho|KenW|  Qvar|
+-+-----------+-----------+-----------+----------------+-----------+--------+-----+----+------+
|x|         13|          6|        229|-5.975500000e+24|          6|00:30:02|   NA|  NA|    NA|
|x|         10|          6|        424|-5.958085000e+24|          8|00:10:00|+0.71|0.86|0.0127|
|x|         12|          6|        229|-3.084716400e+26|         10|00:10:07|+0.77|0.85|0.0691|
|x|         11|          6|        424|-2.228892925e+26|         12|00:10:00|+0.76|0.82|0.1235|
|-|          8|          4|        424|-1.783114341e+26|         14|00:10:00|+0.26|0.41|0.4902|
|.|          7|          4|        424|-1.485928624e+26|         14|00:00:00|+0.32|0.43|0.4273|
|.|          3|          4|        424|-2.550801678e+26|         14|00:00:00|+0.31|0.41|0.4576|
|.|          6|          4|        424|-3.320067718e+26|         14|00:00:00|+0.08|0.19|0.6535|
|.|          4|          4|        424|-2.951171310e+26|         14|00:00:00|+0.11|0.20|0.6504|
|.|          1|          4|        424|-2.661966979e+26|         14|00:00:00|+0.17|0.25|0.6070|
+-+-----------+-----------+-----------+----------------+-----------+--------+-----+----+------+
Best configuration for the instances in this race: 424
Best-so-far configuration:         229    mean value: -2.102070076e+26
Description of the best-so-far configuration:
    .ID. population_size_factor crossover_probability crossover_distribution mutation_probability mutation_distribution divisions divisions_inner .PARENT.
229  229                     93                  0.99                  48.31                 0.01                 31.92         4               4       36

# 2026-08-17 11:39:03 UTC: Elite configurations (first number is the configuration ID; listed from best to worst according to the sum of ranks):
    population_size_factor crossover_probability crossover_distribution mutation_probability mutation_distribution divisions divisions_inner
229                     93                  0.99                  48.31                 0.01                 31.92         4               4
362                     94                  0.98                  42.91                 0.01                 54.95         5               4
424                     96                  0.98                  45.35                 0.01                 26.81         4               4
459                     95                  0.99                  45.21                 0.01                 26.93         4               4
# 2026-08-17 11:39:03 UTC: Iteration 9 of 9
# experimentsUsed: 2481
# remainingBudget: 19
# currentBudget: 19
# nbConfigurations: 5
# Markers:
     x No test is performed.
     c Configurations are discarded only due to capping.
     - The test is performed and some configurations are discarded.
     = The test is performed but no configuration is discarded.
     ! The test is performed and configurations could be discarded but elite configurations are preserved.
     . Alive configurations were already evaluated on this instance and nothing is discarded.
     : All alive configurations are elite, but some need to be evaluated on this instance.

+-+-----------+-----------+-----------+----------------+-----------+--------+-----+----+------+
| |   Instance|      Alive|       Best|       Mean best| Exp so far|  W time|  rho|KenW|  Qvar|
+-+-----------+-----------+-----------+----------------+-----------+--------+-----+----+------+
|x|         14|          5|        463|-2.747420000e+17|          5|00:25:00|   NA|  NA|    NA|
|x|          8|          5|        463|-2.792420000e+17|          6|00:05:00|+0.30|0.65|0.5292|
|x|          2|          5|        463|-1.861613719e+17|          7|00:05:00|+0.47|0.64|0.3916|
|x|         12|          5|        459|-2.260395001e+26|          8|00:05:03|+0.12|0.34|0.7314|
|=|          6|          5|        459|-3.575202001e+26|          9|00:05:03|-0.08|0.14|0.9149|
|=|          3|          5|        459|-4.454981668e+26|         10|00:05:03|-0.10|0.08|0.8969|
|=|         11|          5|        459|-3.818555715e+26|         11|00:05:00|-0.03|0.12|0.8204|
|=|          1|          5|        424|-3.312563501e+26|         12|00:05:00|+0.04|0.16|0.7753|
|=|          5|          5|        229|-3.023222412e+26|         15|00:15:00|+0.11|0.20|0.7362|
|-|          4|          4|        459|-2.678718835e+26|         16|00:05:00|+0.19|0.27|0.6153|
|.|         10|          4|        459|-2.440513277e+26|         16|00:00:00|+0.23|0.30|0.5763|
|.|         13|          4|        459|-2.241895196e+26|         16|00:00:00|+0.20|0.27|0.5717|
|.|          9|          4|        459|-2.069441719e+26|         16|00:00:00|+0.24|0.30|0.5480|
|.|          7|          4|        459|-1.921624457e+26|         16|00:00:00|+0.27|0.32|0.5269|
+-+-----------+-----------+-----------+----------------+-----------+--------+-----+----+------+
Best configuration for the instances in this race: 459
Best-so-far configuration:         424    mean value: -1.901404985e+26
Description of the best-so-far configuration:
    .ID. population_size_factor crossover_probability crossover_distribution mutation_probability mutation_distribution divisions divisions_inner .PARENT.
424  424                     96                  0.98                  45.35                 0.01                 26.81         4               4      229

# 2026-08-17 12:59:15 UTC: Elite configurations (first number is the configuration ID; listed from best to worst according to the sum of ranks):
    population_size_factor crossover_probability crossover_distribution mutation_probability mutation_distribution divisions divisions_inner
424                     96                  0.98                  45.35                 0.01                 26.81         4               4
229                     93                  0.99                  48.31                 0.01                 31.92         4               4
459                     95                  0.99                  45.21                 0.01                 26.93         4               4
362                     94                  0.98                  42.91                 0.01                 54.95         5               4
# 2026-08-17 12:59:15 UTC: Stopped because there is not enough budget left to race more than the minimum (4).
# You may either increase the budget or set 'minNbSurvival' to a lower value.
# Iteration: 10
# nbIterations: 10
# experimentsUsed: 2497
# timeUsed: 0
# remainingBudget: 3
# currentBudget: 3
# number of elites: 4
# nbConfigurations: 4
# Total CPU user time: 746787.3, CPU sys time: 4974.545, Wall-clock time: 751780.2
# 2026-08-17 12:59:15 UTC: Starting post-selection:
# Configurations selected: 424, 229, 459.
# Pending instances: 0, 0, 0.
# 2026-08-17 12:59:16 UTC: seed: 1533768263
# Configurations: 3
# Available experiments: 3
# minSurvival: 1
# Markers:
     x No test is performed.
     c Configurations are discarded only due to capping.
     - The test is performed and some configurations are discarded.
     = The test is performed but no configuration is discarded.
     ! The test is performed and configurations could be discarded but elite configurations are preserved.
     . Alive configurations were already evaluated on this instance and nothing is discarded.
     : All alive configurations are elite, but some need to be evaluated on this instance.

+-+-----------+-----------+-----------+----------------+-----------+--------+-----+----+------+
| |   Instance|      Alive|       Best|       Mean best| Exp so far|  W time|  rho|KenW|  Qvar|
+-+-----------+-----------+-----------+----------------+-----------+--------+-----+----+------+
|.|         11|          3|        424|-1.146940000e+11|          0|00:00:00|   NA|  NA|    NA|
|.|          4|          3|        424|-2.118135057e+18|          0|00:00:00|+0.50|0.75|0.1719|
|.|          2|          3|        424|-1.412090076e+18|          0|00:00:00|+0.67|0.78|0.1032|
|.|         14|          3|        424|-1.126583307e+18|          0|00:00:00|+0.00|0.25|0.5078|
|.|         10|          3|        424|-1.188814901e+24|          0|00:00:00|+0.10|0.28|0.5665|
|.|          7|          3|        424|-9.906797904e+23|          0|00:00:00|-0.10|0.08|0.6985|
|.|          3|          3|        424|-1.285640112e+26|          0|00:00:00|-0.14|0.02|0.7564|
|.|          6|          3|        424|-2.213051348e+26|          0|00:00:00|-0.12|0.02|0.7423|
|.|         12|          3|        424|-2.944535643e+26|          0|00:00:00|-0.11|0.01|0.7262|
|.|          8|          3|        424|-2.650082079e+26|          0|00:00:00|-0.10|0.01|0.7274|
|.|         13|          3|        424|-2.414594708e+26|          0|00:00:00|-0.10|0.00|0.7321|
|.|          9|          3|        424|-2.213378483e+26|          0|00:00:00|-0.08|0.01|0.7209|
|.|          5|          3|        424|-2.043118599e+26|          0|00:00:00|-0.08|0.01|0.7194|
|.|          1|          3|        424|-1.901404985e+26|          0|00:00:00|-0.06|0.02|0.7077|
|=|         15|          3|        424|-1.774644656e+26|          3|00:15:00|-0.07|0.00|0.7048|
+-+-----------+-----------+-----------+----------------+-----------+--------+-----+----+------+
Best-so-far configuration:         424    mean value: -1.774644656e+26
Description of the best-so-far configuration:
    .ID. population_size_factor crossover_probability crossover_distribution mutation_probability mutation_distribution divisions divisions_inner .PARENT.
424  424                     96                  0.98                  45.35                 0.01                 26.81         4               4      229

# 2026-08-17 13:14:16 UTC: Elite configurations (first number is the configuration ID; listed from best to worst according to the sum of ranks):
    population_size_factor crossover_probability crossover_distribution mutation_probability mutation_distribution divisions divisions_inner
424                     96                  0.98                  45.35                 0.01                 26.81         4               4
229                     93                  0.99                  48.31                 0.01                 31.92         4               4
459                     95                  0.99                  45.21                 0.01                 26.93         4               4
# Total CPU user time: 747687.6, CPU sys time: 4974.716, Wall-clock time: 752680.7
# Best configurations (first number is the configuration ID; listed from best to worst according to the sum of ranks):
    population_size_factor crossover_probability crossover_distribution mutation_probability mutation_distribution divisions divisions_inner
424                     96                  0.98                  45.35                 0.01                 26.81         4               4
229                     93                  0.99                  48.31                 0.01                 31.92         4               4
459                     95                  0.99                  45.21                 0.01                 26.93         4               4
# Best configurations as commandlines (first number is the configuration ID; listed from best to worst according to the sum of ranks):
424 --population-size-factor 96 --crossover-probability 0.98 --crossover-distribution 45.35 --mutation-probability 0.01 --mutation-distribution 26.81 --divisions 4 --divisions-inner 4
229 --population-size-factor 93 --crossover-probability 0.99 --crossover-distribution 48.31 --mutation-probability 0.01 --mutation-distribution 31.92 --divisions 4 --divisions-inner 4
459 --population-size-factor 95 --crossover-probability 0.99 --crossover-distribution 45.21 --mutation-probability 0.01 --mutation-distribution 26.93 --divisions 4 --divisions-inner 4


# Testing of elite configurations: 1 
# Testing iteration configurations: FALSE 
# 2026-08-17 13:14:16 UTC: No test instances, skip testing
